checking for gcc... gcc
checking whether the C compiler works... yes
checking for C compiler default output file name... a.out
checking for suffix of executables... 
checking whether we are cross compiling... no
checking for suffix of object files... o
checking whether the compiler supports GNU C... yes
checking whether gcc accepts -g... yes
checking for gcc option to enable C11 features... none needed
checking whether gcc understands -c and -o together... yes
checking for stdio.h... yes
checking for stdlib.h... yes
checking for string.h... yes
checking for inttypes.h... yes
checking for stdint.h... yes
checking for strings.h... yes
checking for sys/stat.h... yes
checking for sys/types.h... yes
checking for unistd.h... yes
checking for wchar.h... yes
checking for minix/config.h... no
checking whether it is safe to define __EXTENSIONS__... yes
checking whether _XOPEN_SOURCE should be defined... no
configure: builddir: /labhome/faderholdt/ucc-baseline-558
configure: srcdir: /labhome/faderholdt/ucc-baseline-558
checking for a BSD-compatible install... /usr/bin/install -c
checking whether build environment is sane... yes
checking for a race-free mkdir -p... /usr/bin/mkdir -p
checking for gawk... gawk
checking whether make sets $(MAKE)... yes
checking whether make supports the include directive... yes (GNU style)
checking whether make supports nested variables... yes
checking whether UID '41902' is supported by ustar format... yes
checking whether GID '30' is supported by ustar format... yes
checking how to create a ustar tar archive... gnutar
checking dependency style of gcc... gcc3
checking whether make supports nested variables... (cached) yes
checking whether to enable maintainer-specific portions of Makefiles... no
configure: git sha: 
checking for gcc... (cached) gcc
checking whether the compiler supports GNU C... (cached) yes
checking whether gcc accepts -g... (cached) yes
checking for gcc option to enable C11 features... (cached) none needed
checking whether gcc understands -c and -o together... (cached) yes
checking for g++... g++
checking whether the compiler supports GNU C++... yes
checking whether g++ accepts -g... yes
checking for g++ option to enable C++11 features... none needed
checking dependency style of g++... gcc3
checking dependency style of gcc... gcc3
checking whether ln -s works... yes
checking build system type... x86_64-pc-linux-gnu
checking host system type... x86_64-pc-linux-gnu
checking how to print strings... printf
checking for a sed that does not truncate output... /usr/bin/sed
checking for grep that handles long lines and -e... /usr/bin/grep
checking for egrep... /usr/bin/grep -E
checking for fgrep... /usr/bin/grep -F
checking for ld used by gcc... /usr/bin/ld
checking if the linker (/usr/bin/ld) is GNU ld... yes
checking for BSD- or MS-compatible name lister (nm)... /usr/bin/nm -B
checking the name lister (/usr/bin/nm -B) interface... BSD nm
checking the maximum length of command line arguments... 1572864
checking how to convert x86_64-pc-linux-gnu file names to x86_64-pc-linux-gnu format... func_convert_file_noop
checking how to convert x86_64-pc-linux-gnu file names to toolchain format... func_convert_file_noop
checking for /usr/bin/ld option to reload object files... -r
checking for objdump... objdump
checking how to recognize dependent libraries... pass_all
checking for dlltool... no
checking how to associate runtime and link libraries... printf %s\n
checking for ar... ar
checking for archiver @FILE support... @
checking for strip... strip
checking for ranlib... ranlib
checking command to parse /usr/bin/nm -B output from gcc object... ok
checking for sysroot... no
checking for a working dd... /usr/bin/dd
checking how to truncate binary pipes... /usr/bin/dd bs=4096 count=1
checking for mt... mt
checking if mt is a manifest tool... no
checking for dlfcn.h... yes
checking for objdir... .libs
checking if gcc supports -fno-rtti -fno-exceptions... no
checking for gcc option to produce PIC... -fPIC -DPIC
checking if gcc PIC flag -fPIC -DPIC works... yes
checking if gcc static flag -static works... yes
checking if gcc supports -c -o file.o... yes
checking if gcc supports -c -o file.o... (cached) yes
checking whether the gcc linker (/usr/bin/ld -m elf_x86_64) supports shared libraries... yes
checking whether -lc should be explicitly linked in... no
checking dynamic linker characteristics... GNU/Linux ld.so
checking how to hardcode library paths into programs... immediate
checking whether stripping libraries is possible... yes
checking if libtool supports shared libraries... yes
checking whether to build shared libraries... yes
checking whether to build static libraries... yes
checking how to run the C++ preprocessor... g++ -E
checking for ld used by g++... /usr/bin/ld -m elf_x86_64
checking if the linker (/usr/bin/ld -m elf_x86_64) is GNU ld... yes
checking whether the g++ linker (/usr/bin/ld -m elf_x86_64) supports shared libraries... yes
checking for g++ option to produce PIC... -fPIC -DPIC
checking if g++ PIC flag -fPIC -DPIC works... yes
checking if g++ static flag -static works... yes
checking if g++ supports -c -o file.o... yes
checking if g++ supports -c -o file.o... (cached) yes
checking whether the g++ linker (/usr/bin/ld -m elf_x86_64) supports shared libraries... yes
checking dynamic linker characteristics... (cached) GNU/Linux ld.so
checking how to hardcode library paths into programs... immediate
checking size of float... 4
checking size of double... 8
checking size of long double... 16
checking size of float _Complex... 8
checking size of double _Complex... 16
checking size of long double _Complex... 32
checking if ln -s supports --relative... yes
checking for doxygen... no
configure: WARNING: doxygen not found - will not generate any doxygen documentation
./configure: line 19470: doxygen: command not found
configure: WARNING: doxygen version  is bad. Required version: 1.8.6 and above
checking for perl... /usr/bin/perl
checking for g++ options needed to detect all undeclared functions... none needed
checking for size_t... yes
checking for gcc options needed to detect all undeclared functions... none needed
checking compiler flag -diag-error 10006... no
checking compiler flag -diag-error 10148... no
checking whether -diag-disable 1478 overrides deprecated declarations... no
checking whether -Wno-deprecated-declarations overrides deprecated declarations... yes
checking compiler flag -diag-disable 269... no
configure: Detected CPU implementation: 
configure: Detected CPU architecture: 
configure: Detected CPU variant: 
configure: Detected CPU part: 
checking for __attribute__(optimize)... 1
checking compiler flag -funwind-tables... yes
configure: compiling with unwind tables
checking if g++ works... yes
checking c++11 support... yes
checking gnu++11 support... yes
checking whether _GLIBCXX_NOTHROW is declared... yes
checking compiler flag --display_error_number... no
checking compiler flag --diag_suppress 181... no
checking compiler flag --diag_suppress 381... no
checking compiler flag --diag_suppress 1215... no
checking compiler flag --diag_suppress 1901... no
checking compiler flag --diag_suppress 1902... no
checking compiler flag --diag_suppress 301... no
checking compiler flag -pedantic... yes
checking compiler flag -Wno-missing-field-initializers... yes
checking compiler flag -Wno-unused-parameter... yes
checking compiler flag -Wno-long-long... yes
checking compiler flag -Wno-endif-labels... yes
checking compiler flag -Wno-sign-compare... yes
checking compiler flag -Wno-multichar... yes
checking compiler flag -Wno-deprecated-declarations... yes
checking compiler flag -Winvalid-pch... yes
checking compiler flag -Wno-pointer-sign... yes
checking compiler flag -Werror-implicit-function-declaration... yes
checking compiler flag -Wnested-externs... yes
checking compiler flag -Wshadow... yes
checking compiler flag -Wenum-conversion... yes
checking whether byte ordering is bigendian... no
checking c++17 support... yes
checking for working alloca.h... yes
checking for alloca... yes
checking for shm_open in -lrt... yes
checking for timer_create in -lrt... yes
checking for libgen.h... yes
checking whether asprintf is declared... yes
checking whether basename is declared... yes
checking whether fmemopen is declared... yes
checking for mpiicc... no
checking for mpicc... /usr/bin/mpicc
checking for mpiicpc... no
checking for mpicxx... /usr/bin/mpicxx
checking for mpirun... /usr/local/bin/mpirun
MPI perftest: enabled
checking for ucp/api/ucp.h... yes
checking for ucp_tag_send_nb in -lucp... yes
checking for ucs/sys/uid.h... yes
checking for ucs_get_system_id in -lucs... yes
Detected UCX version: 1.19
checking for ucs_mpool_params_t.ops... yes
checking for ucs_config_global_list_entry_t.flags... yes
checking for ucs_rcache_region_t.alignment... yes
checking for ucs_rcache_ops_t.merge... yes
checking for ucp_params_t.node_local_id... no
checking for ucs_config_parser_t.doc... yes
UCX support: yes
checking for cuda.h... no
checking for cuda_runtime.h... no
checking for nvml.h... yes
checking size of cuFloatComplex... 0
checking size of cuDoubleComplex... 0
configure: WARNING: CUDA not found
CUDA support: no;  
NVLS support: disabled
NVLS support: no
configure: ROCm path was not specified. Guessing ...
checking for hsa.h... no
configure: WARNING: ROCm not found
checking if ROCm version is 6.0 or above... no
checking if ROCm version is 5.0 - 5.7... no
checking for hipFree in -lhip_hcc... no
checking for hip/hip_runtime.h... no
configure: using hipcc as ROCm version is 3.7.0 to ROCm 5.7.1
configure: WARNING: HIP Runtime not found
ROCM support: no; -I/opt/rocm/include/hsa -I/opt/rocm/include -L/opt/rocm/lib -L/opt/rocm/lib64 -L/opt/rocm/hsa/lib
HIP support: no; -D__HIP_PLATFORM_AMD__ -I/opt/rocm/include/hip -I/opt/rocm/include -I/opt/rocm/llvm/include -I/opt/rocm/hip/include -L/opt/rocm/lib -L/opt/rocm/llvm/lib -L/opt/rocm/hip/lib
checking for doca_urom.h... no
configure: WARNING: DOCA_UROM not found
DOCA_UROM support: no
GTEST support: 
checking for infiniband/verbs.h... yes
checking for ibv_get_device_list in -libverbs... yes
checking for infiniband/mlx5dv.h... yes
checking for mlx5dv_query_device in -lmlx5... yes
checking whether mlx5dv_wr_raw_wqe is declared... yes
IBVERBS support: yes, MLX5DV support: yes
checking for /usr/include/rdma/rdma_cma.h... yes
checking for rdma_establish in -lrdmacm... yes
rdmacm dir: /usr
RDMACM support: yes
TL CUDA: disabled (CUDA not available)
TL CUDA NVLS support: disabled (TL CUDA not enabled)
configure: WARNING: NCCL not found
NCCL support: no
configure: WARNING: RCCL not found
RCCL support: no
checking for sharp/api/sharp_coll.h... no
configure: WARNING: SHARP not found
SHARP support: no
checking that generated files are newer than configure... done
configure: creating ./config.status
config.status: creating src/components/tl/cuda/Makefile
config.status: creating src/components/tl/mlx5/Makefile
config.status: creating src/components/tl/nccl/Makefile
config.status: creating src/components/tl/rccl/Makefile
config.status: creating src/components/tl/self/Makefile
config.status: creating src/components/tl/sharp/Makefile
config.status: creating src/components/tl/ucp/Makefile
config.status: creating src/components/tl/ucp/coll_plugins/example/Makefile
config.status: creating Makefile
config.status: creating contrib/Makefile
config.status: creating contrib/doca_urom_ucc_plugin/Makefile
config.status: creating src/Makefile
config.status: creating src/ucc/api/ucc_version.h
config.status: creating src/core/ucc_version.c
config.status: creating src/components/cl/basic/Makefile
config.status: creating src/components/cl/hier/Makefile
config.status: creating src/components/cl/doca_urom/Makefile
config.status: creating src/components/mc/cpu/Makefile
config.status: creating src/components/mc/cuda/Makefile
config.status: creating src/components/topo/cuda/Makefile
config.status: creating src/components/topo/ib/Makefile
config.status: creating src/components/ec/cpu/Makefile
config.status: creating src/components/ec/cuda/Makefile
config.status: creating src/components/ec/cuda/kernel/Makefile
config.status: creating src/components/mc/rocm/Makefile
config.status: creating src/components/ec/rocm/Makefile
config.status: creating src/components/ec/rocm/kernel/Makefile
config.status: creating src/components/tl/cuda/kernels/Makefile
config.status: creating test/mpi/Makefile
config.status: creating test/gtest/Makefile
config.status: creating tools/info/Makefile
config.status: creating tools/perf/Makefile
config.status: creating cmake/Makefile
config.status: creating cmake/ucc-config-version.cmake
config.status: creating cmake/ucc-config.cmake
config.status: creating cmake/ucc-targets.cmake
config.status: creating ucc.pc
config.status: creating config.h
config.status: config.h is unchanged
config.status: executing depfiles commands
config.status: executing libtool commands
configure: =========================================================
configure: UCC build configuration:
configure:       Build prefix:   /labhome/faderholdt/ucc-install-558
configure: Preprocessor flags:      -DCPU_FLAGS="" -I${abs_top_srcdir}/src -I${abs_top_builddir} -I${abs_top_builddir}/src
configure:         C compiler:   gcc  -O3 -g -DNDEBUG -std=gnu11 -Wall -Werror -funwind-tables -Wno-missing-field-initializers -Wno-unused-parameter -Wno-long-long -Wno-endif-labels -Wno-sign-compare -Wno-multichar -Wno-deprecated-declarations -Winvalid-pch -Wno-pointer-sign -Werror-implicit-function-declaration -Wnested-externs -Wshadow -Wenum-conversion
configure:       C++ compiler:   g++  -O3 -g -DNDEBUG -Wall -Werror -funwind-tables -Wno-missing-field-initializers -Wno-unused-parameter -Wno-long-long -Wno-endif-labels -Wno-sign-compare -Wno-multichar -Wno-deprecated-declarations -Winvalid-pch
configure:  DOCA UROM enabled:   no
configure:           Perftest:   enabled
configure:              Gtest:   disabled
configure:         MC modules:   < cpu >
configure:         TL modules:   < self ucp >
configure:       TLCP modules:   < >
configure: =========================================================
