mpiexec -n 1 /labhome/faderholdt/ucc-baseline-558/tools/perf/ucc_perftest -c reducedt -m host -d float32 -o sum -b 1K -e 64M -N 2 -F
mpiexec -n 1 /labhome/faderholdt/ucc-baseline-558/tools/perf/ucc_perftest -c reducedt -m host -d float32 -o sum -b 1K -e 64M -N 8 -F
mpiexec -n 1 /labhome/faderholdt/ucc-baseline-558/tools/perf/ucc_perftest -c reducedt -m host -d float32 -o prod -b 1K -e 64M -N 2 -F
mpiexec -n 1 /labhome/faderholdt/ucc-baseline-558/tools/perf/ucc_perftest -c reducedt -m host -d float32 -o prod -b 1K -e 64M -N 8 -F
mpiexec -n 1 /labhome/faderholdt/ucc-baseline-558/tools/perf/ucc_perftest -c reducedt -m host -d float32 -o min -b 1K -e 64M -N 2 -F
mpiexec -n 1 /labhome/faderholdt/ucc-baseline-558/tools/perf/ucc_perftest -c reducedt -m host -d float32 -o min -b 1K -e 64M -N 8 -F
mpiexec -n 1 /labhome/faderholdt/ucc-baseline-558/tools/perf/ucc_perftest -c reducedt -m host -d float32 -o max -b 1K -e 64M -N 2 -F
mpiexec -n 1 /labhome/faderholdt/ucc-baseline-558/tools/perf/ucc_perftest -c reducedt -m host -d float32 -o max -b 1K -e 64M -N 8 -F
mpiexec -n 1 /labhome/faderholdt/ucc-baseline-558/tools/perf/ucc_perftest -c reducedt -m host -d float64 -o sum -b 1K -e 64M -N 2 -F
mpiexec -n 1 /labhome/faderholdt/ucc-baseline-558/tools/perf/ucc_perftest -c reducedt -m host -d float64 -o sum -b 1K -e 64M -N 8 -F
mpiexec -n 1 /labhome/faderholdt/ucc-baseline-558/tools/perf/ucc_perftest -c reducedt -m host -d float64 -o prod -b 1K -e 64M -N 2 -F
mpiexec -n 1 /labhome/faderholdt/ucc-baseline-558/tools/perf/ucc_perftest -c reducedt -m host -d float64 -o prod -b 1K -e 64M -N 8 -F
mpiexec -n 1 /labhome/faderholdt/ucc-baseline-558/tools/perf/ucc_perftest -c reducedt -m host -d float64 -o min -b 1K -e 64M -N 2 -F
mpiexec -n 1 /labhome/faderholdt/ucc-baseline-558/tools/perf/ucc_perftest -c reducedt -m host -d float64 -o min -b 1K -e 64M -N 8 -F
mpiexec -n 1 /labhome/faderholdt/ucc-baseline-558/tools/perf/ucc_perftest -c reducedt -m host -d float64 -o max -b 1K -e 64M -N 2 -F
mpiexec -n 1 /labhome/faderholdt/ucc-baseline-558/tools/perf/ucc_perftest -c reducedt -m host -d float64 -o max -b 1K -e 64M -N 8 -F
mpiexec -n 1 /labhome/faderholdt/ucc-baseline-558/tools/perf/ucc_perftest -c reducedt -m host -d int32 -o sum -b 1K -e 64M -N 2 -F
mpiexec -n 1 /labhome/faderholdt/ucc-baseline-558/tools/perf/ucc_perftest -c reducedt -m host -d int32 -o sum -b 1K -e 64M -N 8 -F
mpiexec -n 1 /labhome/faderholdt/ucc-baseline-558/tools/perf/ucc_perftest -c reducedt -m host -d int32 -o prod -b 1K -e 64M -N 2 -F
mpiexec -n 1 /labhome/faderholdt/ucc-baseline-558/tools/perf/ucc_perftest -c reducedt -m host -d int32 -o prod -b 1K -e 64M -N 8 -F
mpiexec -n 1 /labhome/faderholdt/ucc-baseline-558/tools/perf/ucc_perftest -c reducedt -m host -d int32 -o min -b 1K -e 64M -N 2 -F
mpiexec -n 1 /labhome/faderholdt/ucc-baseline-558/tools/perf/ucc_perftest -c reducedt -m host -d int32 -o min -b 1K -e 64M -N 8 -F
mpiexec -n 1 /labhome/faderholdt/ucc-baseline-558/tools/perf/ucc_perftest -c reducedt -m host -d int32 -o max -b 1K -e 64M -N 2 -F
mpiexec -n 1 /labhome/faderholdt/ucc-baseline-558/tools/perf/ucc_perftest -c reducedt -m host -d int32 -o max -b 1K -e 64M -N 8 -F
mpiexec -n 1 /labhome/faderholdt/ucc-baseline-558/tools/perf/ucc_perftest -c reducedt -m host -d int64 -o sum -b 1K -e 64M -N 2 -F
mpiexec -n 1 /labhome/faderholdt/ucc-baseline-558/tools/perf/ucc_perftest -c reducedt -m host -d int64 -o sum -b 1K -e 64M -N 8 -F
mpiexec -n 1 /labhome/faderholdt/ucc-baseline-558/tools/perf/ucc_perftest -c reducedt -m host -d int64 -o prod -b 1K -e 64M -N 2 -F
mpiexec -n 1 /labhome/faderholdt/ucc-baseline-558/tools/perf/ucc_perftest -c reducedt -m host -d int64 -o prod -b 1K -e 64M -N 8 -F
mpiexec -n 1 /labhome/faderholdt/ucc-baseline-558/tools/perf/ucc_perftest -c reducedt -m host -d int64 -o min -b 1K -e 64M -N 2 -F
mpiexec -n 1 /labhome/faderholdt/ucc-baseline-558/tools/perf/ucc_perftest -c reducedt -m host -d int64 -o min -b 1K -e 64M -N 8 -F
mpiexec -n 1 /labhome/faderholdt/ucc-baseline-558/tools/perf/ucc_perftest -c reducedt -m host -d int64 -o max -b 1K -e 64M -N 2 -F
mpiexec -n 1 /labhome/faderholdt/ucc-baseline-558/tools/perf/ucc_perftest -c reducedt -m host -d int64 -o max -b 1K -e 64M -N 8 -F
mpiexec -n 1 /labhome/faderholdt/ucc-baseline-558/tools/perf/ucc_perftest -c reducedt_strided -m host -d float32 -o sum -b 1K -e 64M -N 2 -F
mpiexec -n 1 /labhome/faderholdt/ucc-baseline-558/tools/perf/ucc_perftest -c reducedt_strided -m host -d float32 -o sum -b 1K -e 64M -N 8 -F
mpiexec -n 1 /labhome/faderholdt/ucc-baseline-558/tools/perf/ucc_perftest -c reducedt_strided -m host -d float32 -o prod -b 1K -e 64M -N 2 -F
mpiexec -n 1 /labhome/faderholdt/ucc-baseline-558/tools/perf/ucc_perftest -c reducedt_strided -m host -d float32 -o prod -b 1K -e 64M -N 8 -F
mpiexec -n 1 /labhome/faderholdt/ucc-baseline-558/tools/perf/ucc_perftest -c reducedt_strided -m host -d float32 -o min -b 1K -e 64M -N 2 -F
mpiexec -n 1 /labhome/faderholdt/ucc-baseline-558/tools/perf/ucc_perftest -c reducedt_strided -m host -d float32 -o min -b 1K -e 64M -N 8 -F
mpiexec -n 1 /labhome/faderholdt/ucc-baseline-558/tools/perf/ucc_perftest -c reducedt_strided -m host -d float32 -o max -b 1K -e 64M -N 2 -F
mpiexec -n 1 /labhome/faderholdt/ucc-baseline-558/tools/perf/ucc_perftest -c reducedt_strided -m host -d float32 -o max -b 1K -e 64M -N 8 -F
mpiexec -n 1 /labhome/faderholdt/ucc-baseline-558/tools/perf/ucc_perftest -c reducedt_strided -m host -d float64 -o sum -b 1K -e 64M -N 2 -F
mpiexec -n 1 /labhome/faderholdt/ucc-baseline-558/tools/perf/ucc_perftest -c reducedt_strided -m host -d float64 -o sum -b 1K -e 64M -N 8 -F
mpiexec -n 1 /labhome/faderholdt/ucc-baseline-558/tools/perf/ucc_perftest -c reducedt_strided -m host -d float64 -o prod -b 1K -e 64M -N 2 -F
mpiexec -n 1 /labhome/faderholdt/ucc-baseline-558/tools/perf/ucc_perftest -c reducedt_strided -m host -d float64 -o prod -b 1K -e 64M -N 8 -F
mpiexec -n 1 /labhome/faderholdt/ucc-baseline-558/tools/perf/ucc_perftest -c reducedt_strided -m host -d float64 -o min -b 1K -e 64M -N 2 -F
mpiexec -n 1 /labhome/faderholdt/ucc-baseline-558/tools/perf/ucc_perftest -c reducedt_strided -m host -d float64 -o min -b 1K -e 64M -N 8 -F
mpiexec -n 1 /labhome/faderholdt/ucc-baseline-558/tools/perf/ucc_perftest -c reducedt_strided -m host -d float64 -o max -b 1K -e 64M -N 2 -F
mpiexec -n 1 /labhome/faderholdt/ucc-baseline-558/tools/perf/ucc_perftest -c reducedt_strided -m host -d float64 -o max -b 1K -e 64M -N 8 -F
mpiexec -n 1 /labhome/faderholdt/ucc-baseline-558/tools/perf/ucc_perftest -c reducedt_strided -m host -d int32 -o sum -b 1K -e 64M -N 2 -F
mpiexec -n 1 /labhome/faderholdt/ucc-baseline-558/tools/perf/ucc_perftest -c reducedt_strided -m host -d int32 -o sum -b 1K -e 64M -N 8 -F
mpiexec -n 1 /labhome/faderholdt/ucc-baseline-558/tools/perf/ucc_perftest -c reducedt_strided -m host -d int32 -o prod -b 1K -e 64M -N 2 -F
mpiexec -n 1 /labhome/faderholdt/ucc-baseline-558/tools/perf/ucc_perftest -c reducedt_strided -m host -d int32 -o prod -b 1K -e 64M -N 8 -F
mpiexec -n 1 /labhome/faderholdt/ucc-baseline-558/tools/perf/ucc_perftest -c reducedt_strided -m host -d int32 -o min -b 1K -e 64M -N 2 -F
mpiexec -n 1 /labhome/faderholdt/ucc-baseline-558/tools/perf/ucc_perftest -c reducedt_strided -m host -d int32 -o min -b 1K -e 64M -N 8 -F
mpiexec -n 1 /labhome/faderholdt/ucc-baseline-558/tools/perf/ucc_perftest -c reducedt_strided -m host -d int32 -o max -b 1K -e 64M -N 2 -F
mpiexec -n 1 /labhome/faderholdt/ucc-baseline-558/tools/perf/ucc_perftest -c reducedt_strided -m host -d int32 -o max -b 1K -e 64M -N 8 -F
mpiexec -n 1 /labhome/faderholdt/ucc-baseline-558/tools/perf/ucc_perftest -c reducedt_strided -m host -d int64 -o sum -b 1K -e 64M -N 2 -F
mpiexec -n 1 /labhome/faderholdt/ucc-baseline-558/tools/perf/ucc_perftest -c reducedt_strided -m host -d int64 -o sum -b 1K -e 64M -N 8 -F
mpiexec -n 1 /labhome/faderholdt/ucc-baseline-558/tools/perf/ucc_perftest -c reducedt_strided -m host -d int64 -o prod -b 1K -e 64M -N 2 -F
mpiexec -n 1 /labhome/faderholdt/ucc-baseline-558/tools/perf/ucc_perftest -c reducedt_strided -m host -d int64 -o prod -b 1K -e 64M -N 8 -F
mpiexec -n 1 /labhome/faderholdt/ucc-baseline-558/tools/perf/ucc_perftest -c reducedt_strided -m host -d int64 -o min -b 1K -e 64M -N 2 -F
mpiexec -n 1 /labhome/faderholdt/ucc-baseline-558/tools/perf/ucc_perftest -c reducedt_strided -m host -d int64 -o min -b 1K -e 64M -N 8 -F
mpiexec -n 1 /labhome/faderholdt/ucc-baseline-558/tools/perf/ucc_perftest -c reducedt_strided -m host -d int64 -o max -b 1K -e 64M -N 2 -F
mpiexec -n 1 /labhome/faderholdt/ucc-baseline-558/tools/perf/ucc_perftest -c reducedt_strided -m host -d int64 -o max -b 1K -e 64M -N 8 -F
