Collective:             Reduce DT strided
Memory type:            host
Datatype:               float64
Reduction:              max
Inplace:                N/A
Warmup:                 
  small                 100
  large                 20
Iterations:             
  small                 1000
  large                 200
Iteration mode:         isolated

       Count        Size                Time, us                       Bus Bandwidth, GB/s
                                 avg         min         max         avg         max         min
        1024        8192        1.73        1.73        1.73       42.69       42.69       42.69
        2048       16384        2.37        2.37        2.37       62.24       62.24       62.24
        4096       32768        7.08        7.08        7.08       41.66       41.66       41.66
        8192       65536        9.59        9.59        9.59       61.52       61.52       61.52
       16384      131072       18.70       18.70       18.70       63.07       63.07       63.07
       32768      262144       36.75       36.75       36.75       64.20       64.20       64.20
       65536      524288       73.34       73.34       73.34       64.33       64.33       64.33
      131072     1048576      149.59      149.59      149.59       63.09       63.09       63.09
      262144     2097152      318.19      318.19      318.19       59.32       59.32       59.32
      524288     4194304      627.10      627.10      627.10       60.20       60.20       60.20
     1048576     8388608     1273.27     1273.27     1273.27       59.29       59.29       59.29
     2097152    16777216     2466.49     2466.49     2466.49       61.22       61.22       61.22
     4194304    33554432     2564.30     2564.30     2564.30      117.77      117.77      117.77
     8388608    67108864     5198.21     5198.21     5198.21      116.19      116.19      116.19
    16777216   134217728    11485.69    11485.69    11485.69      105.17      105.17      105.17
    33554432   268435456    27001.94    27001.94    27001.94       89.47       89.47       89.47
    67108864   536870912    57418.01    57418.01    57418.01       84.15       84.15       84.15
Total time: 108.652 ms
