Collective:             Reduce DT
Memory type:            host
Datatype:               float32
Reduction:              sum
Inplace:                N/A
Warmup:                 
  small                 100
  large                 20
Iterations:             
  small                 1000
  large                 200
Iteration mode:         isolated

       Count        Size                Time, us                       Bus Bandwidth, GB/s
                                 avg         min         max         avg         max         min
        1024        4096        0.20        0.20        0.20       60.53       60.53       60.53
        2048        8192        0.36        0.36        0.36       68.08       68.08       68.08
        4096       16384        0.78        0.78        0.78       63.18       63.18       63.18
        8192       32768        2.32        2.32        2.32       42.41       42.41       42.41
       16384       65536        4.96        4.96        4.96       39.62       39.62       39.62
       32768      131072        8.23        8.23        8.23       47.75       47.75       47.75
       65536      262144       10.27       10.27       10.27       76.58       76.58       76.58
      131072      524288       20.39       20.39       20.39       77.12       77.12       77.12
      262144     1048576       42.23       42.23       42.23       74.48       74.48       74.48
      524288     2097152      128.69      128.69      128.69       48.89       48.89       48.89
     1048576     4194304      312.12      312.12      312.12       40.31       40.31       40.31
     2097152     8388608      496.01      496.01      496.01       50.74       50.74       50.74
     4194304    16777216      922.25      922.25      922.25       54.57       54.57       54.57
     8388608    33554432     1835.51     1835.51     1835.51       54.84       54.84       54.84
    16777216    67108864     3242.16     3242.16     3242.16       62.10       62.10       62.10
    33554432   134217728    10200.45    10200.45    10200.45       39.47       39.47       39.47
    67108864   268435456    26168.44    26168.44    26168.44       30.77       30.77       30.77
Total time: 43.3954 ms
