Collective:             Reduce DT strided
Memory type:            host
Datatype:               int32
Reduction:              sum
Inplace:                N/A
Warmup:                 
  small                 100
  large                 20
Iterations:             
  small                 1000
  large                 200
Iteration mode:         isolated

       Count        Size                Time, us                       Bus Bandwidth, GB/s
                                 avg         min         max         avg         max         min
        1024        4096        0.31        0.31        0.31       39.90       39.90       39.90
        2048        8192        0.36        0.36        0.36       68.08       68.08       68.08
        4096       16384        1.08        1.08        1.08       45.64       45.64       45.64
        8192       32768        2.15        2.15        2.15       45.70       45.70       45.70
       16384       65536        4.45        4.45        4.45       44.21       44.21       44.21
       32768      131072        7.67        7.67        7.67       51.25       51.25       51.25
       65536      262144        9.89        9.89        9.89       79.52       79.52       79.52
      131072      524288       33.58       33.58       33.58       46.84       46.84       46.84
      262144     1048576       41.00       41.00       41.00       76.73       76.73       76.73
      524288     2097152      121.19      121.19      121.19       51.91       51.91       51.91
     1048576     4194304      294.18      294.18      294.18       42.77       42.77       42.77
     2097152     8388608      516.15      516.15      516.15       48.76       48.76       48.76
     4194304    16777216     1034.87     1034.87     1034.87       48.64       48.64       48.64
     8388608    33554432     2037.12     2037.12     2037.12       49.41       49.41       49.41
    16777216    67108864     3111.61     3111.61     3111.61       64.70       64.70       64.70
    33554432   134217728     9890.08     9890.08     9890.08       40.71       40.71       40.71
    67108864   268435456    25880.39    25880.39    25880.39       31.12       31.12       31.12
Total time: 42.9861 ms
