Collective:             Reduce DT
Memory type:            host
Datatype:               int64
Reduction:              sum
Inplace:                N/A
Warmup:                 
  small                 100
  large                 20
Iterations:             
  small                 1000
  large                 200
Iteration mode:         isolated

       Count        Size                Time, us                       Bus Bandwidth, GB/s
                                 avg         min         max         avg         max         min
        1024        8192        1.42        1.42        1.42       51.99       51.99       51.99
        2048       16384        1.77        1.77        1.77       83.07       83.07       83.07
        4096       32768        6.39        6.39        6.39       46.16       46.16       46.16
        8192       65536        9.30        9.30        9.30       63.42       63.42       63.42
       16384      131072       18.96       18.96       18.96       62.21       62.21       62.21
       32768      262144       36.85       36.85       36.85       64.03       64.03       64.03
       65536      524288       73.67       73.67       73.67       64.05       64.05       64.05
      131072     1048576      151.60      151.60      151.60       62.25       62.25       62.25
      262144     2097152      300.05      300.05      300.05       62.90       62.90       62.90
      524288     4194304      604.82      604.82      604.82       62.41       62.41       62.41
     1048576     8388608     1214.78     1214.78     1214.78       62.15       62.15       62.15
     2097152    16777216     1663.99     1663.99     1663.99       90.74       90.74       90.74
     4194304    33554432     2558.14     2558.14     2558.14      118.05      118.05      118.05
     8388608    67108864     5204.11     5204.11     5204.11      116.06      116.06      116.06
    16777216   134217728    11587.28    11587.28    11587.28      104.25      104.25      104.25
    33554432   268435456    26979.38    26979.38    26979.38       89.55       89.55       89.55
    67108864   536870912    57082.11    57082.11    57082.11       84.65       84.65       84.65
Total time: 107.495 ms
