Collective:             Reduce DT strided
Memory type:            host
Datatype:               int32
Reduction:              prod
Inplace:                N/A
Warmup:                 
  small                 100
  large                 20
Iterations:             
  small                 1000
  large                 200
Iteration mode:         isolated

       Count        Size                Time, us                       Bus Bandwidth, GB/s
                                 avg         min         max         avg         max         min
        1024        4096        2.75        2.75        2.75       13.41       13.41       13.41
        2048        8192        5.81        5.81        5.81       12.69       12.69       12.69
        4096       16384       11.03       11.03       11.03       13.37       13.37       13.37
        8192       32768       21.75       21.75       21.75       13.56       13.56       13.56
       16384       65536       44.59       44.59       44.59       13.23       13.23       13.23
       32768      131072       88.86       88.86       88.86       13.28       13.28       13.28
       65536      262144      177.87      177.87      177.87       13.26       13.26       13.26
      131072      524288      358.98      358.98      358.98       13.14       13.14       13.14
      262144     1048576      420.23      420.23      420.23       22.46       22.46       22.46
      524288     2097152      747.34      747.34      747.34       25.26       25.26       25.26
     1048576     4194304     1494.01     1494.01     1494.01       25.27       25.27       25.27
     2097152     8388608     2995.80     2995.80     2995.80       25.20       25.20       25.20
     4194304    16777216     6004.85     6004.85     6004.85       25.15       25.15       25.15
     8388608    33554432    11977.64    11977.64    11977.64       25.21       25.21       25.21
    16777216    67108864    24036.14    24036.14    24036.14       25.13       25.13       25.13
    33554432   134217728    47961.07    47961.07    47961.07       25.19       25.19       25.19
    67108864   268435456    96032.04    96032.04    96032.04       25.16       25.16       25.16
Total time: 192.381 ms
