Collective:             Reduce DT
Memory type:            host
Datatype:               float64
Reduction:              sum
Inplace:                N/A
Warmup:                 
  small                 100
  large                 20
Iterations:             
  small                 1000
  large                 200
Iteration mode:         isolated

       Count        Size                Time, us                       Bus Bandwidth, GB/s
                                 avg         min         max         avg         max         min
        1024        8192        0.19        0.19        0.19      130.72      130.72      130.72
        2048       16384        0.42        0.42        0.42      117.03      117.03      117.03
        4096       32768        1.18        1.18        1.18       83.31       83.31       83.31
        8192       65536        2.46        2.46        2.46       79.82       79.82       79.82
       16384      131072        4.13        4.13        4.13       95.30       95.30       95.30
       32768      262144        5.59        5.59        5.59      140.69      140.69      140.69
       65536      524288       10.80       10.80       10.80      145.64      145.64      145.64
      131072     1048576       23.01       23.01       23.01      136.71      136.71      136.71
      262144     2097152       55.54       55.54       55.54      113.28      113.28      113.28
      524288     4194304      140.30      140.30      140.30       89.69       89.69       89.69
     1048576     8388608      282.31      282.31      282.31       89.14       89.14       89.14
     2097152    16777216      562.87      562.87      562.87       89.42       89.42       89.42
     4194304    33554432     1137.43     1137.43     1137.43       88.50       88.50       88.50
     8388608    67108864     2628.22     2628.22     2628.22       76.60       76.60       76.60
    16777216   134217728    10122.50    10122.50    10122.50       39.78       39.78       39.78
    33554432   268435456    26175.56    26175.56    26175.56       30.77       30.77       30.77
    67108864   536870912    57310.50    57310.50    57310.50       28.10       28.10       28.10
Total time: 98.463 ms
