Collective:             Reduce DT strided
Memory type:            host
Datatype:               int32
Reduction:              min
Inplace:                N/A
Warmup:                 
  small                 100
  large                 20
Iterations:             
  small                 1000
  large                 200
Iteration mode:         isolated

       Count        Size                Time, us                       Bus Bandwidth, GB/s
                                 avg         min         max         avg         max         min
        1024        4096        1.29        1.29        1.29       28.51       28.51       28.51
        2048        8192        2.52        2.52        2.52       29.22       29.22       29.22
        4096       16384        5.82        5.82        5.82       25.32       25.32       25.32
        8192       32768       11.20       11.20       11.20       26.33       26.33       26.33
       16384       65536       20.11       20.11       20.11       29.34       29.34       29.34
       32768      131072       40.07       40.07       40.07       29.44       29.44       29.44
       65536      262144       79.96       79.96       79.96       29.51       29.51       29.51
      131072      524288      160.09      160.09      160.09       29.48       29.48       29.48
      262144     1048576      327.68      327.68      327.68       28.80       28.80       28.80
      524288     2097152      660.20      660.20      660.20       28.59       28.59       28.59
     1048576     4194304     1332.57     1332.57     1332.57       28.33       28.33       28.33
     2097152     8388608     1679.48     1679.48     1679.48       44.95       44.95       44.95
     4194304    16777216     2792.24     2792.24     2792.24       54.08       54.08       54.08
     8388608    33554432     5666.90     5666.90     5666.90       53.29       53.29       53.29
    16777216    67108864    11030.30    11030.30    11030.30       54.76       54.76       54.76
    33554432   134217728    22141.16    22141.16    22141.16       54.56       54.56       54.56
    67108864   268435456    44330.54    44330.54    44330.54       54.50       54.50       54.50
Total time: 90.2821 ms
