Collective:             Reduce DT
Memory type:            host
Datatype:               float32
Reduction:              min
Inplace:                N/A
Warmup:                 
  small                 100
  large                 20
Iterations:             
  small                 1000
  large                 200
Iteration mode:         isolated

       Count        Size                Time, us                       Bus Bandwidth, GB/s
                                 avg         min         max         avg         max         min
        1024        4096        0.20        0.20        0.20       60.24       60.24       60.24
        2048        8192        0.38        0.38        0.38       65.54       65.54       65.54
        4096       16384        0.85        0.85        0.85       57.83       57.83       57.83
        8192       32768        2.32        2.32        2.32       42.30       42.30       42.30
       16384       65536        4.71        4.71        4.71       41.77       41.77       41.77
       32768      131072        7.94        7.94        7.94       49.53       49.53       49.53
       65536      262144       11.41       11.41       11.41       68.92       68.92       68.92
      131072      524288       21.19       21.19       21.19       74.23       74.23       74.23
      262144     1048576       44.37       44.37       44.37       70.91       70.91       70.91
      524288     2097152      132.76      132.76      132.76       47.39       47.39       47.39
     1048576     4194304      300.00      300.00      300.00       41.94       41.94       41.94
     2097152     8388608      486.52      486.52      486.52       51.73       51.73       51.73
     4194304    16777216      954.22      954.22      954.22       52.75       52.75       52.75
     8388608    33554432     1922.05     1922.05     1922.05       52.37       52.37       52.37
    16777216    67108864     3619.59     3619.59     3619.59       55.62       55.62       55.62
    33554432   134217728    10083.75    10083.75    10083.75       39.93       39.93       39.93
    67108864   268435456    25779.47    25779.47    25779.47       31.24       31.24       31.24
Total time: 43.3717 ms
