Collective:             Reduce DT
Memory type:            host
Datatype:               float32
Reduction:              max
Inplace:                N/A
Warmup:                 
  small                 100
  large                 20
Iterations:             
  small                 1000
  large                 200
Iteration mode:         isolated

       Count        Size                Time, us                       Bus Bandwidth, GB/s
                                 avg         min         max         avg         max         min
        1024        4096        0.50        0.50        0.50       73.88       73.88       73.88
        2048        8192        1.72        1.72        1.72       42.79       42.79       42.79
        4096       16384        3.17        3.17        3.17       46.52       46.52       46.52
        8192       32768        6.95        6.95        6.95       42.46       42.46       42.46
       16384       65536        9.74        9.74        9.74       60.54       60.54       60.54
       32768      131072       18.85       18.85       18.85       62.57       62.57       62.57
       65536      262144       36.77       36.77       36.77       64.15       64.15       64.15
      131072      524288       73.79       73.79       73.79       63.95       63.95       63.95
      262144     1048576      149.48      149.48      149.48       63.13       63.13       63.13
      524288     2097152      318.44      318.44      318.44       59.27       59.27       59.27
     1048576     4194304      629.01      629.01      629.01       60.01       60.01       60.01
     2097152     8388608     1279.87     1279.87     1279.87       58.99       58.99       58.99
     4194304    16777216     2536.02     2536.02     2536.02       59.54       59.54       59.54
     8388608    33554432     2557.85     2557.85     2557.85      118.06      118.06      118.06
    16777216    67108864     5205.43     5205.43     5205.43      116.03      116.03      116.03
    33554432   134217728    11652.16    11652.16    11652.16      103.67      103.67      103.67
    67108864   268435456    27092.76    27092.76    27092.76       89.17       89.17       89.17
Total time: 51.5725 ms
