Collective:             Reduce DT strided
Memory type:            host
Datatype:               float32
Reduction:              min
Inplace:                N/A
Warmup:                 
  small                 100
  large                 20
Iterations:             
  small                 1000
  large                 200
Iteration mode:         isolated

       Count        Size                Time, us                       Bus Bandwidth, GB/s
                                 avg         min         max         avg         max         min
        1024        4096        0.21        0.21        0.21       57.96       57.96       57.96
        2048        8192        0.38        0.38        0.38       65.36       65.36       65.36
        4096       16384        1.23        1.23        1.23       39.90       39.90       39.90
        8192       32768        2.16        2.16        2.16       45.49       45.49       45.49
       16384       65536        4.29        4.29        4.29       45.87       45.87       45.87
       32768      131072        7.20        7.20        7.20       54.61       54.61       54.61
       65536      262144       10.05       10.05       10.05       78.21       78.21       78.21
      131072      524288       19.91       19.91       19.91       79.02       79.02       79.02
      262144     1048576       40.00       40.00       40.00       78.64       78.64       78.64
      524288     2097152       99.47       99.47       99.47       63.25       63.25       63.25
     1048576     4194304      259.89      259.89      259.89       48.42       48.42       48.42
     2097152     8388608      367.10      367.10      367.10       68.55       68.55       68.55
     4194304    16777216      575.42      575.42      575.42       87.47       87.47       87.47
     8388608    33554432     1130.76     1130.76     1130.76       89.02       89.02       89.02
    16777216    67108864     2531.70     2531.70     2531.70       79.52       79.52       79.52
    33554432   134217728    10150.80    10150.80    10150.80       39.67       39.67       39.67
    67108864   268435456    26017.13    26017.13    26017.13       30.95       30.95       30.95
Total time: 41.2177 ms
