Collective:             Reduce DT strided
Memory type:            host
Datatype:               float64
Reduction:              sum
Inplace:                N/A
Warmup:                 
  small                 100
  large                 20
Iterations:             
  small                 1000
  large                 200
Iteration mode:         isolated

       Count        Size                Time, us                       Bus Bandwidth, GB/s
                                 avg         min         max         avg         max         min
        1024        8192        0.36        0.36        0.36       68.65       68.65       68.65
        2048       16384        0.79        0.79        0.79       62.53       62.53       62.53
        4096       32768        2.41        2.41        2.41       40.74       40.74       40.74
        8192       65536        4.97        4.97        4.97       39.54       39.54       39.54
       16384      131072        7.95        7.95        7.95       49.49       49.49       49.49
       32768      262144       10.29       10.29       10.29       76.46       76.46       76.46
       65536      524288       20.48       20.48       20.48       76.80       76.80       76.80
      131072     1048576       40.77       40.77       40.77       77.17       77.17       77.17
      262144     2097152      127.83      127.83      127.83       49.22       49.22       49.22
      524288     4194304      294.40      294.40      294.40       42.74       42.74       42.74
     1048576     8388608      514.04      514.04      514.04       48.96       48.96       48.96
     2097152    16777216     1030.21     1030.21     1030.21       48.86       48.86       48.86
     4194304    33554432     1208.91     1208.91     1208.91       83.27       83.27       83.27
     8388608    67108864     2454.05     2454.05     2454.05       82.04       82.04       82.04
    16777216   134217728    10182.32    10182.32    10182.32       39.54       39.54       39.54
    33554432   268435456    26005.80    26005.80    26005.80       30.97       30.97       30.97
    67108864   536870912    56862.90    56862.90    56862.90       28.32       28.32       28.32
Total time: 98.7685 ms
