Collective:             Reduce DT
Memory type:            host
Datatype:               int64
Reduction:              max
Inplace:                N/A
Warmup:                 
  small                 100
  large                 20
Iterations:             
  small                 1000
  large                 200
Iteration mode:         isolated

       Count        Size                Time, us                       Bus Bandwidth, GB/s
                                 avg         min         max         avg         max         min
        1024        8192        0.75        0.75        0.75       32.81       32.81       32.81
        2048       16384        1.62        1.62        1.62       30.38       30.38       30.38
        4096       32768        4.31        4.31        4.31       22.83       22.83       22.83
        8192       65536        8.03        8.03        8.03       24.48       24.48       24.48
       16384      131072       14.84       14.84       14.84       26.50       26.50       26.50
       32768      262144       22.53       22.53       22.53       34.91       34.91       34.91
       65536      524288       44.27       44.27       44.27       35.53       35.53       35.53
      131072     1048576       88.87       88.87       88.87       35.40       35.40       35.40
      262144     2097152      186.56      186.56      186.56       33.72       33.72       33.72
      524288     4194304      399.63      399.63      399.63       31.49       31.49       31.49
     1048576     8388608      781.88      781.88      781.88       32.19       32.19       32.19
     2097152    16777216     1594.96     1594.96     1594.96       31.56       31.56       31.56
     4194304    33554432     1592.83     1592.83     1592.83       63.20       63.20       63.20
     8388608    67108864     3429.60     3429.60     3429.60       58.70       58.70       58.70
    16777216   134217728    10612.75    10612.75    10612.75       37.94       37.94       37.94
    33554432   268435456    26481.53    26481.53    26481.53       30.41       30.41       30.41
    67108864   536870912    57638.64    57638.64    57638.64       27.94       27.94       27.94
Total time: 102.904 ms
