Collective:             Reduce DT
Memory type:            host
Datatype:               float32
Reduction:              prod
Inplace:                N/A
Warmup:                 
  small                 100
  large                 20
Iterations:             
  small                 1000
  large                 200
Iteration mode:         isolated

       Count        Size                Time, us                       Bus Bandwidth, GB/s
                                 avg         min         max         avg         max         min
        1024        4096        0.21        0.21        0.21       59.08       59.08       59.08
        2048        8192        0.38        0.38        0.38       64.17       64.17       64.17
        4096       16384        1.10        1.10        1.10       44.56       44.56       44.56
        8192       32768        2.39        2.39        2.39       41.17       41.17       41.17
       16384       65536        4.72        4.72        4.72       41.68       41.68       41.68
       32768      131072        8.34        8.34        8.34       47.14       47.14       47.14
       65536      262144       14.31       14.31       14.31       54.94       54.94       54.94
      131072      524288       31.12       31.12       31.12       50.53       50.53       50.53
      262144     1048576       65.98       65.98       65.98       47.67       47.67       47.67
      524288     2097152      136.11      136.11      136.11       46.22       46.22       46.22
     1048576     4194304      294.57      294.57      294.57       42.72       42.72       42.72
     2097152     8388608      537.56      537.56      537.56       46.81       46.81       46.81
     4194304    16777216      780.43      780.43      780.43       64.49       64.49       64.49
     8388608    33554432     1110.61     1110.61     1110.61       90.64       90.64       90.64
    16777216    67108864     2449.70     2449.70     2449.70       82.18       82.18       82.18
    33554432   134217728    10083.08    10083.08    10083.08       39.93       39.93       39.93
    67108864   268435456    26127.69    26127.69    26127.69       30.82       30.82       30.82
Total time: 41.6483 ms
