Collective:             Reduce DT
Memory type:            host
Datatype:               float32
Reduction:              sum
Inplace:                N/A
Warmup:                 
  small                 100
  large                 20
Iterations:             
  small                 1000
  large                 200
Iteration mode:         isolated

       Count        Size                Time, us                       Bus Bandwidth, GB/s
                                 avg         min         max         avg         max         min
        1024        4096        0.51        0.51        0.51       73.00       73.00       73.00
        2048        8192        0.95        0.95        0.95       77.36       77.36       77.36
        4096       16384        3.54        3.54        3.54       41.63       41.63       41.63
        8192       32768        6.37        6.37        6.37       46.32       46.32       46.32
       16384       65536        9.64        9.64        9.64       61.20       61.20       61.20
       32768      131072       11.19       11.19       11.19      105.44      105.44      105.44
       65536      262144       20.12       20.12       20.12      117.26      117.26      117.26
      131072      524288       40.19       40.19       40.19      117.42      117.42      117.42
      262144     1048576       82.56       82.56       82.56      114.30      114.30      114.30
      524288     2097152      169.46      169.46      169.46      111.38      111.38      111.38
     1048576     4194304      340.44      340.44      340.44      110.88      110.88      110.88
     2097152     8388608      677.01      677.01      677.01      111.52      111.52      111.52
     4194304    16777216     1350.24     1350.24     1350.24      111.83      111.83      111.83
     8388608    33554432     2645.66     2645.66     2645.66      114.15      114.15      114.15
    16777216    67108864     5378.48     5378.48     5378.48      112.30      112.30      112.30
    33554432   134217728    11772.00    11772.00    11772.00      102.61      102.61      102.61
    67108864   268435456    26974.83    26974.83    26974.83       89.56       89.56       89.56
Total time: 49.4832 ms
