Collective:             Reduce DT strided
Memory type:            host
Datatype:               int32
Reduction:              max
Inplace:                N/A
Warmup:                 
  small                 100
  large                 20
Iterations:             
  small                 1000
  large                 200
Iteration mode:         isolated

       Count        Size                Time, us                       Bus Bandwidth, GB/s
                                 avg         min         max         avg         max         min
        1024        4096        0.31        0.31        0.31       39.13       39.13       39.13
        2048        8192        0.57        0.57        0.57       43.12       43.12       43.12
        4096       16384        1.12        1.12        1.12       43.96       43.96       43.96
        8192       32768        2.33        2.33        2.33       42.19       42.19       42.19
       16384       65536        4.71        4.71        4.71       41.70       41.70       41.70
       32768      131072        8.55        8.55        8.55       46.01       46.01       46.01
       65536      262144       16.62       16.62       16.62       47.32       47.32       47.32
      131072      524288       33.84       33.84       33.84       46.48       46.48       46.48
      262144     1048576       69.95       69.95       69.95       44.97       44.97       44.97
      524288     2097152      137.06      137.06      137.06       45.90       45.90       45.90
     1048576     4194304      300.50      300.50      300.50       41.87       41.87       41.87
     2097152     8388608      564.36      564.36      564.36       44.59       44.59       44.59
     4194304    16777216     1135.87     1135.87     1135.87       44.31       44.31       44.31
     8388608    33554432     2192.72     2192.72     2192.72       45.91       45.91       45.91
    16777216    67108864     2602.23     2602.23     2602.23       77.37       77.37       77.37
    33554432   134217728     9786.99     9786.99     9786.99       41.14       41.14       41.14
    67108864   268435456    25755.56    25755.56    25755.56       31.27       31.27       31.27
Total time: 42.6133 ms
