Collective:             Reduce DT
Memory type:            host
Datatype:               float64
Reduction:              min
Inplace:                N/A
Warmup:                 
  small                 100
  large                 20
Iterations:             
  small                 1000
  large                 200
Iteration mode:         isolated

       Count        Size                Time, us                       Bus Bandwidth, GB/s
                                 avg         min         max         avg         max         min
        1024        8192        0.38        0.38        0.38       65.36       65.36       65.36
        2048       16384        0.81        0.81        0.81       60.83       60.83       60.83
        4096       32768        1.80        1.80        1.80       54.64       54.64       54.64
        8192       65536        4.28        4.28        4.28       45.96       45.96       45.96
       16384      131072        7.45        7.45        7.45       52.82       52.82       52.82
       32768      262144       10.18       10.18       10.18       77.25       77.25       77.25
       65536      524288       19.81       19.81       19.81       79.40       79.40       79.40
      131072     1048576       41.16       41.16       41.16       76.44       76.44       76.44
      262144     2097152      124.22      124.22      124.22       50.65       50.65       50.65
      524288     4194304      307.95      307.95      307.95       40.86       40.86       40.86
     1048576     8388608      501.31      501.31      501.31       50.20       50.20       50.20
     2097152    16777216      960.84      960.84      960.84       52.38       52.38       52.38
     4194304    33554432     1983.73     1983.73     1983.73       50.74       50.74       50.74
     8388608    67108864     3009.02     3009.02     3009.02       66.91       66.91       66.91
    16777216   134217728     9944.75     9944.75     9944.75       40.49       40.49       40.49
    33554432   268435456    25865.45    25865.45    25865.45       31.13       31.13       31.13
    67108864   536870912    56531.72    56531.72    56531.72       28.49       28.49       28.49
Total time: 99.3149 ms
