Collective:             Reduce DT strided
Memory type:            host
Datatype:               float32
Reduction:              max
Inplace:                N/A
Warmup:                 
  small                 100
  large                 20
Iterations:             
  small                 1000
  large                 200
Iteration mode:         isolated

       Count        Size                Time, us                       Bus Bandwidth, GB/s
                                 avg         min         max         avg         max         min
        1024        4096        0.21        0.21        0.21       58.79       58.79       58.79
        2048        8192        0.38        0.38        0.38       65.19       65.19       65.19
        4096       16384        0.81        0.81        0.81       60.76       60.76       60.76
        8192       32768        2.34        2.34        2.34       42.08       42.08       42.08
       16384       65536        4.66        4.66        4.66       42.17       42.17       42.17
       32768      131072        7.04        7.04        7.04       55.85       55.85       55.85
       65536      262144       11.68       11.68       11.68       67.36       67.36       67.36
      131072      524288       19.79       19.79       19.79       79.50       79.50       79.50
      262144     1048576       42.47       42.47       42.47       74.07       74.07       74.07
      524288     2097152      117.64      117.64      117.64       53.48       53.48       53.48
     1048576     4194304      293.69      293.69      293.69       42.84       42.84       42.84
     2097152     8388608      491.74      491.74      491.74       51.18       51.18       51.18
     4194304    16777216      965.17      965.17      965.17       52.15       52.15       52.15
     8388608    33554432     1883.28     1883.28     1883.28       53.45       53.45       53.45
    16777216    67108864     2496.45     2496.45     2496.45       80.65       80.65       80.65
    33554432   134217728    10163.74    10163.74    10163.74       39.62       39.62       39.62
    67108864   268435456    25934.44    25934.44    25934.44       31.05       31.05       31.05
Total time: 42.4355 ms
