Collective:             Reduce DT
Memory type:            host
Datatype:               float64
Reduction:              sum
Inplace:                N/A
Warmup:                 
  small                 100
  large                 20
Iterations:             
  small                 1000
  large                 200
Iteration mode:         isolated

       Count        Size                Time, us                       Bus Bandwidth, GB/s
                                 avg         min         max         avg         max         min
        1024        8192        1.69        1.69        1.69       43.63       43.63       43.63
        2048       16384        1.86        1.86        1.86       79.45       79.45       79.45
        4096       32768        6.76        6.76        6.76       43.60       43.60       43.60
        8192       65536        9.66        9.66        9.66       61.08       61.08       61.08
       16384      131072       19.17       19.17       19.17       61.54       61.54       61.54
       32768      262144       21.50       21.50       21.50      109.73      109.73      109.73
       65536      524288       40.02       40.02       40.02      117.91      117.91      117.91
      131072     1048576       80.27       80.27       80.27      117.57      117.57      117.57
      262144     2097152      163.37      163.37      163.37      115.53      115.53      115.53
      524288     4194304      327.18      327.18      327.18      115.38      115.38      115.38
     1048576     8388608      653.57      653.57      653.57      115.52      115.52      115.52
     2097152    16777216     1312.73     1312.73     1312.73      115.02      115.02      115.02
     4194304    33554432     2668.29     2668.29     2668.29      113.18      113.18      113.18
     8388608    67108864     5378.83     5378.83     5378.83      112.29      112.29      112.29
    16777216   134217728    11735.11    11735.11    11735.11      102.94      102.94      102.94
    33554432   268435456    27825.60    27825.60    27825.60       86.82       86.82       86.82
    67108864   536870912    57311.59    57311.59    57311.59       84.31       84.31       84.31
Total time: 107.557 ms
