Collective:             Reduce DT
Memory type:            host
Datatype:               float64
Reduction:              max
Inplace:                N/A
Warmup:                 
  small                 100
  large                 20
Iterations:             
  small                 1000
  large                 200
Iteration mode:         isolated

       Count        Size                Time, us                       Bus Bandwidth, GB/s
                                 avg         min         max         avg         max         min
        1024        8192        1.73        1.73        1.73       42.64       42.64       42.64
        2048       16384        1.98        1.98        1.98       74.32       74.32       74.32
        4096       32768        6.99        6.99        6.99       42.22       42.22       42.22
        8192       65536        9.46        9.46        9.46       62.34       62.34       62.34
       16384      131072       18.55       18.55       18.55       63.58       63.58       63.58
       32768      262144       36.78       36.78       36.78       64.15       64.15       64.15
       65536      524288       73.33       73.33       73.33       64.34       64.34       64.34
      131072     1048576      151.93      151.93      151.93       62.12       62.12       62.12
      262144     2097152      313.04      313.04      313.04       60.29       60.29       60.29
      524288     4194304      626.20      626.20      626.20       60.28       60.28       60.28
     1048576     8388608     1272.64     1272.64     1272.64       59.32       59.32       59.32
     2097152    16777216     1677.89     1677.89     1677.89       89.99       89.99       89.99
     4194304    33554432     2646.07     2646.07     2646.07      114.13      114.13      114.13
     8388608    67108864     5197.59     5197.59     5197.59      116.20      116.20      116.20
    16777216   134217728    11560.52    11560.52    11560.52      104.49      104.49      104.49
    33554432   268435456    26868.81    26868.81    26868.81       89.92       89.92       89.92
    67108864   536870912    57052.14    57052.14    57052.14       84.69       84.69       84.69
Total time: 107.516 ms
