Collective:             Reduce DT
Memory type:            host
Datatype:               float64
Reduction:              max
Inplace:                N/A
Warmup:                 
  small                 100
  large                 20
Iterations:             
  small                 1000
  large                 200
Iteration mode:         isolated

       Count        Size                Time, us                       Bus Bandwidth, GB/s
                                 avg         min         max         avg         max         min
        1024        8192        0.38        0.38        0.38       65.54       65.54       65.54
        2048       16384        0.81        0.81        0.81       60.76       60.76       60.76
        4096       32768        2.11        2.11        2.11       46.68       46.68       46.68
        8192       65536        4.98        4.98        4.98       39.48       39.48       39.48
       16384      131072        8.19        8.19        8.19       48.03       48.03       48.03
       32768      262144       10.44       10.44       10.44       75.34       75.34       75.34
       65536      524288       22.00       22.00       22.00       71.48       71.48       71.48
      131072     1048576       41.28       41.28       41.28       76.20       76.20       76.20
      262144     2097152      132.07      132.07      132.07       47.64       47.64       47.64
      524288     4194304      316.60      316.60      316.60       39.74       39.74       39.74
     1048576     8388608      499.23      499.23      499.23       50.41       50.41       50.41
     2097152    16777216      931.57      931.57      931.57       54.03       54.03       54.03
     4194304    33554432     1956.19     1956.19     1956.19       51.46       51.46       51.46
     8388608    67108864     3238.96     3238.96     3238.96       62.16       62.16       62.16
    16777216   134217728    10059.00    10059.00    10059.00       40.03       40.03       40.03
    33554432   268435456    25992.76    25992.76    25992.76       30.98       30.98       30.98
    67108864   536870912    56888.54    56888.54    56888.54       28.31       28.31       28.31
Total time: 100.105 ms
