Collective:             Reduce DT strided
Memory type:            host
Datatype:               int32
Reduction:              max
Inplace:                N/A
Warmup:                 
  small                 100
  large                 20
Iterations:             
  small                 1000
  large                 200
Iteration mode:         isolated

       Count        Size                Time, us                       Bus Bandwidth, GB/s
                                 avg         min         max         avg         max         min
        1024        4096        1.29        1.29        1.29       28.51       28.51       28.51
        2048        8192        2.58        2.58        2.58       28.58       28.58       28.58
        4096       16384        5.37        5.37        5.37       27.46       27.46       27.46
        8192       32768        8.37        8.37        8.37       35.23       35.23       35.23
       16384       65536       10.69       10.69       10.69       55.16       55.16       55.16
       32768      131072       21.21       21.21       21.21       55.63       55.63       55.63
       65536      262144       42.10       42.10       42.10       56.03       56.03       56.03
      131072      524288       85.68       85.68       85.68       55.07       55.07       55.07
      262144     1048576      168.20      168.20      168.20       56.11       56.11       56.11
      524288     2097152      337.44      337.44      337.44       55.93       55.93       55.93
     1048576     4194304      679.72      679.72      679.72       55.54       55.54       55.54
     2097152     8388608     1347.23     1347.23     1347.23       56.04       56.04       56.04
     4194304    16777216     2694.79     2694.79     2694.79       56.03       56.03       56.03
     8388608    33554432     5427.56     5427.56     5427.56       55.64       55.64       55.64
    16777216    67108864    10908.07    10908.07    10908.07       55.37       55.37       55.37
    33554432   134217728    21736.20    21736.20    21736.20       55.57       55.57       55.57
    67108864   268435456    43607.77    43607.77    43607.77       55.40       55.40       55.40
Total time: 87.0843 ms
