Collective:             Reduce DT
Memory type:            host
Datatype:               int32
Reduction:              min
Inplace:                N/A
Warmup:                 
  small                 100
  large                 20
Iterations:             
  small                 1000
  large                 200
Iteration mode:         isolated

       Count        Size                Time, us                       Bus Bandwidth, GB/s
                                 avg         min         max         avg         max         min
        1024        4096        1.28        1.28        1.28       28.71       28.71       28.71
        2048        8192        2.62        2.62        2.62       28.12       28.12       28.12
        4096       16384        5.68        5.68        5.68       25.97       25.97       25.97
        8192       32768       10.17       10.17       10.17       29.01       29.01       29.01
       16384       65536       20.24       20.24       20.24       29.14       29.14       29.14
       32768      131072       40.12       40.12       40.12       29.40       29.40       29.40
       65536      262144       83.87       83.87       83.87       28.13       28.13       28.13
      131072      524288      160.53      160.53      160.53       29.39       29.39       29.39
      262144     1048576      320.51      320.51      320.51       29.44       29.44       29.44
      524288     2097152      653.99      653.99      653.99       28.86       28.86       28.86
     1048576     4194304     1300.54     1300.54     1300.54       29.03       29.03       29.03
     2097152     8388608     2390.89     2390.89     2390.89       31.58       31.58       31.58
     4194304    16777216     2745.98     2745.98     2745.98       54.99       54.99       54.99
     8388608    33554432     5504.93     5504.93     5504.93       54.86       54.86       54.86
    16777216    67108864    11008.36    11008.36    11008.36       54.87       54.87       54.87
    33554432   134217728    22205.58    22205.58    22205.58       54.40       54.40       54.40
    67108864   268435456    44278.53    44278.53    44278.53       54.56       54.56       54.56
Total time: 90.7338 ms
