Collective:             Reduce DT strided
Memory type:            host
Datatype:               float64
Reduction:              max
Inplace:                N/A
Warmup:                 
  small                 100
  large                 20
Iterations:             
  small                 1000
  large                 200
Iteration mode:         isolated

       Count        Size                Time, us                       Bus Bandwidth, GB/s
                                 avg         min         max         avg         max         min
        1024        8192        0.38        0.38        0.38       64.67       64.67       64.67
        2048       16384        0.79        0.79        0.79       61.98       61.98       61.98
        4096       32768        1.86        1.86        1.86       52.74       52.74       52.74
        8192       65536        4.55        4.55        4.55       43.24       43.24       43.24
       16384      131072        7.17        7.17        7.17       54.86       54.86       54.86
       32768      262144       10.12       10.12       10.12       77.72       77.72       77.72
       65536      524288       19.95       19.95       19.95       78.82       78.82       78.82
      131072     1048576       41.09       41.09       41.09       76.55       76.55       76.55
      262144     2097152      120.24      120.24      120.24       52.32       52.32       52.32
      524288     4194304      309.75      309.75      309.75       40.62       40.62       40.62
     1048576     8388608      509.74      509.74      509.74       49.37       49.37       49.37
     2097152    16777216      997.41      997.41      997.41       50.46       50.46       50.46
     4194304    33554432     1831.34     1831.34     1831.34       54.97       54.97       54.97
     8388608    67108864     2466.64     2466.64     2466.64       81.62       81.62       81.62
    16777216   134217728     9906.38     9906.38     9906.38       40.65       40.65       40.65
    33554432   268435456    26035.58    26035.58    26035.58       30.93       30.93       30.93
    67108864   536870912    56391.12    56391.12    56391.12       28.56       28.56       28.56
Total time: 98.6541 ms
