Collective:             Reduce DT strided
Memory type:            host
Datatype:               int32
Reduction:              min
Inplace:                N/A
Warmup:                 
  small                 100
  large                 20
Iterations:             
  small                 1000
  large                 200
Iteration mode:         isolated

       Count        Size                Time, us                       Bus Bandwidth, GB/s
                                 avg         min         max         avg         max         min
        1024        4096        0.52        0.52        0.52       23.77       23.77       23.77
        2048        8192        0.84        0.84        0.84       29.36       29.36       29.36
        4096       16384        1.61        1.61        1.61       30.55       30.55       30.55
        8192       32768        2.54        2.54        2.54       38.63       38.63       38.63
       16384       65536        6.08        6.08        6.08       32.32       32.32       32.32
       32768      131072        9.19        9.19        9.19       42.79       42.79       42.79
       65536      262144       18.60       18.60       18.60       42.28       42.28       42.28
      131072      524288       33.13       33.13       33.13       47.47       47.47       47.47
      262144     1048576       72.34       72.34       72.34       43.49       43.49       43.49
      524288     2097152      166.63      166.63      166.63       37.76       37.76       37.76
     1048576     4194304      323.15      323.15      323.15       38.94       38.94       38.94
     2097152     8388608      579.72      579.72      579.72       43.41       43.41       43.41
     4194304    16777216      646.38      646.38      646.38       77.87       77.87       77.87
     8388608    33554432     1216.44     1216.44     1216.44       82.75       82.75       82.75
    16777216    67108864     2695.80     2695.80     2695.80       74.68       74.68       74.68
    33554432   134217728     9981.59     9981.59     9981.59       40.34       40.34       40.34
    67108864   268435456    25673.46    25673.46    25673.46       31.37       31.37       31.37
Total time: 41.428 ms
