Collective:             Reduce DT
Memory type:            host
Datatype:               int32
Reduction:              sum
Inplace:                N/A
Warmup:                 
  small                 100
  large                 20
Iterations:             
  small                 1000
  large                 200
Iteration mode:         isolated

       Count        Size                Time, us                       Bus Bandwidth, GB/s
                                 avg         min         max         avg         max         min
        1024        4096        0.47        0.47        0.47       77.61       77.61       77.61
        2048        8192        1.59        1.59        1.59       46.31       46.31       46.31
        4096       16384        3.81        3.81        3.81       38.68       38.68       38.68
        8192       32768        6.17        6.17        6.17       47.82       47.82       47.82
       16384       65536        9.51        9.51        9.51       62.04       62.04       62.04
       32768      131072       18.64       18.64       18.64       63.30       63.30       63.30
       65536      262144       36.69       36.69       36.69       64.30       64.30       64.30
      131072      524288       73.42       73.42       73.42       64.26       64.26       64.26
      262144     1048576      148.85      148.85      148.85       63.40       63.40       63.40
      524288     2097152      300.87      300.87      300.87       62.73       62.73       62.73
     1048576     4194304      606.63      606.63      606.63       62.23       62.23       62.23
     2097152     8388608     1230.67     1230.67     1230.67       61.35       61.35       61.35
     4194304    16777216     2205.39     2205.39     2205.39       68.47       68.47       68.47
     8388608    33554432     2566.11     2566.11     2566.11      117.68      117.68      117.68
    16777216    67108864     5206.81     5206.81     5206.81      116.00      116.00      116.00
    33554432   134217728    11605.85    11605.85    11605.85      104.08      104.08      104.08
    67108864   268435456    27036.49    27036.49    27036.49       89.36       89.36       89.36
Total time: 51.058 ms
