Collective:             Reduce DT strided
Memory type:            host
Datatype:               int64
Reduction:              sum
Inplace:                N/A
Warmup:                 
  small                 100
  large                 20
Iterations:             
  small                 1000
  large                 200
Iteration mode:         isolated

       Count        Size                Time, us                       Bus Bandwidth, GB/s
                                 avg         min         max         avg         max         min
        1024        8192        0.76        0.76        0.76       97.27       97.27       97.27
        2048       16384        1.62        1.62        1.62       90.74       90.74       90.74
        4096       32768        3.26        3.26        3.26       90.52       90.52       90.52
        8192       65536        5.08        5.08        5.08      116.04      116.04      116.04
       16384      131072        9.73        9.73        9.73      121.18      121.18      121.18
       32768      262144       19.57       19.57       19.57      120.55      120.55      120.55
       65536      524288       38.79       38.79       38.79      121.64      121.64      121.64
      131072     1048576       78.20       78.20       78.20      120.67      120.67      120.67
      262144     2097152      159.15      159.15      159.15      118.60      118.60      118.60
      524288     4194304      320.24      320.24      320.24      117.88      117.88      117.88
     1048576     8388608      635.84      635.84      635.84      118.74      118.74      118.74
     2097152    16777216     1274.31     1274.31     1274.31      118.49      118.49      118.49
     4194304    33554432     2596.14     2596.14     2596.14      116.32      116.32      116.32
     8388608    67108864     5159.12     5159.12     5159.12      117.07      117.07      117.07
    16777216   134217728    11552.52    11552.52    11552.52      104.56      104.56      104.56
    33554432   268435456    26990.99    26990.99    26990.99       89.51       89.51       89.51
    67108864   536870912    57305.69    57305.69    57305.69       84.32       84.32       84.32
Total time: 106.151 ms
