Collective:             Reduce DT strided
Memory type:            host
Datatype:               int64
Reduction:              max
Inplace:                N/A
Warmup:                 
  small                 100
  large                 20
Iterations:             
  small                 1000
  large                 200
Iteration mode:         isolated

       Count        Size                Time, us                       Bus Bandwidth, GB/s
                                 avg         min         max         avg         max         min
        1024        8192        0.75        0.75        0.75       32.86       32.86       32.86
        2048       16384        1.72        1.72        1.72       28.66       28.66       28.66
        4096       32768        3.71        3.71        3.71       26.49       26.49       26.49
        8192       65536        8.14        8.14        8.14       24.17       24.17       24.17
       16384      131072       14.76       14.76       14.76       26.64       26.64       26.64
       32768      262144       22.29       22.29       22.29       35.28       35.28       35.28
       65536      524288       44.48       44.48       44.48       35.36       35.36       35.36
      131072     1048576       88.20       88.20       88.20       35.66       35.66       35.66
      262144     2097152      179.87      179.87      179.87       34.98       34.98       34.98
      524288     4194304      378.19      378.19      378.19       33.27       33.27       33.27
     1048576     8388608      750.12      750.12      750.12       33.55       33.55       33.55
     2097152    16777216     1518.05     1518.05     1518.05       33.16       33.16       33.16
     4194304    33554432     2663.51     2663.51     2663.51       37.79       37.79       37.79
     8388608    67108864     3445.63     3445.63     3445.63       58.43       58.43       58.43
    16777216   134217728    10638.49    10638.49    10638.49       37.85       37.85       37.85
    33554432   268435456    27246.10    27246.10    27246.10       29.56       29.56       29.56
    67108864   536870912    58630.79    58630.79    58630.79       27.47       27.47       27.47
Total time: 105.635 ms
