Collective:             Reduce DT
Memory type:            host
Datatype:               int32
Reduction:              sum
Inplace:                N/A
Warmup:                 
  small                 100
  large                 20
Iterations:             
  small                 1000
  large                 200
Iteration mode:         isolated

       Count        Size                Time, us                       Bus Bandwidth, GB/s
                                 avg         min         max         avg         max         min
        1024        4096        0.32        0.32        0.32       38.28       38.28       38.28
        2048        8192        0.37        0.37        0.37       66.96       66.96       66.96
        4096       16384        1.11        1.11        1.11       44.28       44.28       44.28
        8192       32768        2.33        2.33        2.33       42.15       42.15       42.15
       16384       65536        4.71        4.71        4.71       41.76       41.76       41.76
       32768      131072        8.12        8.12        8.12       48.45       48.45       48.45
       65536      262144       11.37       11.37       11.37       69.17       69.17       69.17
      131072      524288       25.14       25.14       25.14       62.55       62.55       62.55
      262144     1048576       58.90       58.90       58.90       53.41       53.41       53.41
      524288     2097152      121.31      121.31      121.31       51.86       51.86       51.86
     1048576     4194304      311.51      311.51      311.51       40.39       40.39       40.39
     2097152     8388608      504.50      504.50      504.50       49.88       49.88       49.88
     4194304    16777216      999.60      999.60      999.60       50.35       50.35       50.35
     8388608    33554432     1442.50     1442.50     1442.50       69.78       69.78       69.78
    16777216    67108864     2529.72     2529.72     2529.72       79.58       79.58       79.58
    33554432   134217728    10104.00    10104.00    10104.00       39.85       39.85       39.85
    67108864   268435456    25837.72    25837.72    25837.72       31.17       31.17       31.17
Total time: 41.9632 ms
