Collective:             Reduce DT
Memory type:            host
Datatype:               int64
Reduction:              min
Inplace:                N/A
Warmup:                 
  small                 100
  large                 20
Iterations:             
  small                 1000
  large                 200
Iteration mode:         isolated

       Count        Size                Time, us                       Bus Bandwidth, GB/s
                                 avg         min         max         avg         max         min
        1024        8192        0.74        0.74        0.74       33.30       33.30       33.30
        2048       16384        1.54        1.54        1.54       32.00       32.00       32.00
        4096       32768        3.12        3.12        3.12       31.51       31.51       31.51
        8192       65536        6.92        6.92        6.92       28.42       28.42       28.42
       16384      131072       12.24       12.24       12.24       32.11       32.11       32.11
       32768      262144       23.16       23.16       23.16       33.95       33.95       33.95
       65536      524288       49.66       49.66       49.66       31.68       31.68       31.68
      131072     1048576       90.94       90.94       90.94       34.59       34.59       34.59
      262144     2097152      188.93      188.93      188.93       33.30       33.30       33.30
      524288     4194304      383.55      383.55      383.55       32.81       32.81       32.81
     1048576     8388608      757.85      757.85      757.85       33.21       33.21       33.21
     2097152    16777216     1511.23     1511.23     1511.23       33.30       33.30       33.30
     4194304    33554432     1632.76     1632.76     1632.76       61.65       61.65       61.65
     8388608    67108864     3456.75     3456.75     3456.75       58.24       58.24       58.24
    16777216   134217728    10450.40    10450.40    10450.40       38.53       38.53       38.53
    33554432   268435456    26579.53    26579.53    26579.53       30.30       30.30       30.30
    67108864   536870912    57641.34    57641.34    57641.34       27.94       27.94       27.94
Total time: 102.791 ms
