Collective:             Reduce DT strided
Memory type:            host
Datatype:               int64
Reduction:              prod
Inplace:                N/A
Warmup:                 
  small                 100
  large                 20
Iterations:             
  small                 1000
  large                 200
Iteration mode:         isolated

       Count        Size                Time, us                       Bus Bandwidth, GB/s
                                 avg         min         max         avg         max         min
        1024        8192        1.92        1.92        1.92       38.36       38.36       38.36
        2048       16384        3.81        3.81        3.81       38.74       38.74       38.74
        4096       32768        7.59        7.59        7.59       38.84       38.84       38.84
        8192       65536       15.35       15.35       15.35       38.43       38.43       38.43
       16384      131072       30.32       30.32       30.32       38.91       38.91       38.91
       32768      262144       60.54       60.54       60.54       38.97       38.97       38.97
       65536      524288      121.01      121.01      121.01       38.99       38.99       38.99
      131072     1048576      242.01      242.01      242.01       38.99       38.99       38.99
      262144     2097152      487.40      487.40      487.40       38.72       38.72       38.72
      524288     4194304      976.20      976.20      976.20       38.67       38.67       38.67
     1048576     8388608     1946.74     1946.74     1946.74       38.78       38.78       38.78
     2097152    16777216     3882.07     3882.07     3882.07       38.90       38.90       38.90
     4194304    33554432     7823.03     7823.03     7823.03       38.60       38.60       38.60
     8388608    67108864    15633.01    15633.01    15633.01       38.63       38.63       38.63
    16777216   134217728    31317.35    31317.35    31317.35       38.57       38.57       38.57
    33554432   268435456    62628.25    62628.25    62628.25       38.58       38.58       38.58
    67108864   536870912   124926.02   124926.02   124926.02       38.68       38.68       38.68
Total time: 250.103 ms
