Collective:             Reduce DT
Memory type:            host
Datatype:               int64
Reduction:              prod
Inplace:                N/A
Warmup:                 
  small                 100
  large                 20
Iterations:             
  small                 1000
  large                 200
Iteration mode:         isolated

       Count        Size                Time, us                       Bus Bandwidth, GB/s
                                 avg         min         max         avg         max         min
        1024        8192        3.66        3.66        3.66       20.14       20.14       20.14
        2048       16384        7.54        7.54        7.54       19.55       19.55       19.55
        4096       32768       14.63       14.63       14.63       20.16       20.16       20.16
        8192       65536       28.84       28.84       28.84       20.45       20.45       20.45
       16384      131072       57.61       57.61       57.61       20.48       20.48       20.48
       32768      262144      116.05      116.05      116.05       20.33       20.33       20.33
       65536      524288      230.04      230.04      230.04       20.51       20.51       20.51
      131072     1048576      460.06      460.06      460.06       20.51       20.51       20.51
      262144     2097152      931.10      931.10      931.10       20.27       20.27       20.27
      524288     4194304     1278.38     1278.38     1278.38       29.53       29.53       29.53
     1048576     8388608     1941.05     1941.05     1941.05       38.90       38.90       38.90
     2097152    16777216     3910.50     3910.50     3910.50       38.61       38.61       38.61
     4194304    33554432     7795.66     7795.66     7795.66       38.74       38.74       38.74
     8388608    67108864    15575.47    15575.47    15575.47       38.78       38.78       38.78
    16777216   134217728    31296.56    31296.56    31296.56       38.60       38.60       38.60
    33554432   268435456    62646.93    62646.93    62646.93       38.56       38.56       38.56
    67108864   536870912   124937.62   124937.62   124937.62       38.67       38.67       38.67
Total time: 251.232 ms
