Collective:             Reduce DT
Memory type:            host
Datatype:               float64
Reduction:              prod
Inplace:                N/A
Warmup:                 
  small                 100
  large                 20
Iterations:             
  small                 1000
  large                 200
Iteration mode:         isolated

       Count        Size                Time, us                       Bus Bandwidth, GB/s
                                 avg         min         max         avg         max         min
        1024        8192        0.38        0.38        0.38       65.36       65.36       65.36
        2048       16384        0.86        0.86        0.86       57.15       57.15       57.15
        4096       32768        1.41        1.41        1.41       69.97       69.97       69.97
        8192       65536        4.27        4.27        4.27       46.08       46.08       46.08
       16384      131072        5.75        5.75        5.75       68.44       68.44       68.44
       32768      262144        5.28        5.28        5.28      148.97      148.97      148.97
       65536      524288       10.59       10.59       10.59      148.59      148.59      148.59
      131072     1048576       20.77       20.77       20.77      151.49      151.49      151.49
      262144     2097152       89.99       89.99       89.99       69.91       69.91       69.91
      524288     4194304      241.19      241.19      241.19       52.17       52.17       52.17
     1048576     8388608      358.00      358.00      358.00       70.30       70.30       70.30
     2097152    16777216      564.07      564.07      564.07       89.23       89.23       89.23
     4194304    33554432     1132.17     1132.17     1132.17       88.91       88.91       88.91
     8388608    67108864     2497.18     2497.18     2497.18       80.62       80.62       80.62
    16777216   134217728    10062.65    10062.65    10062.65       40.01       40.01       40.01
    33554432   268435456    26073.62    26073.62    26073.62       30.89       30.89       30.89
    67108864   536870912    56961.07    56961.07    56961.07       28.28       28.28       28.28
Total time: 98.0292 ms
