Collective:             Reduce DT strided
Memory type:            host
Datatype:               int64
Reduction:              prod
Inplace:                N/A
Warmup:                 
  small                 100
  large                 20
Iterations:             
  small                 1000
  large                 200
Iteration mode:         isolated

       Count        Size                Time, us                       Bus Bandwidth, GB/s
                                 avg         min         max         avg         max         min
        1024        8192        0.61        0.61        0.61       40.09       40.09       40.09
        2048       16384        1.44        1.44        1.44       34.06       34.06       34.06
        4096       32768        3.74        3.74        3.74       26.31       26.31       26.31
        8192       65536        8.09        8.09        8.09       24.29       24.29       24.29
       16384      131072       14.51       14.51       14.51       27.10       27.10       27.10
       32768      262144       18.21       18.21       18.21       43.20       43.20       43.20
       65536      524288       36.86       36.86       36.86       42.67       42.67       42.67
      131072     1048576       73.33       73.33       73.33       42.90       42.90       42.90
      262144     2097152      155.14      155.14      155.14       40.55       40.55       40.55
      524288     4194304      327.08      327.08      327.08       38.47       38.47       38.47
     1048576     8388608      620.58      620.58      620.58       40.55       40.55       40.55
     2097152    16777216     1268.02     1268.02     1268.02       39.69       39.69       39.69
     4194304    33554432     2507.41     2507.41     2507.41       40.15       40.15       40.15
     8388608    67108864     3473.22     3473.22     3473.22       57.97       57.97       57.97
    16777216   134217728    10539.70    10539.70    10539.70       38.20       38.20       38.20
    33554432   268435456    26568.29    26568.29    26568.29       30.31       30.31       30.31
    67108864   536870912    57713.83    57713.83    57713.83       27.91       27.91       27.91
Total time: 103.33 ms
