Collective:             Reduce DT
Memory type:            host
Datatype:               int32
Reduction:              min
Inplace:                N/A
Warmup:                 
  small                 100
  large                 20
Iterations:             
  small                 1000
  large                 200
Iteration mode:         isolated

       Count        Size                Time, us                       Bus Bandwidth, GB/s
                                 avg         min         max         avg         max         min
        1024        4096        0.31        0.31        0.31       39.51       39.51       39.51
        2048        8192        0.58        0.58        0.58       42.52       42.52       42.52
        4096       16384        1.21        1.21        1.21       40.69       40.69       40.69
        8192       32768        2.27        2.27        2.27       43.21       43.21       43.21
       16384       65536        5.48        5.48        5.48       35.86       35.86       35.86
       32768      131072       10.40       10.40       10.40       37.82       37.82       37.82
       65536      262144       21.93       21.93       21.93       35.86       35.86       35.86
      131072      524288       33.48       33.48       33.48       46.98       46.98       46.98
      262144     1048576       70.50       70.50       70.50       44.62       44.62       44.62
      524288     2097152      151.34      151.34      151.34       41.57       41.57       41.57
     1048576     4194304      322.47      322.47      322.47       39.02       39.02       39.02
     2097152     8388608      594.04      594.04      594.04       42.36       42.36       42.36
     4194304    16777216     1176.89     1176.89     1176.89       42.77       42.77       42.77
     8388608    33554432     2382.36     2382.36     2382.36       42.25       42.25       42.25
    16777216    67108864     2807.89     2807.89     2807.89       71.70       71.70       71.70
    33554432   134217728    10106.38    10106.38    10106.38       39.84       39.84       39.84
    67108864   268435456    25875.19    25875.19    25875.19       31.12       31.12       31.12
Total time: 43.5627 ms
