Collective:             Reduce DT strided
Memory type:            host
Datatype:               float32
Reduction:              prod
Inplace:                N/A
Warmup:                 
  small                 100
  large                 20
Iterations:             
  small                 1000
  large                 200
Iteration mode:         isolated

       Count        Size                Time, us                       Bus Bandwidth, GB/s
                                 avg         min         max         avg         max         min
        1024        4096        0.54        0.54        0.54       68.65       68.65       68.65
        2048        8192        1.62        1.62        1.62       45.51       45.51       45.51
        4096       16384        3.80        3.80        3.80       38.82       38.82       38.82
        8192       32768        6.30        6.30        6.30       46.78       46.78       46.78
       16384       65536        9.11        9.11        9.11       64.76       64.76       64.76
       32768      131072       18.80       18.80       18.80       62.73       62.73       62.73
       65536      262144       36.77       36.77       36.77       64.17       64.17       64.17
      131072      524288       72.72       72.72       72.72       64.89       64.89       64.89
      262144     1048576      149.32      149.32      149.32       63.20       63.20       63.20
      524288     2097152      311.46      311.46      311.46       60.60       60.60       60.60
     1048576     4194304      626.60      626.60      626.60       60.24       60.24       60.24
     2097152     8388608     1268.64     1268.64     1268.64       59.51       59.51       59.51
     4194304    16777216     1593.48     1593.48     1593.48       94.76       94.76       94.76
     8388608    33554432     2568.27     2568.27     2568.27      117.58      117.58      117.58
    16777216    67108864     5207.69     5207.69     5207.69      115.98      115.98      115.98
    33554432   134217728    11726.49    11726.49    11726.49      103.01      103.01      103.01
    67108864   268435456    27477.01    27477.01    27477.01       87.93       87.93       87.93
Total time: 51.0786 ms
