Collective:             Reduce DT
Memory type:            host
Datatype:               int64
Reduction:              max
Inplace:                N/A
Warmup:                 
  small                 100
  large                 20
Iterations:             
  small                 1000
  large                 200
Iteration mode:         isolated

       Count        Size                Time, us                       Bus Bandwidth, GB/s
                                 avg         min         max         avg         max         min
        1024        8192        2.73        2.73        2.73       27.00       27.00       27.00
        2048       16384        4.58        4.58        4.58       32.18       32.18       32.18
        4096       32768       11.32       11.32       11.32       26.04       26.04       26.04
        8192       65536       19.82       19.82       19.82       29.75       29.75       29.75
       16384      131072       39.54       39.54       39.54       29.84       29.84       29.84
       32768      262144       78.34       78.34       78.34       30.11       30.11       30.11
       65536      524288      161.29      161.29      161.29       29.25       29.25       29.25
      131072     1048576      337.26      337.26      337.26       27.98       27.98       27.98
      262144     2097152      694.82      694.82      694.82       27.16       27.16       27.16
      524288     4194304     1078.36     1078.36     1078.36       35.01       35.01       35.01
     1048576     8388608     1461.43     1461.43     1461.43       51.66       51.66       51.66
     2097152    16777216     2870.66     2870.66     2870.66       52.60       52.60       52.60
     4194304    33554432     5760.44     5760.44     5760.44       52.42       52.42       52.42
     8388608    67108864    11523.56    11523.56    11523.56       52.41       52.41       52.41
    16777216   134217728    23201.60    23201.60    23201.60       52.06       52.06       52.06
    33554432   268435456    46383.78    46383.78    46383.78       52.09       52.09       52.09
    67108864   536870912    92350.72    92350.72    92350.72       52.32       52.32       52.32
Total time: 185.98 ms
