Collective:             Reduce DT strided
Memory type:            host
Datatype:               int64
Reduction:              min
Inplace:                N/A
Warmup:                 
  small                 100
  large                 20
Iterations:             
  small                 1000
  large                 200
Iteration mode:         isolated

       Count        Size                Time, us                       Bus Bandwidth, GB/s
                                 avg         min         max         avg         max         min
        1024        8192        0.39        0.39        0.39       63.02       63.02       63.02
        2048       16384        0.81        0.81        0.81       60.91       60.91       60.91
        4096       32768        1.69        1.69        1.69       58.27       58.27       58.27
        8192       65536        3.59        3.59        3.59       54.81       54.81       54.81
       16384      131072        6.51        6.51        6.51       60.39       60.39       60.39
       32768      262144       12.21       12.21       12.21       64.44       64.44       64.44
       65536      524288       24.62       24.62       24.62       63.89       63.89       63.89
      131072     1048576       47.85       47.85       47.85       65.73       65.73       65.73
      262144     2097152      101.74      101.74      101.74       61.84       61.84       61.84
      524288     4194304      198.79      198.79      198.79       63.30       63.30       63.30
     1048576     8388608      398.58      398.58      398.58       63.14       63.14       63.14
     2097152    16777216      803.05      803.05      803.05       62.68       62.68       62.68
     4194304    33554432     1632.53     1632.53     1632.53       61.66       61.66       61.66
     8388608    67108864     3381.70     3381.70     3381.70       59.53       59.53       59.53
    16777216   134217728    10720.03    10720.03    10720.03       37.56       37.56       37.56
    33554432   268435456    26713.76    26713.76    26713.76       30.15       30.15       30.15
    67108864   536870912    57639.11    57639.11    57639.11       27.94       27.94       27.94
Total time: 101.687 ms
