Collective:             Reduce DT
Memory type:            host
Datatype:               float32
Reduction:              max
Inplace:                N/A
Warmup:                 
  small                 100
  large                 20
Iterations:             
  small                 1000
  large                 200
Iteration mode:         isolated

       Count        Size                Time, us                       Bus Bandwidth, GB/s
                                 avg         min         max         avg         max         min
        1024        4096        0.21        0.21        0.21       59.65       59.65       59.65
        2048        8192        0.38        0.38        0.38       65.19       65.19       65.19
        4096       16384        0.79        0.79        0.79       61.98       61.98       61.98
        8192       32768        2.62        2.62        2.62       37.58       37.58       37.58
       16384       65536        4.72        4.72        4.72       41.65       41.65       41.65
       32768      131072        8.07        8.07        8.07       48.70       48.70       48.70
       65536      262144       10.36       10.36       10.36       75.95       75.95       75.95
      131072      524288       22.34       22.34       22.34       70.41       70.41       70.41
      262144     1048576       41.02       41.02       41.02       76.69       76.69       76.69
      524288     2097152      124.19      124.19      124.19       50.66       50.66       50.66
     1048576     4194304      292.81      292.81      292.81       42.97       42.97       42.97
     2097152     8388608      487.60      487.60      487.60       51.61       51.61       51.61
     4194304    16777216      965.13      965.13      965.13       52.15       52.15       52.15
     8388608    33554432     1505.19     1505.19     1505.19       66.88       66.88       66.88
    16777216    67108864     2434.31     2434.31     2434.31       82.70       82.70       82.70
    33554432   134217728    10144.34    10144.34    10144.34       39.69       39.69       39.69
    67108864   268435456    26295.40    26295.40    26295.40       30.63       30.63       30.63
Total time: 42.3395 ms
