Collective:             Reduce DT strided
Memory type:            host
Datatype:               int64
Reduction:              sum
Inplace:                N/A
Warmup:                 
  small                 100
  large                 20
Iterations:             
  small                 1000
  large                 200
Iteration mode:         isolated

       Count        Size                Time, us                       Bus Bandwidth, GB/s
                                 avg         min         max         avg         max         min
        1024        8192        0.36        0.36        0.36       68.65       68.65       68.65
        2048       16384        0.86        0.86        0.86       57.09       57.09       57.09
        4096       32768        2.44        2.44        2.44       40.34       40.34       40.34
        8192       65536        4.30        4.30        4.30       45.73       45.73       45.73
       16384      131072        7.18        7.18        7.18       54.78       54.78       54.78
       32768      262144       11.63       11.63       11.63       67.63       67.63       67.63
       65536      524288       20.63       20.63       20.63       76.24       76.24       76.24
      131072     1048576       50.88       50.88       50.88       61.82       61.82       61.82
      262144     2097152      125.75      125.75      125.75       50.03       50.03       50.03
      524288     4194304      308.94      308.94      308.94       40.73       40.73       40.73
     1048576     8388608      495.20      495.20      495.20       50.82       50.82       50.82
     2097152    16777216      971.66      971.66      971.66       51.80       51.80       51.80
     4194304    33554432     1911.04     1911.04     1911.04       52.67       52.67       52.67
     8388608    67108864     2732.95     2732.95     2732.95       73.67       73.67       73.67
    16777216   134217728     9983.69     9983.69     9983.69       40.33       40.33       40.33
    33554432   268435456    26004.58    26004.58    26004.58       30.97       30.97       30.97
    67108864   536870912    56869.08    56869.08    56869.08       28.32       28.32       28.32
Total time: 99.5012 ms
