Collective:             Reduce DT
Memory type:            host
Datatype:               int32
Reduction:              prod
Inplace:                N/A
Warmup:                 
  small                 100
  large                 20
Iterations:             
  small                 1000
  large                 200
Iteration mode:         isolated

       Count        Size                Time, us                       Bus Bandwidth, GB/s
                                 avg         min         max         avg         max         min
        1024        4096        3.07        3.07        3.07       12.00       12.00       12.00
        2048        8192        5.62        5.62        5.62       13.13       13.13       13.13
        4096       16384       11.59       11.59       11.59       12.72       12.72       12.72
        8192       32768       22.55       22.55       22.55       13.08       13.08       13.08
       16384       65536       44.51       44.51       44.51       13.25       13.25       13.25
       32768      131072       89.98       89.98       89.98       13.11       13.11       13.11
       65536      262144      177.90      177.90      177.90       13.26       13.26       13.26
      131072      524288      354.70      354.70      354.70       13.30       13.30       13.30
      262144     1048576      709.37      709.37      709.37       13.30       13.30       13.30
      524288     2097152     1431.46     1431.46     1431.46       13.19       13.19       13.19
     1048576     4194304     1499.80     1499.80     1499.80       25.17       25.17       25.17
     2097152     8388608     2996.52     2996.52     2996.52       25.20       25.20       25.20
     4194304    16777216     5999.35     5999.35     5999.35       25.17       25.17       25.17
     8388608    33554432    11964.76    11964.76    11964.76       25.24       25.24       25.24
    16777216    67108864    23994.78    23994.78    23994.78       25.17       25.17       25.17
    33554432   134217728    47917.70    47917.70    47917.70       25.21       25.21       25.21
    67108864   268435456    95959.90    95959.90    95959.90       25.18       25.18       25.18
Total time: 193.184 ms
