Collective:             Reduce DT strided
Memory type:            host
Datatype:               float32
Reduction:              sum
Inplace:                N/A
Warmup:                 
  small                 100
  large                 20
Iterations:             
  small                 1000
  large                 200
Iteration mode:         isolated

       Count        Size                Time, us                       Bus Bandwidth, GB/s
                                 avg         min         max         avg         max         min
        1024        4096        0.51        0.51        0.51       73.00       73.00       73.00
        2048        8192        1.61        1.61        1.61       45.77       45.77       45.77
        4096       16384        3.54        3.54        3.54       41.71       41.71       41.71
        8192       32768        6.15        6.15        6.15       47.92       47.92       47.92
       16384       65536        9.85        9.85        9.85       59.86       59.86       59.86
       32768      131072       19.39       19.39       19.39       60.85       60.85       60.85
       65536      262144       38.23       38.23       38.23       61.71       61.71       61.71
      131072      524288       76.64       76.64       76.64       61.56       61.56       61.56
      262144     1048576      153.68      153.68      153.68       61.41       61.41       61.41
      524288     2097152      312.10      312.10      312.10       60.48       60.48       60.48
     1048576     4194304      627.78      627.78      627.78       60.13       60.13       60.13
     2097152     8388608     1264.53     1264.53     1264.53       59.70       59.70       59.70
     4194304    16777216     1941.21     1941.21     1941.21       77.78       77.78       77.78
     8388608    33554432     2656.82     2656.82     2656.82      113.67      113.67      113.67
    16777216    67108864     5377.77     5377.77     5377.77      112.31      112.31      112.31
    33554432   134217728    11755.85    11755.85    11755.85      102.75      102.75      102.75
    67108864   268435456    27083.38    27083.38    27083.38       89.20       89.20       89.20
Total time: 51.329 ms
