Collective:             Reduce DT strided
Memory type:            host
Datatype:               float64
Reduction:              min
Inplace:                N/A
Warmup:                 
  small                 100
  large                 20
Iterations:             
  small                 1000
  large                 200
Iteration mode:         isolated

       Count        Size                Time, us                       Bus Bandwidth, GB/s
                                 avg         min         max         avg         max         min
        1024        8192        1.73        1.73        1.73       42.72       42.72       42.72
        2048       16384        2.88        2.88        2.88       51.22       51.22       51.22
        4096       32768        6.98        6.98        6.98       42.24       42.24       42.24
        8192       65536        9.81        9.81        9.81       60.11       60.11       60.11
       16384      131072       18.63       18.63       18.63       63.32       63.32       63.32
       32768      262144       36.94       36.94       36.94       63.87       63.87       63.87
       65536      524288       73.50       73.50       73.50       64.20       64.20       64.20
      131072     1048576      149.88      149.88      149.88       62.97       62.97       62.97
      262144     2097152      310.48      310.48      310.48       60.79       60.79       60.79
      524288     4194304      611.82      611.82      611.82       61.70       61.70       61.70
     1048576     8388608     1231.07     1231.07     1231.07       61.33       61.33       61.33
     2097152    16777216     1637.64     1637.64     1637.64       92.20       92.20       92.20
     4194304    33554432     2560.61     2560.61     2560.61      117.94      117.94      117.94
     8388608    67108864     5209.94     5209.94     5209.94      115.93      115.93      115.93
    16777216   134217728    11579.62    11579.62    11579.62      104.32      104.32      104.32
    33554432   268435456    27005.79    27005.79    27005.79       89.46       89.46       89.46
    67108864   536870912    57232.28    57232.28    57232.28       84.43       84.43       84.43
Total time: 107.68 ms
