Collective:             Reduce DT
Memory type:            host
Datatype:               float64
Reduction:              prod
Inplace:                N/A
Warmup:                 
  small                 100
  large                 20
Iterations:             
  small                 1000
  large                 200
Iteration mode:         isolated

       Count        Size                Time, us                       Bus Bandwidth, GB/s
                                 avg         min         max         avg         max         min
        1024        8192        1.69        1.69        1.69       43.52       43.52       43.52
        2048       16384        2.10        2.10        2.10       70.25       70.25       70.25
        4096       32768        7.33        7.33        7.33       40.25       40.25       40.25
        8192       65536        9.62        9.62        9.62       61.29       61.29       61.29
       16384      131072       18.68       18.68       18.68       63.16       63.16       63.16
       32768      262144       36.79       36.79       36.79       64.13       64.13       64.13
       65536      524288       73.19       73.19       73.19       64.47       64.47       64.47
      131072     1048576      149.18      149.18      149.18       63.26       63.26       63.26
      262144     2097152      300.95      300.95      300.95       62.72       62.72       62.72
      524288     4194304      610.24      610.24      610.24       61.86       61.86       61.86
     1048576     8388608     1214.93     1214.93     1214.93       62.14       62.14       62.14
     2097152    16777216     2458.32     2458.32     2458.32       61.42       61.42       61.42
     4194304    33554432     2762.69     2762.69     2762.69      109.31      109.31      109.31
     8388608    67108864     5226.82     5226.82     5226.82      115.55      115.55      115.55
    16777216   134217728    11654.93    11654.93    11654.93      103.64      103.64      103.64
    33554432   268435456    27031.49    27031.49    27031.49       89.37       89.37       89.37
    67108864   536870912    57352.32    57352.32    57352.32       84.25       84.25       84.25
Total time: 108.911 ms
