Collective:             Reduce DT
Memory type:            host
Datatype:               int32
Reduction:              prod
Inplace:                N/A
Warmup:                 
  small                 100
  large                 20
Iterations:             
  small                 1000
  large                 200
Iteration mode:         isolated

       Count        Size                Time, us                       Bus Bandwidth, GB/s
                                 avg         min         max         avg         max         min
        1024        4096        0.40        0.40        0.40       30.80       30.80       30.80
        2048        8192        0.83        0.83        0.83       29.54       29.54       29.54
        4096       16384        1.45        1.45        1.45       33.94       33.94       33.94
        8192       32768        3.22        3.22        3.22       30.51       30.51       30.51
       16384       65536        6.75        6.75        6.75       29.13       29.13       29.13
       32768      131072       12.10       12.10       12.10       32.51       32.51       32.51
       65536      262144       24.34       24.34       24.34       32.32       32.32       32.32
      131072      524288       45.36       45.36       45.36       34.68       34.68       34.68
      262144     1048576       93.36       93.36       93.36       33.69       33.69       33.69
      524288     2097152      183.13      183.13      183.13       34.36       34.36       34.36
     1048576     4194304      360.96      360.96      360.96       34.86       34.86       34.86
     2097152     8388608      735.92      735.92      735.92       34.20       34.20       34.20
     4194304    16777216     1464.99     1464.99     1464.99       34.36       34.36       34.36
     8388608    33554432     2374.13     2374.13     2374.13       42.40       42.40       42.40
    16777216    67108864     3272.86     3272.86     3272.86       61.51       61.51       61.51
    33554432   134217728     9826.77     9826.77     9826.77       40.98       40.98       40.98
    67108864   268435456    25476.97    25476.97    25476.97       31.61       31.61       31.61
Total time: 43.8835 ms
