Collective:             Reduce DT
Memory type:            host
Datatype:               float32
Reduction:              prod
Inplace:                N/A
Warmup:                 
  small                 100
  large                 20
Iterations:             
  small                 1000
  large                 200
Iteration mode:         isolated

       Count        Size                Time, us                       Bus Bandwidth, GB/s
                                 avg         min         max         avg         max         min
        1024        4096        0.52        0.52        0.52       71.17       71.17       71.17
        2048        8192        1.42        1.42        1.42       51.85       51.85       51.85
        4096       16384        2.50        2.50        2.50       58.89       58.89       58.89
        8192       32768        6.10        6.10        6.10       48.35       48.35       48.35
       16384       65536        9.38        9.38        9.38       62.87       62.87       62.87
       32768      131072       18.87       18.87       18.87       62.51       62.51       62.51
       65536      262144       37.00       37.00       37.00       63.76       63.76       63.76
      131072      524288       73.48       73.48       73.48       64.21       64.21       64.21
      262144     1048576      148.80      148.80      148.80       63.42       63.42       63.42
      524288     2097152      301.49      301.49      301.49       62.60       62.60       62.60
     1048576     4194304      610.66      610.66      610.66       61.82       61.82       61.82
     2097152     8388608     1121.22     1121.22     1121.22       67.33       67.33       67.33
     4194304    16777216     1272.54     1272.54     1272.54      118.66      118.66      118.66
     8388608    33554432     2560.36     2560.36     2560.36      117.95      117.95      117.95
    16777216    67108864     5228.73     5228.73     5228.73      115.51      115.51      115.51
    33554432   134217728    11677.92    11677.92    11677.92      103.44      103.44      103.44
    67108864   268435456    26983.12    26983.12    26983.12       89.53       89.53       89.53
Total time: 50.0541 ms
