Collective:             Reduce DT
Memory type:            host
Datatype:               int64
Reduction:              min
Inplace:                N/A
Warmup:                 
  small                 100
  large                 20
Iterations:             
  small                 1000
  large                 200
Iteration mode:         isolated

       Count        Size                Time, us                       Bus Bandwidth, GB/s
                                 avg         min         max         avg         max         min
        1024        8192        2.56        2.56        2.56       28.83       28.83       28.83
        2048       16384        4.53        4.53        4.53       32.54       32.54       32.54
        4096       32768       10.06       10.06       10.06       29.31       29.31       29.31
        8192       65536       21.70       21.70       21.70       27.18       27.18       27.18
       16384      131072       39.41       39.41       39.41       29.94       29.94       29.94
       32768      262144       80.14       80.14       80.14       29.44       29.44       29.44
       65536      524288      166.74      166.74      166.74       28.30       28.30       28.30
      131072     1048576      324.19      324.19      324.19       29.11       29.11       29.11
      262144     2097152      643.84      643.84      643.84       29.32       29.32       29.32
      524288     4194304     1363.53     1363.53     1363.53       27.68       27.68       27.68
     1048576     8388608     2711.80     2711.80     2711.80       27.84       27.84       27.84
     2097152    16777216     3578.73     3578.73     3578.73       42.19       42.19       42.19
     4194304    33554432     5751.29     5751.29     5751.29       52.51       52.51       52.51
     8388608    67108864    11552.83    11552.83    11552.83       52.28       52.28       52.28
    16777216   134217728    23113.33    23113.33    23113.33       52.26       52.26       52.26
    33554432   268435456    46353.69    46353.69    46353.69       52.12       52.12       52.12
    67108864   536870912    92361.59    92361.59    92361.59       52.31       52.31       52.31
Total time: 188.08 ms
