Collective:             Reduce DT strided
Memory type:            host
Datatype:               float64
Reduction:              prod
Inplace:                N/A
Warmup:                 
  small                 100
  large                 20
Iterations:             
  small                 1000
  large                 200
Iteration mode:         isolated

       Count        Size                Time, us                       Bus Bandwidth, GB/s
                                 avg         min         max         avg         max         min
        1024        8192        0.38        0.38        0.38       64.50       64.50       64.50
        2048       16384        0.82        0.82        0.82       59.72       59.72       59.72
        4096       32768        1.81        1.81        1.81       54.43       54.43       54.43
        8192       65536        4.23        4.23        4.23       46.52       46.52       46.52
       16384      131072        7.18        7.18        7.18       54.79       54.79       54.79
       32768      262144       10.18       10.18       10.18       77.23       77.23       77.23
       65536      524288       20.71       20.71       20.71       75.95       75.95       75.95
      131072     1048576       39.80       39.80       39.80       79.05       79.05       79.05
      262144     2097152      109.14      109.14      109.14       57.64       57.64       57.64
      524288     4194304      263.42      263.42      263.42       47.77       47.77       47.77
     1048576     8388608      374.53      374.53      374.53       67.19       67.19       67.19
     2097152    16777216      569.66      569.66      569.66       88.35       88.35       88.35
     4194304    33554432     1131.44     1131.44     1131.44       88.97       88.97       88.97
     8388608    67108864     2533.62     2533.62     2533.62       79.46       79.46       79.46
    16777216   134217728    10293.77    10293.77    10293.77       39.12       39.12       39.12
    33554432   268435456    25769.50    25769.50    25769.50       31.25       31.25       31.25
    67108864   536870912    56452.03    56452.03    56452.03       28.53       28.53       28.53
Total time: 97.5822 ms
