Collective:             Reduce DT strided
Memory type:            host
Datatype:               int64
Reduction:              max
Inplace:                N/A
Warmup:                 
  small                 100
  large                 20
Iterations:             
  small                 1000
  large                 200
Iteration mode:         isolated

       Count        Size                Time, us                       Bus Bandwidth, GB/s
                                 avg         min         max         avg         max         min
        1024        8192        2.91        2.91        2.91       25.34       25.34       25.34
        2048       16384        5.11        5.11        5.11       28.87       28.87       28.87
        4096       32768       11.47       11.47       11.47       25.70       25.70       25.70
        8192       65536       20.18       20.18       20.18       29.23       29.23       29.23
       16384      131072       39.88       39.88       39.88       29.58       29.58       29.58
       32768      262144       81.44       81.44       81.44       28.97       28.97       28.97
       65536      524288      156.01      156.01      156.01       30.25       30.25       30.25
      131072     1048576      340.88      340.88      340.88       27.68       27.68       27.68
      262144     2097152      696.53      696.53      696.53       27.10       27.10       27.10
      524288     4194304     1394.88     1394.88     1394.88       27.06       27.06       27.06
     1048576     8388608     1456.93     1456.93     1456.93       51.82       51.82       51.82
     2097152    16777216     2946.54     2946.54     2946.54       51.24       51.24       51.24
     4194304    33554432     5956.23     5956.23     5956.23       50.70       50.70       50.70
     8388608    67108864    11537.91    11537.91    11537.91       52.35       52.35       52.35
    16777216   134217728    23230.79    23230.79    23230.79       52.00       52.00       52.00
    33554432   268435456    46354.39    46354.39    46354.39       52.12       52.12       52.12
    67108864   536870912    92401.34    92401.34    92401.34       52.29       52.29       52.29
Total time: 186.633 ms
