Collective:             Reduce DT
Memory type:            host
Datatype:               int64
Reduction:              prod
Inplace:                N/A
Warmup:                 
  small                 100
  large                 20
Iterations:             
  small                 1000
  large                 200
Iteration mode:         isolated

       Count        Size                Time, us                       Bus Bandwidth, GB/s
                                 avg         min         max         avg         max         min
        1024        8192        0.62        0.62        0.62       39.90       39.90       39.90
        2048       16384        1.33        1.33        1.33       37.07       37.07       37.07
        4096       32768        3.16        3.16        3.16       31.11       31.11       31.11
        8192       65536        6.78        6.78        6.78       29.01       29.01       29.01
       16384      131072       12.33       12.33       12.33       31.90       31.90       31.90
       32768      262144       18.33       18.33       18.33       42.89       42.89       42.89
       65536      524288       36.34       36.34       36.34       43.28       43.28       43.28
      131072     1048576       72.22       72.22       72.22       43.56       43.56       43.56
      262144     2097152      159.57      159.57      159.57       39.43       39.43       39.43
      524288     4194304      337.58      337.58      337.58       37.27       37.27       37.27
     1048576     8388608      614.16      614.16      614.16       40.98       40.98       40.98
     2097152    16777216     1153.90     1153.90     1153.90       43.62       43.62       43.62
     4194304    33554432     1287.58     1287.58     1287.58       78.18       78.18       78.18
     8388608    67108864     2857.57     2857.57     2857.57       70.45       70.45       70.45
    16777216   134217728    10449.14    10449.14    10449.14       38.53       38.53       38.53
    33554432   268435456    26805.58    26805.58    26805.58       30.04       30.04       30.04
    67108864   536870912    58340.41    58340.41    58340.41       27.61       27.61       27.61
Total time: 102.157 ms
