Collective:             Reduce DT strided
Memory type:            host
Datatype:               float32
Reduction:              sum
Inplace:                N/A
Warmup:                 
  small                 100
  large                 20
Iterations:             
  small                 1000
  large                 200
Iteration mode:         isolated

       Count        Size                Time, us                       Bus Bandwidth, GB/s
                                 avg         min         max         avg         max         min
        1024        4096        0.21        0.21        0.21       57.69       57.69       57.69
        2048        8192        0.36        0.36        0.36       68.46       68.46       68.46
        4096       16384        0.81        0.81        0.81       60.53       60.53       60.53
        8192       32768        2.07        2.07        2.07       47.44       47.44       47.44
       16384       65536        4.26        4.26        4.26       46.20       46.20       46.20
       32768      131072        7.32        7.32        7.32       53.73       53.73       53.73
       65536      262144       10.50       10.50       10.50       74.90       74.90       74.90
      131072      524288       19.67       19.67       19.67       79.96       79.96       79.96
      262144     1048576       39.30       39.30       39.30       80.04       80.04       80.04
      524288     2097152      122.44      122.44      122.44       51.38       51.38       51.38
     1048576     4194304      294.36      294.36      294.36       42.75       42.75       42.75
     2097152     8388608      508.55      508.55      508.55       49.49       49.49       49.49
     4194304    16777216     1006.04     1006.04     1006.04       50.03       50.03       50.03
     8388608    33554432     1616.05     1616.05     1616.05       62.29       62.29       62.29
    16777216    67108864     2498.47     2498.47     2498.47       80.58       80.58       80.58
    33554432   134217728    10195.67    10195.67    10195.67       39.49       39.49       39.49
    67108864   268435456    26061.47    26061.47    26061.47       30.90       30.90       30.90
Total time: 42.3875 ms
