Collective:             Reduce DT strided
Memory type:            host
Datatype:               int32
Reduction:              prod
Inplace:                N/A
Warmup:                 
  small                 100
  large                 20
Iterations:             
  small                 1000
  large                 200
Iteration mode:         isolated

       Count        Size                Time, us                       Bus Bandwidth, GB/s
                                 avg         min         max         avg         max         min
        1024        4096        0.23        0.23        0.23       52.29       52.29       52.29
        2048        8192        0.45        0.45        0.45       55.10       55.10       55.10
        4096       16384        0.87        0.87        0.87       56.24       56.24       56.24
        8192       32768        1.83        1.83        1.83       53.78       53.78       53.78
       16384       65536        3.76        3.76        3.76       52.32       52.32       52.32
       32768      131072        6.45        6.45        6.45       61.00       61.00       61.00
       65536      262144       12.01       12.01       12.01       65.48       65.48       65.48
      131072      524288       26.57       26.57       26.57       59.21       59.21       59.21
      262144     1048576       51.94       51.94       51.94       60.56       60.56       60.56
      524288     2097152       98.43       98.43       98.43       63.92       63.92       63.92
     1048576     4194304      196.06      196.06      196.06       64.18       64.18       64.18
     2097152     8388608      387.50      387.50      387.50       64.94       64.94       64.94
     4194304    16777216      784.36      784.36      784.36       64.17       64.17       64.17
     8388608    33554432     1566.96     1566.96     1566.96       64.24       64.24       64.24
    16777216    67108864     3285.74     3285.74     3285.74       61.27       61.27       61.27
    33554432   134217728     9949.25     9949.25     9949.25       40.47       40.47       40.47
    67108864   268435456    25740.58    25740.58    25740.58       31.29       31.29       31.29
Total time: 42.113 ms
