Collective:             Reduce DT
Memory type:            host
Datatype:               int64
Reduction:              sum
Inplace:                N/A
Warmup:                 
  small                 100
  large                 20
Iterations:             
  small                 1000
  large                 200
Iteration mode:         isolated

       Count        Size                Time, us                       Bus Bandwidth, GB/s
                                 avg         min         max         avg         max         min
        1024        8192        0.19        0.19        0.19      128.00      128.00      128.00
        2048       16384        0.45        0.45        0.45      110.21      110.21      110.21
        4096       32768        1.04        1.04        1.04       94.61       94.61       94.61
        8192       65536        2.48        2.48        2.48       79.37       79.37       79.37
       16384      131072        4.19        4.19        4.19       93.91       93.91       93.91
       32768      262144        5.43        5.43        5.43      144.94      144.94      144.94
       65536      524288       10.89       10.89       10.89      144.43      144.43      144.43
      131072     1048576       24.48       24.48       24.48      128.48      128.48      128.48
      262144     2097152       52.79       52.79       52.79      119.18      119.18      119.18
      524288     4194304      137.27      137.27      137.27       91.67       91.67       91.67
     1048576     8388608      273.51      273.51      273.51       92.01       92.01       92.01
     2097152    16777216      549.86      549.86      549.86       91.54       91.54       91.54
     4194304    33554432     1098.83     1098.83     1098.83       91.61       91.61       91.61
     8388608    67108864     2537.41     2537.41     2537.41       79.34       79.34       79.34
    16777216   134217728    10026.48    10026.48    10026.48       40.16       40.16       40.16
    33554432   268435456    26119.09    26119.09    26119.09       30.83       30.83       30.83
    67108864   536870912    56843.29    56843.29    56843.29       28.33       28.33       28.33
Total time: 97.6877 ms
