Collective:             Reduce DT strided
Memory type:            host
Datatype:               float32
Reduction:              max
Inplace:                N/A
Warmup:                 
  small                 100
  large                 20
Iterations:             
  small                 1000
  large                 200
Iteration mode:         isolated

       Count        Size                Time, us                       Bus Bandwidth, GB/s
                                 avg         min         max         avg         max         min
        1024        4096        0.52        0.52        0.52       71.58       71.58       71.58
        2048        8192        1.59        1.59        1.59       46.40       46.40       46.40
        4096       16384        3.54        3.54        3.54       41.61       41.61       41.61
        8192       32768        6.08        6.08        6.08       48.55       48.55       48.55
       16384       65536        9.57        9.57        9.57       61.66       61.66       61.66
       32768      131072       18.46       18.46       18.46       63.92       63.92       63.92
       65536      262144       36.99       36.99       36.99       63.77       63.77       63.77
      131072      524288       73.17       73.17       73.17       64.48       64.48       64.48
      262144     1048576      149.93      149.93      149.93       62.94       62.94       62.94
      524288     2097152      310.71      310.71      310.71       60.75       60.75       60.75
     1048576     4194304      635.00      635.00      635.00       59.45       59.45       59.45
     2097152     8388608     1282.67     1282.67     1282.67       58.86       58.86       58.86
     4194304    16777216     1763.95     1763.95     1763.95       85.60       85.60       85.60
     8388608    33554432     2738.28     2738.28     2738.28      110.28      110.28      110.28
    16777216    67108864     5542.32     5542.32     5542.32      108.98      108.98      108.98
    33554432   134217728    11591.61    11591.61    11591.61      104.21      104.21      104.21
    67108864   268435456    26821.91    26821.91    26821.91       90.07       90.07       90.07
Total time: 50.9863 ms
