Collective:             Reduce DT strided
Memory type:            host
Datatype:               float64
Reduction:              sum
Inplace:                N/A
Warmup:                 
  small                 100
  large                 20
Iterations:             
  small                 1000
  large                 200
Iteration mode:         isolated

       Count        Size                Time, us                       Bus Bandwidth, GB/s
                                 avg         min         max         avg         max         min
        1024        8192        1.71        1.71        1.71       43.19       43.19       43.19
        2048       16384        1.85        1.85        1.85       79.49       79.49       79.49
        4096       32768        7.23        7.23        7.23       40.79       40.79       40.79
        8192       65536        9.94        9.94        9.94       59.31       59.31       59.31
       16384      131072       19.38       19.38       19.38       60.87       60.87       60.87
       32768      262144       38.21       38.21       38.21       61.74       61.74       61.74
       65536      524288       76.14       76.14       76.14       61.97       61.97       61.97
      131072     1048576      157.79      157.79      157.79       59.81       59.81       59.81
      262144     2097152      326.77      326.77      326.77       57.76       57.76       57.76
      524288     4194304      624.43      624.43      624.43       60.45       60.45       60.45
     1048576     8388608      695.88      695.88      695.88      108.49      108.49      108.49
     2097152    16777216     1308.24     1308.24     1308.24      115.42      115.42      115.42
     4194304    33554432     2649.20     2649.20     2649.20      113.99      113.99      113.99
     8388608    67108864     5389.45     5389.45     5389.45      112.07      112.07      112.07
    16777216   134217728    11783.67    11783.67    11783.67      102.51      102.51      102.51
    33554432   268435456    27040.47    27040.47    27040.47       89.34       89.34       89.34
    67108864   536870912    57109.70    57109.70    57109.70       84.61       84.61       84.61
Total time: 107.24 ms
