Collective:             Reduce DT strided
Memory type:            host
Datatype:               float32
Reduction:              min
Inplace:                N/A
Warmup:                 
  small                 100
  large                 20
Iterations:             
  small                 1000
  large                 200
Iteration mode:         isolated

       Count        Size                Time, us                       Bus Bandwidth, GB/s
                                 avg         min         max         avg         max         min
        1024        4096        0.51        0.51        0.51       72.00       72.00       72.00
        2048        8192        1.60        1.60        1.60       46.17       46.17       46.17
        4096       16384        3.55        3.55        3.55       41.57       41.57       41.57
        8192       32768        6.62        6.62        6.62       44.53       44.53       44.53
       16384       65536        9.26        9.26        9.26       63.69       63.69       63.69
       32768      131072       18.88       18.88       18.88       62.47       62.47       62.47
       65536      262144       36.78       36.78       36.78       64.14       64.14       64.14
      131072      524288       73.34       73.34       73.34       64.33       64.33       64.33
      262144     1048576      152.31      152.31      152.31       61.96       61.96       61.96
      524288     2097152      313.19      313.19      313.19       60.26       60.26       60.26
     1048576     4194304      633.68      633.68      633.68       59.57       59.57       59.57
     2097152     8388608     1227.64     1227.64     1227.64       61.50       61.50       61.50
     4194304    16777216     2422.44     2422.44     2422.44       62.33       62.33       62.33
     8388608    33554432     2562.09     2562.09     2562.09      117.87      117.87      117.87
    16777216    67108864     5216.60     5216.60     5216.60      115.78      115.78      115.78
    33554432   134217728    11645.03    11645.03    11645.03      103.73      103.73      103.73
    67108864   268435456    27116.87    27116.87    27116.87       89.09       89.09       89.09
Total time: 51.4404 ms
