Collective:             Reduce DT strided
Memory type:            host
Datatype:               int32
Reduction:              sum
Inplace:                N/A
Warmup:                 
  small                 100
  large                 20
Iterations:             
  small                 1000
  large                 200
Iteration mode:         isolated

       Count        Size                Time, us                       Bus Bandwidth, GB/s
                                 avg         min         max         avg         max         min
        1024        4096        0.49        0.49        0.49       75.23       75.23       75.23
        2048        8192        1.59        1.59        1.59       46.40       46.40       46.40
        4096       16384        3.50        3.50        3.50       42.09       42.09       42.09
        8192       32768        6.13        6.13        6.13       48.14       48.14       48.14
       16384       65536        9.62        9.62        9.62       61.34       61.34       61.34
       32768      131072       18.45       18.45       18.45       63.94       63.94       63.94
       65536      262144       36.80       36.80       36.80       64.10       64.10       64.10
      131072      524288       73.53       73.53       73.53       64.17       64.17       64.17
      262144     1048576      147.82      147.82      147.82       63.84       63.84       63.84
      524288     2097152      298.74      298.74      298.74       63.18       63.18       63.18
     1048576     4194304      383.94      383.94      383.94       98.32       98.32       98.32
     2097152     8388608      635.83      635.83      635.83      118.74      118.74      118.74
     4194304    16777216     1286.31     1286.31     1286.31      117.39      117.39      117.39
     8388608    33554432     2564.41     2564.41     2564.41      117.76      117.76      117.76
    16777216    67108864     5206.53     5206.53     5206.53      116.00      116.00      116.00
    33554432   134217728    11635.68    11635.68    11635.68      103.82      103.82      103.82
    67108864   268435456    27091.95    27091.95    27091.95       89.17       89.17       89.17
Total time: 49.4013 ms
