Collective:             Reduce DT
Memory type:            host
Datatype:               float64
Reduction:              min
Inplace:                N/A
Warmup:                 
  small                 100
  large                 20
Iterations:             
  small                 1000
  large                 200
Iteration mode:         isolated

       Count        Size                Time, us                       Bus Bandwidth, GB/s
                                 avg         min         max         avg         max         min
        1024        8192        1.74        1.74        1.74       42.49       42.49       42.49
        2048       16384        2.22        2.22        2.22       66.54       66.54       66.54
        4096       32768        7.16        7.16        7.16       41.18       41.18       41.18
        8192       65536        9.46        9.46        9.46       62.38       62.38       62.38
       16384      131072       18.61       18.61       18.61       63.37       63.37       63.37
       32768      262144       36.73       36.73       36.73       64.24       64.24       64.24
       65536      524288       73.78       73.78       73.78       63.95       63.95       63.95
      131072     1048576      154.09      154.09      154.09       61.24       61.24       61.24
      262144     2097152      315.13      315.13      315.13       59.89       59.89       59.89
      524288     4194304      628.80      628.80      628.80       60.03       60.03       60.03
     1048576     8388608     1250.36     1250.36     1250.36       60.38       60.38       60.38
     2097152    16777216     1569.66     1569.66     1569.66       96.20       96.20       96.20
     4194304    33554432     2733.16     2733.16     2733.16      110.49      110.49      110.49
     8388608    67108864     5237.23     5237.23     5237.23      115.32      115.32      115.32
    16777216   134217728    11571.83    11571.83    11571.83      104.39      104.39      104.39
    33554432   268435456    26870.26    26870.26    26870.26       89.91       89.91       89.91
    67108864   536870912    56953.93    56953.93    56953.93       84.84       84.84       84.84
Total time: 107.434 ms
