Collective:             Reduce DT strided
Memory type:            host
Datatype:               float64
Reduction:              min
Inplace:                N/A
Warmup:                 
  small                 100
  large                 20
Iterations:             
  small                 1000
  large                 200
Iteration mode:         isolated

       Count        Size                Time, us                       Bus Bandwidth, GB/s
                                 avg         min         max         avg         max         min
        1024        8192        0.38        0.38        0.38       64.67       64.67       64.67
        2048       16384        0.85        0.85        0.85       57.69       57.69       57.69
        4096       32768        1.81        1.81        1.81       54.43       54.43       54.43
        8192       65536        4.28        4.28        4.28       45.99       45.99       45.99
       16384      131072        7.48        7.48        7.48       52.56       52.56       52.56
       32768      262144       10.32       10.32       10.32       76.18       76.18       76.18
       65536      524288       19.98       19.98       19.98       78.70       78.70       78.70
      131072     1048576       39.72       39.72       39.72       79.20       79.20       79.20
      262144     2097152      129.00      129.00      129.00       48.77       48.77       48.77
      524288     4194304      299.35      299.35      299.35       42.03       42.03       42.03
     1048576     8388608      495.85      495.85      495.85       50.75       50.75       50.75
     2097152    16777216      951.98      951.98      951.98       52.87       52.87       52.87
     4194304    33554432     1185.33     1185.33     1185.33       84.92       84.92       84.92
     8388608    67108864     2545.26     2545.26     2545.26       79.10       79.10       79.10
    16777216   134217728    10206.88    10206.88    10206.88       39.45       39.45       39.45
    33554432   268435456    26232.12    26232.12    26232.12       30.70       30.70       30.70
    67108864   536870912    57245.82    57245.82    57245.82       28.14       28.14       28.14
Total time: 99.3764 ms
