Collective:             Reduce DT
Memory type:            host
Datatype:               int32
Reduction:              max
Inplace:                N/A
Warmup:                 
  small                 100
  large                 20
Iterations:             
  small                 1000
  large                 200
Iteration mode:         isolated

       Count        Size                Time, us                       Bus Bandwidth, GB/s
                                 avg         min         max         avg         max         min
        1024        4096        0.31        0.31        0.31       39.77       39.77       39.77
        2048        8192        0.57        0.57        0.57       42.74       42.74       42.74
        4096       16384        1.11        1.11        1.11       44.44       44.44       44.44
        8192       32768        2.27        2.27        2.27       43.36       43.36       43.36
       16384       65536        4.72        4.72        4.72       41.62       41.62       41.62
       32768      131072        8.53        8.53        8.53       46.13       46.13       46.13
       65536      262144       18.04       18.04       18.04       43.59       43.59       43.59
      131072      524288       33.03       33.03       33.03       47.61       47.61       47.61
      262144     1048576       67.31       67.31       67.31       46.73       46.73       46.73
      524288     2097152      138.39      138.39      138.39       45.46       45.46       45.46
     1048576     4194304      315.26      315.26      315.26       39.91       39.91       39.91
     2097152     8388608      553.14      553.14      553.14       45.50       45.50       45.50
     4194304    16777216     1108.52     1108.52     1108.52       45.40       45.40       45.40
     8388608    33554432     2036.91     2036.91     2036.91       49.42       49.42       49.42
    16777216    67108864     2604.82     2604.82     2604.82       77.29       77.29       77.29
    33554432   134217728     9780.33     9780.33     9780.33       41.17       41.17       41.17
    67108864   268435456    25596.74    25596.74    25596.74       31.46       31.46       31.46
Total time: 42.27 ms
