Collective:             Reduce DT strided
Memory type:            host
Datatype:               float64
Reduction:              prod
Inplace:                N/A
Warmup:                 
  small                 100
  large                 20
Iterations:             
  small                 1000
  large                 200
Iteration mode:         isolated

       Count        Size                Time, us                       Bus Bandwidth, GB/s
                                 avg         min         max         avg         max         min
        1024        8192        1.71        1.71        1.71       43.19       43.19       43.19
        2048       16384        3.58        3.58        3.58       41.21       41.21       41.21
        4096       32768        7.25        7.25        7.25       40.67       40.67       40.67
        8192       65536        9.50        9.50        9.50       62.06       62.06       62.06
       16384      131072       18.58       18.58       18.58       63.49       63.49       63.49
       32768      262144       36.41       36.41       36.41       64.79       64.79       64.79
       65536      524288       72.95       72.95       72.95       64.68       64.68       64.68
      131072     1048576      151.49      151.49      151.49       62.30       62.30       62.30
      262144     2097152      321.43      321.43      321.43       58.72       58.72       58.72
      524288     4194304      630.46      630.46      630.46       59.87       59.87       59.87
     1048576     8388608     1281.45     1281.45     1281.45       58.92       58.92       58.92
     2097152    16777216     1681.98     1681.98     1681.98       89.77       89.77       89.77
     4194304    33554432     2584.26     2584.26     2584.26      116.86      116.86      116.86
     8388608    67108864     5221.37     5221.37     5221.37      115.67      115.67      115.67
    16777216   134217728    11614.66    11614.66    11614.66      104.00      104.00      104.00
    33554432   268435456    26969.17    26969.17    26969.17       89.58       89.58       89.58
    67108864   536870912    57093.94    57093.94    57093.94       84.63       84.63       84.63
Total time: 107.7 ms
