Collective:             Reduce DT
Memory type:            host
Datatype:               float32
Reduction:              min
Inplace:                N/A
Warmup:                 
  small                 100
  large                 20
Iterations:             
  small                 1000
  large                 200
Iteration mode:         isolated

       Count        Size                Time, us                       Bus Bandwidth, GB/s
                                 avg         min         max         avg         max         min
        1024        4096        0.27        0.27        0.27      136.03      136.03      136.03
        2048        8192        0.83        0.83        0.83       89.04       89.04       89.04
        4096       16384        1.86        1.86        1.86       79.19       79.19       79.19
        8192       32768        3.20        3.20        3.20       92.04       92.04       92.04
       16384       65536        4.87        4.87        4.87      121.24      121.24      121.24
       32768      131072        9.84        9.84        9.84      119.86      119.86      119.86
       65536      262144       19.29       19.29       19.29      122.31      122.31      122.31
      131072      524288       40.38       40.38       40.38      116.87      116.87      116.87
      262144     1048576       77.93       77.93       77.93      121.10      121.10      121.10
      524288     2097152      163.29      163.29      163.29      115.58      115.58      115.58
     1048576     4194304      329.23      329.23      329.23      114.66      114.66      114.66
     2097152     8388608      656.92      656.92      656.92      114.93      114.93      114.93
     4194304    16777216     1326.90     1326.90     1326.90      113.79      113.79      113.79
     8388608    33554432     2756.70     2756.70     2756.70      109.55      109.55      109.55
    16777216    67108864     5165.63     5165.63     5165.63      116.92      116.92      116.92
    33554432   134217728    11639.98    11639.98    11639.98      103.78      103.78      103.78
    67108864   268435456    27110.63    27110.63    27110.63       89.11       89.11       89.11
Total time: 49.3078 ms
