Collective:             Reduce DT
Memory type:            host
Datatype:               int32
Reduction:              max
Inplace:                N/A
Warmup:                 
  small                 100
  large                 20
Iterations:             
  small                 1000
  large                 200
Iteration mode:         isolated

       Count        Size                Time, us                       Bus Bandwidth, GB/s
                                 avg         min         max         avg         max         min
        1024        4096        1.28        1.28        1.28       28.73       28.73       28.73
        2048        8192        2.58        2.58        2.58       28.60       28.60       28.60
        4096       16384        5.08        5.08        5.08       29.02       29.02       29.02
        8192       32768       10.12       10.12       10.12       29.15       29.15       29.15
       16384       65536       21.19       21.19       21.19       27.84       27.84       27.84
       32768      131072       40.03       40.03       40.03       29.47       29.47       29.47
       65536      262144       79.96       79.96       79.96       29.51       29.51       29.51
      131072      524288      159.82      159.82      159.82       29.52       29.52       29.52
      262144     1048576      319.61      319.61      319.61       29.53       29.53       29.53
      524288     2097152      646.14      646.14      646.14       29.21       29.21       29.21
     1048576     4194304      990.10      990.10      990.10       38.13       38.13       38.13
     2097152     8388608     1347.35     1347.35     1347.35       56.03       56.03       56.03
     4194304    16777216     2697.19     2697.19     2697.19       55.98       55.98       55.98
     8388608    33554432     5430.98     5430.98     5430.98       55.61       55.61       55.61
    16777216    67108864    10898.65    10898.65    10898.65       55.42       55.42       55.42
    33554432   134217728    21850.62    21850.62    21850.62       55.28       55.28       55.28
    67108864   268435456    43483.86    43483.86    43483.86       55.56       55.56       55.56
Total time: 87.9845 ms
