Collective:             Reduce DT strided
Memory type:            host
Datatype:               int64
Reduction:              min
Inplace:                N/A
Warmup:                 
  small                 100
  large                 20
Iterations:             
  small                 1000
  large                 200
Iteration mode:         isolated

       Count        Size                Time, us                       Bus Bandwidth, GB/s
                                 avg         min         max         avg         max         min
        1024        8192        2.74        2.74        2.74       26.87       26.87       26.87
        2048       16384        5.30        5.30        5.30       27.83       27.83       27.83
        4096       32768       11.49       11.49       11.49       25.67       25.67       25.67
        8192       65536       19.78       19.78       19.78       29.83       29.83       29.83
       16384      131072       39.18       39.18       39.18       30.11       30.11       30.11
       32768      262144       78.40       78.40       78.40       30.09       30.09       30.09
       65536      524288      156.43      156.43      156.43       30.16       30.16       30.16
      131072     1048576      343.42      343.42      343.42       27.48       27.48       27.48
      262144     2097152      692.98      692.98      692.98       27.24       27.24       27.24
      524288     4194304     1363.08     1363.08     1363.08       27.69       27.69       27.69
     1048576     8388608     1453.86     1453.86     1453.86       51.93       51.93       51.93
     2097152    16777216     2852.40     2852.40     2852.40       52.94       52.94       52.94
     4194304    33554432     5753.64     5753.64     5753.64       52.49       52.49       52.49
     8388608    67108864    11506.50    11506.50    11506.50       52.49       52.49       52.49
    16777216   134217728    23150.69    23150.69    23150.69       52.18       52.18       52.18
    33554432   268435456    46314.89    46314.89    46314.89       52.16       52.16       52.16
    67108864   536870912    92268.15    92268.15    92268.15       52.37       52.37       52.37
Total time: 186.013 ms
