Collective:             Reduce DT strided
Memory type:            host
Datatype:               float32
Reduction:              prod
Inplace:                N/A
Warmup:                 
  small                 100
  large                 20
Iterations:             
  small                 1000
  large                 200
Iteration mode:         isolated

       Count        Size                Time, us                       Bus Bandwidth, GB/s
                                 avg         min         max         avg         max         min
        1024        4096        0.21        0.21        0.21       58.79       58.79       58.79
        2048        8192        0.38        0.38        0.38       64.34       64.34       64.34
        4096       16384        1.11        1.11        1.11       44.28       44.28       44.28
        8192       32768        2.12        2.12        2.12       46.28       46.28       46.28
       16384       65536        4.74        4.74        4.74       41.45       41.45       41.45
       32768      131072        8.46        8.46        8.46       46.47       46.47       46.47
       65536      262144       10.52       10.52       10.52       74.79       74.79       74.79
      131072      524288       32.98       32.98       32.98       47.69       47.69       47.69
      262144     1048576       58.11       58.11       58.11       54.13       54.13       54.13
      524288     2097152      138.63      138.63      138.63       45.38       45.38       45.38
     1048576     4194304      323.06      323.06      323.06       38.95       38.95       38.95
     2097152     8388608      525.44      525.44      525.44       47.89       47.89       47.89
     4194304    16777216      819.85      819.85      819.85       61.39       61.39       61.39
     8388608    33554432     1163.95     1163.95     1163.95       86.48       86.48       86.48
    16777216    67108864     2623.95     2623.95     2623.95       76.73       76.73       76.73
    33554432   134217728    10178.38    10178.38    10178.38       39.56       39.56       39.56
    67108864   268435456    26215.22    26215.22    26215.22       30.72       30.72       30.72
Total time: 42.1071 ms
