=== machine-spec: 2026-08-26T19:20:06Z slurm job 64238 node dgx-gaia-12 ===
Linux dgx-gaia-12 5.15.0-1093-nvidia #94-Ubuntu SMP Mon Nov 24 16:58:34 UTC 2025 x86_64 x86_64 x86_64 GNU/Linux
--- os-release
PRETTY_NAME="Ubuntu 22.04.4 LTS"
NAME="Ubuntu"
VERSION_ID="22.04"
--- nvidia-smi summary
Wed Aug 26 22:20:06 2026       
+-----------------------------------------------------------------------------------------+
| NVIDIA-SMI 580.95.05              Driver Version: 580.95.05      CUDA Version: 13.0     |
+-----------------------------------------+------------------------+----------------------+
| GPU  Name                 Persistence-M | Bus-Id          Disp.A | Volatile Uncorr. ECC |
| Fan  Temp   Perf          Pwr:Usage/Cap |           Memory-Usage | GPU-Util  Compute M. |
|                                         |                        |               MIG M. |
|=========================================+========================+======================|
|   0  NVIDIA H100 80GB HBM3          On  |   00000000:1B:00.0 Off |                    0 |
| N/A   26C    P0             69W /  700W |       0MiB /  81559MiB |      0%      Default |
|                                         |                        |             Disabled |
+-----------------------------------------+------------------------+----------------------+
|   1  NVIDIA H100 80GB HBM3          On  |   00000000:43:00.0 Off |                    0 |
| N/A   31C    P0             96W /  700W |       0MiB /  81559MiB |      0%      Default |
|                                         |                        |             Disabled |
+-----------------------------------------+------------------------+----------------------+
|   2  NVIDIA H100 80GB HBM3          On  |   00000000:52:00.0 Off |                    0 |
| N/A   31C    P0             69W /  700W |       0MiB /  81559MiB |      0%      Default |
|                                         |                        |             Disabled |
+-----------------------------------------+------------------------+----------------------+
|   3  NVIDIA H100 80GB HBM3          On  |   00000000:61:00.0 Off |                    0 |
| N/A   30C    P0             72W /  700W |       0MiB /  81559MiB |      0%      Default |
|                                         |                        |             Disabled |
+-----------------------------------------+------------------------+----------------------+
|   4  NVIDIA H100 80GB HBM3          On  |   00000000:9D:00.0 Off |                    0 |
| N/A   29C    P0             69W /  700W |       0MiB /  81559MiB |      0%      Default |
|                                         |                        |             Disabled |
+-----------------------------------------+------------------------+----------------------+
|   5  NVIDIA H100 80GB HBM3          On  |   00000000:C3:00.0 Off |                    0 |
| N/A   27C    P0             71W /  700W |       0MiB /  81559MiB |      0%      Default |
|                                         |                        |             Disabled |
+-----------------------------------------+------------------------+----------------------+
|   6  NVIDIA H100 80GB HBM3          On  |   00000000:D1:00.0 Off |                    0 |
| N/A   50C    P0             76W /  700W |       0MiB /  81559MiB |      0%      Default |
|                                         |                        |             Disabled |
+-----------------------------------------+------------------------+----------------------+
|   7  NVIDIA H100 80GB HBM3          On  |   00000000:DF:00.0 Off |                    0 |
| N/A   31C    P0             71W /  700W |       0MiB /  81559MiB |      0%      Default |
|                                         |                        |             Disabled |
+-----------------------------------------+------------------------+----------------------+

+-----------------------------------------------------------------------------------------+
| Processes:                                                                              |
|  GPU   GI   CI              PID   Type   Process name                        GPU Memory |
|        ID   ID                                                               Usage      |
|=========================================================================================|
|  No running processes found                                                             |
+-----------------------------------------------------------------------------------------+
--- nvidia-smi -q (GPU 0)

==============NVSMI LOG==============

Timestamp                                 : Wed Aug 26 22:20:07 2026
Driver Version                            : 580.95.05
CUDA Version                              : 13.0

Attached GPUs                             : 8
GPU 00000000:1B:00.0
    Product Name                          : NVIDIA H100 80GB HBM3
    Product Brand                         : NVIDIA
    Product Architecture                  : Hopper
    Display Mode                          : Requested functionality has been deprecated
    Display Attached                      : Yes
    Display Active                        : Disabled
    Persistence Mode                      : Enabled
    Addressing Mode                       : None
    MIG Mode
        Current                           : Disabled
        Pending                           : Disabled
    Accounting Mode                       : Enabled
    Accounting Mode Buffer Size           : 4000
    Driver Model
        Current                           : N/A
        Pending                           : N/A
    Serial Number                         : 1651424040358
    GPU UUID                              : GPU-0ac72209-7021-58a7-3e5b-4795c0f86689
    GPU PDI                               : 0x62b320d6a582daab
    Minor Number                          : 0
    VBIOS Version                         : 96.00.89.00.01
    MultiGPU Board                        : No
    Board ID                              : 0x1b00
    Board Part Number                     : 692-2G520-0200-000
    GPU Part Number                       : 2330-885-A1
    FRU Part Number                       : N/A
    Platform Info
        Chassis Serial Number             : N/A
        Slot Number                       : N/A
        Tray Index                        : N/A
        Host ID                           : N/A
        Peer Type                         : N/A
        Module Id                         : 8
        GPU Fabric GUID                   : N/A
    Inforom Version
        Image Version                     : G520.0200.00.05
        OEM Object                        : 2.1
        ECC Object                        : 7.16
        Power Management Object           : N/A
    Inforom BBX Object Flush
        Latest Timestamp                  : 2026/08/26 01:54:21.768
        Latest Duration                   : 100438 us
    GPU Operation Mode
        Current                           : N/A
        Pending                           : N/A
    GPU C2C Mode                          : Disabled
    GPU Virtualization Mode
        Virtualization Mode               : None
        Host VGPU Mode                    : N/A
        vGPU Heterogeneous Mode           : N/A
    GPU Recovery Action                   : None
    GSP Firmware Version                  : 580.95.05
    IBMNPU
        Relaxed Ordering Mode             : N/A
    PCI
        Bus                               : 0x1B
        Device                            : 0x00
        Domain                            : 0x0000
        Base Classcode                    : 0x3
        Sub Classcode                     : 0x2
        Device Id                         : 0x233010DE
        Bus Id                            : 00000000:1B:00.0
        Sub System Id                     : 0x16C110DE
        GPU Link Info
            PCIe Generation
                Max                       : 5
                Current                   : 5
                Device Current            : 5
                Device Max                : 5
                Host Max                  : 5
            Link Width
                Max                       : 16x
                Current                   : 16x
        Bridge Chip
            Type                          : N/A
            Firmware                      : N/A
        Replays Since Reset               : 0
        Replay Number Rollovers           : 0
        Tx Throughput                     : 585 KB/s
        Rx Throughput                     : 471 KB/s
        Atomic Caps Outbound              : FETCHADD_32 FETCHADD_64 SWAP_32 SWAP_64 CAS_32 CAS_64 
        Atomic Caps Inbound               : N/A
    Fan Speed                             : N/A
    Performance State                     : P0
    Clocks Event Reasons
        Idle                              : Active
        Applications Clocks Setting       : Not Active
        SW Power Cap                      : Not Active
        HW Slowdown                       : Not Active
            HW Thermal Slowdown           : Not Active
            HW Power Brake Slowdown       : Not Active
        Sync Boost                        : Not Active
        SW Thermal Slowdown               : Not Active
        Display Clock Setting             : Not Active
    Clocks Event Reasons Counters
        SW Power Capping                  : 2844713247 us
        Sync Boost                        : 0 us
        SW Thermal Slowdown               : 0 us
        HW Thermal Slowdown               : 0 us
        HW Power Braking                  : 0 us
    Sparse Operation Mode                 : Disabled
    FB Memory Usage
        Total                             : 81559 MiB
        Reserved                          : 480 MiB
        Used                              : 0 MiB
        Free                              : 81080 MiB
    BAR1 Memory Usage
        Total                             : 131072 MiB
        Used                              : 1 MiB
        Free                              : 131071 MiB
    Conf Compute Protected Memory Usage
        Total                             : 0 MiB
        Used                              : 0 MiB
        Free                              : 0 MiB
    Compute Mode                          : Default
    Utilization
        GPU                               : 0 %
        Memory                            : 0 %
        Encoder                           : 0 %
        Decoder                           : 0 %
        JPEG                              : 0 %
        OFA                               : 0 %
    Encoder Stats
        Active Sessions                   : 0
        Average FPS                       : 0
        Average Latency                   : 0
    FBC Stats
        Active Sessions                   : 0
        Average FPS                       : 0
        Average Latency                   : 0
    DRAM Encryption Mode
        Current                           : N/A
        Pending                           : N/A
    ECC Mode
        Current                           : Enabled
        Pending                           : Enabled
    ECC Errors
        Volatile
            SRAM Correctable              : 0
            SRAM Uncorrectable Parity     : 0
            SRAM Uncorrectable SEC-DED    : 0
            DRAM Correctable              : 0
            DRAM Uncorrectable            : 0
        Aggregate
            SRAM Correctable              : 0
            SRAM Uncorrectable Parity     : 0
            SRAM Uncorrectable SEC-DED    : 0
            DRAM Correctable              : 0
            DRAM Uncorrectable            : 0
            SRAM Threshold Exceeded       : No
        Aggregate Uncorrectable SRAM Sources
            SRAM L2                       : 0
            SRAM SM                       : 0
            SRAM Microcontroller          : 0
            SRAM PCIE                     : 0
            SRAM Other                    : 0
        Channel Repair Pending            : No
        TPC Repair Pending                : No
    Retired Pages
        Single Bit ECC                    : N/A
        Double Bit ECC                    : N/A
        Pending Page Blacklist            : N/A
    Remapped Rows
        Correctable Error                 : 0
        Uncorrectable Error               : 0
        Pending                           : No
        Remapping Failure Occurred        : No
        Bank Remap Availability Histogram
            Max                           : 2560 bank(s)
            High                          : 0 bank(s)
            Partial                       : 0 bank(s)
            Low                           : 0 bank(s)
            None                          : 0 bank(s)
    Temperature
        GPU Current Temp                  : 26 C
        GPU T.Limit Temp                  : 61 C
        GPU Shutdown T.Limit Temp         : -8 C
        GPU Slowdown T.Limit Temp         : -2 C
        GPU Max Operating T.Limit Temp    : 0 C
        GPU Target Temperature            : N/A
        Memory Current Temp               : 34 C
        Memory Max Operating T.Limit Temp : 0 C
    GPU Power Readings
        Average Power Draw                : 69.87 W
        Instantaneous Power Draw          : 69.83 W
        Current Power Limit               : 700.00 W
        Requested Power Limit             : 700.00 W
        Default Power Limit               : 700.00 W
        Min Power Limit                   : 200.00 W
        Max Power Limit                   : 700.00 W
    GPU Memory Power Readings 
        Average Power Draw                : 46.43 W
        Instantaneous Power Draw          : N/A
    Module Power Readings
        Average Power Draw                : N/A
        Instantaneous Power Draw          : N/A
        Current Power Limit               : N/A
        Requested Power Limit             : N/A
        Default Power Limit               : N/A
        Min Power Limit                   : N/A
        Max Power Limit                   : N/A
    Power Smoothing                       : N/A
    Workload Power Profiles
        Requested Profiles                : N/A
        Enforced Profiles                 : N/A
    Clocks
        Graphics                          : 345 MHz
        SM                                : 345 MHz
        Memory                            : 2619 MHz
        Video                             : 765 MHz
    Applications Clocks
        Graphics                          : 1980 MHz
        Memory                            : 2619 MHz
    Default Applications Clocks
        Graphics                          : 1980 MHz
        Memory                            : 2619 MHz
    Deferred Clocks
        Memory                            : N/A
    Max Clocks
        Graphics                          : 1980 MHz
        SM                                : 1980 MHz
        Memory                            : 2619 MHz
        Video                             : 1545 MHz
    Max Customer Boost Clocks
        Graphics                          : 1980 MHz
    Clock Policy
        Auto Boost                        : N/A
        Auto Boost Default                : N/A
    Fabric
        State                             : Completed
        Status                            : Success
        CliqueId                          : 0
        ClusterUUID                       : 00000000-0000-0000-0000-000000000000
        Health
            Summary                       : N/A
            Bandwidth                     : N/A
            Route Recovery in progress    : N/A
            Route Unhealthy               : N/A
            Access Timeout Recovery       : N/A
            Incorrect Configuration       : N/A
    Processes                             : None
    Capabilities
        EGM                               : disabled

--- nvidia-smi csv
index, name, driver_version, memory.total [MiB], compute_cap
0, NVIDIA H100 80GB HBM3, 580.95.05, 81559 MiB, 9.0
1, NVIDIA H100 80GB HBM3, 580.95.05, 81559 MiB, 9.0
2, NVIDIA H100 80GB HBM3, 580.95.05, 81559 MiB, 9.0
3, NVIDIA H100 80GB HBM3, 580.95.05, 81559 MiB, 9.0
4, NVIDIA H100 80GB HBM3, 580.95.05, 81559 MiB, 9.0
5, NVIDIA H100 80GB HBM3, 580.95.05, 81559 MiB, 9.0
6, NVIDIA H100 80GB HBM3, 580.95.05, 81559 MiB, 9.0
7, NVIDIA H100 80GB HBM3, 580.95.05, 81559 MiB, 9.0
--- nsys version
NVIDIA Nsight Systems version 2023.4.4.54-234433681190v0
--- nvcc version
/var/spool/slurm/d/job64238/slurm_script: line 30: nvcc: command not found
--- gcc
gcc (Ubuntu 11.4.0-1ubuntu1~22.04) 11.4.0
--- cpu
CPU(s):                                  224
Model name:                              Intel(R) Xeon(R) Platinum 8480C
Thread(s) per core:                      2
Core(s) per socket:                      56
Socket(s):                               2
NUMA node(s):                            2
NUMA node0 CPU(s):                       0-55,112-167
NUMA node1 CPU(s):                       56-111,168-223
--- memory
               total        used        free      shared  buff/cache   available
Mem:            2015          16        1817           0         180        1989
Swap:              0           0           0
--- perftest binary
-rwxr-xr-x 1 faderholdt dip 6412 Aug 26 21:18 /labhome/faderholdt/ucc-baseline-cuda/tools/perf/ucc_perftest
--- nsys environment
Timestamp counter supported: Yes

CPU Profiling Environment Check
Root privilege: disabled
Linux Kernel Paranoid Level = 4
Linux Distribution = Ubuntu
Linux Kernel Version = 5.15.0-1093-nvidia: OK
Linux perf_event_open syscall available: Fail
Sampling trigger event available: Fail
Intel(c) Last Branch Record support: Not Available
CPU Profiling Environment (process-tree): Fail
CPU Profiling Environment (system-wide): Fail

See the product documentation at https://docs.nvidia.com/nsight-systems for more information,
including information on how to set the Linux Kernel Paranoid Level.
