Rank    0       : dgx-gaia-12 - NVIDIA H100 80GB HBM3 0000:1B:00.0
Collective:             Allreduce
Memory type:            cuda
Datatype:               int32
Reduction:              max
Inplace:                0
Warmup:                 
  small                 100
  large                 20
Iterations:             
  small                 1000
  large                 200
Iteration mode:         isolated

       Count        Size                Time, us                       Bus Bandwidth, GB/s
                                 avg         min         max         avg         max         min
        1024        4096       11.07       11.07       11.07        0.00        0.00        0.00
        2048        8192       11.05       11.05       11.05        0.00        0.00        0.00
        4096       16384       11.20       11.20       11.20        0.00        0.00        0.00
        8192       32768       11.31       11.31       11.31        0.00        0.00        0.00
       16384       65536       11.45       11.45       11.45        0.00        0.00        0.00
       32768      131072       11.78       11.78       11.78        0.00        0.00        0.00
       65536      262144       11.84       11.84       11.84        0.00        0.00        0.00
      131072      524288       11.87       11.87       11.87        0.00        0.00        0.00
      262144     1048576       12.89       12.89       12.89        0.00        0.00        0.00
      524288     2097152       12.56       12.56       12.56        0.00        0.00        0.00
     1048576     4194304       14.53       14.53       14.53        0.00        0.00        0.00
     2097152     8388608       14.54       14.54       14.54        0.00        0.00        0.00
     4194304    16777216       18.82       18.82       18.82        0.00        0.00        0.00
     8388608    33554432       34.80       34.80       34.80        0.00        0.00        0.00
    16777216    67108864       56.90       56.90       56.90        0.00        0.00        0.00
    33554432   134217728      100.49      100.49      100.49        0.00        0.00        0.00
    67108864   268435456      194.48      194.48      194.48        0.00        0.00        0.00
Total time: 0.551561 ms
