Rank    0       : dgx-gaia-12 - NVIDIA H100 80GB HBM3 0000:1B:00.0
Collective:             Allreduce
Memory type:            cuda-managed
Datatype:               float32
Reduction:              min
Inplace:                0
Warmup:                 
  small                 100
  large                 20
Iterations:             
  small                 1000
  large                 200
Iteration mode:         isolated

       Count        Size                Time, us                       Bus Bandwidth, GB/s
                                 avg         min         max         avg         max         min
        1024        4096       12.45       12.45       12.45        0.00        0.00        0.00
        2048        8192       12.18       12.18       12.18        0.00        0.00        0.00
        4096       16384       12.16       12.16       12.16        0.00        0.00        0.00
        8192       32768       12.22       12.22       12.22        0.00        0.00        0.00
       16384       65536       10.96       10.96       10.96        0.00        0.00        0.00
       32768      131072       10.61       10.61       10.61        0.00        0.00        0.00
       65536      262144       10.42       10.42       10.42        0.00        0.00        0.00
      131072      524288       10.47       10.47       10.47        0.00        0.00        0.00
      262144     1048576       10.51       10.51       10.51        0.00        0.00        0.00
      524288     2097152       10.56       10.56       10.56        0.00        0.00        0.00
     1048576     4194304       11.40       11.40       11.40        0.00        0.00        0.00
     2097152     8388608       12.43       12.43       12.43        0.00        0.00        0.00
     4194304    16777216       16.80       16.80       16.80        0.00        0.00        0.00
     8388608    33554432       32.98       32.98       32.98        0.00        0.00        0.00
    16777216    67108864       54.83       54.83       54.83        0.00        0.00        0.00
    33554432   134217728       98.86       98.86       98.86        0.00        0.00        0.00
    67108864   268435456      186.73      186.73      186.73        0.00        0.00        0.00
Total time: 0.526546 ms
