Rank    0       : dgx-gaia-12 - NVIDIA H100 80GB HBM3 0000:1B:00.0
Collective:             Allreduce
Memory type:            cuda-managed
Datatype:               int64
Reduction:              prod
Inplace:                0
Warmup:                 
  small                 100
  large                 20
Iterations:             
  small                 1000
  large                 200
Iteration mode:         isolated

       Count        Size                Time, us                       Bus Bandwidth, GB/s
                                 avg         min         max         avg         max         min
        1024        8192        8.40        8.40        8.40        0.00        0.00        0.00
        2048       16384        8.38        8.38        8.38        0.00        0.00        0.00
        4096       32768        8.41        8.41        8.41        0.00        0.00        0.00
        8192       65536        8.40        8.40        8.40        0.00        0.00        0.00
       16384      131072        8.45        8.45        8.45        0.00        0.00        0.00
       32768      262144        8.45        8.45        8.45        0.00        0.00        0.00
       65536      524288        8.57        8.57        8.57        0.00        0.00        0.00
      131072     1048576        8.55        8.55        8.55        0.00        0.00        0.00
      262144     2097152        8.79        8.79        8.79        0.00        0.00        0.00
      524288     4194304        9.70        9.70        9.70        0.00        0.00        0.00
     1048576     8388608       10.91       10.91       10.91        0.00        0.00        0.00
     2097152    16777216       15.14       15.14       15.14        0.00        0.00        0.00
     4194304    33554432       31.62       31.62       31.62        0.00        0.00        0.00
     8388608    67108864       54.20       54.20       54.20        0.00        0.00        0.00
    16777216   134217728       98.22       98.22       98.22        0.00        0.00        0.00
    33554432   268435456      186.85      186.85      186.85        0.00        0.00        0.00
    67108864   536870912      367.35      367.35      367.35        0.00        0.00        0.00
Total time: 0.850419 ms
