Rank    0       : dgx-gaia-12 - NVIDIA H100 80GB HBM3 0000:1B:00.0
Collective:             Allreduce
Memory type:            cuda-managed
Datatype:               float32
Reduction:              max
Inplace:                0
Warmup:                 
  small                 100
  large                 20
Iterations:             
  small                 1000
  large                 200
Iteration mode:         isolated

       Count        Size                Time, us                       Bus Bandwidth, GB/s
                                 avg         min         max         avg         max         min
        1024        4096       10.86       10.86       10.86        0.00        0.00        0.00
        2048        8192       10.80       10.80       10.80        0.00        0.00        0.00
        4096       16384       10.97       10.97       10.97        0.00        0.00        0.00
        8192       32768       11.12       11.12       11.12        0.00        0.00        0.00
       16384       65536       11.26       11.26       11.26        0.00        0.00        0.00
       32768      131072       11.51       11.51       11.51        0.00        0.00        0.00
       65536      262144       11.72       11.72       11.72        0.00        0.00        0.00
      131072      524288       12.08       12.08       12.08        0.00        0.00        0.00
      262144     1048576       11.85       11.85       11.85        0.00        0.00        0.00
      524288     2097152       12.26       12.26       12.26        0.00        0.00        0.00
     1048576     4194304       13.12       13.12       13.12        0.00        0.00        0.00
     2097152     8388608       14.51       14.51       14.51        0.00        0.00        0.00
     4194304    16777216       18.96       18.96       18.96        0.00        0.00        0.00
     8388608    33554432       35.30       35.30       35.30        0.00        0.00        0.00
    16777216    67108864       57.47       57.47       57.47        0.00        0.00        0.00
    33554432   134217728      101.66      101.66      101.66        0.00        0.00        0.00
    67108864   268435456      188.24      188.24      188.24        0.00        0.00        0.00
Total time: 0.543673 ms
