Rank    0       : dgx-gaia-12 - NVIDIA H100 80GB HBM3 0000:1B:00.0
Collective:             Allreduce
Memory type:            cuda
Datatype:               float64
Reduction:              sum
Inplace:                0
Warmup:                 
  small                 100
  large                 20
Iterations:             
  small                 1000
  large                 200
Iteration mode:         isolated

       Count        Size                Time, us                       Bus Bandwidth, GB/s
                                 avg         min         max         avg         max         min
        1024        8192       10.34       10.34       10.34        0.00        0.00        0.00
        2048       16384       10.18       10.18       10.18        0.00        0.00        0.00
        4096       32768       10.24       10.24       10.24        0.00        0.00        0.00
        8192       65536       10.30       10.30       10.30        0.00        0.00        0.00
       16384      131072       10.36       10.36       10.36        0.00        0.00        0.00
       32768      262144       10.42       10.42       10.42        0.00        0.00        0.00
       65536      524288       10.62       10.62       10.62        0.00        0.00        0.00
      131072     1048576       15.12       15.12       15.12        0.00        0.00        0.00
      262144     2097152       10.88       10.88       10.88        0.00        0.00        0.00
      524288     4194304       11.85       11.85       11.85        0.00        0.00        0.00
     1048576     8388608       12.86       12.86       12.86        0.00        0.00        0.00
     2097152    16777216       17.20       17.20       17.20        0.00        0.00        0.00
     4194304    33554432       33.41       33.41       33.41        0.00        0.00        0.00
     8388608    67108864       55.53       55.53       55.53        0.00        0.00        0.00
    16777216   134217728       99.11       99.11       99.11        0.00        0.00        0.00
    33554432   268435456      187.21      187.21      187.21        0.00        0.00        0.00
    67108864   536870912      366.25      366.25      366.25        0.00        0.00        0.00
Total time: 0.881847 ms
