Rank    0       : dgx-gaia-12 - NVIDIA H100 80GB HBM3 0000:1B:00.0
Collective:             Allreduce
Memory type:            cuda
Datatype:               float64
Reduction:              prod
Inplace:                0
Warmup:                 
  small                 100
  large                 20
Iterations:             
  small                 1000
  large                 200
Iteration mode:         isolated

       Count        Size                Time, us                       Bus Bandwidth, GB/s
                                 avg         min         max         avg         max         min
        1024        8192       12.25       12.25       12.25        0.00        0.00        0.00
        2048       16384       12.01       12.01       12.01        0.00        0.00        0.00
        4096       32768       11.98       11.98       11.98        0.00        0.00        0.00
        8192       65536       11.99       11.99       11.99        0.00        0.00        0.00
       16384      131072       12.07       12.07       12.07        0.00        0.00        0.00
       32768      262144       12.03       12.03       12.03        0.00        0.00        0.00
       65536      524288       12.19       12.19       12.19        0.00        0.00        0.00
      131072     1048576       12.08       12.08       12.08        0.00        0.00        0.00
      262144     2097152       11.24       11.24       11.24        0.00        0.00        0.00
      524288     4194304       11.86       11.86       11.86        0.00        0.00        0.00
     1048576     8388608       13.06       13.06       13.06        0.00        0.00        0.00
     2097152    16777216       17.15       17.15       17.15        0.00        0.00        0.00
     4194304    33554432       33.41       33.41       33.41        0.00        0.00        0.00
     8388608    67108864       55.15       55.15       55.15        0.00        0.00        0.00
    16777216   134217728       98.45       98.45       98.45        0.00        0.00        0.00
    33554432   268435456      186.48      186.48      186.48        0.00        0.00        0.00
    67108864   536870912      371.50      371.50      371.50        0.00        0.00        0.00
Total time: 0.894904 ms
