Rank    0       : dgx-gaia-12 - NVIDIA H100 80GB HBM3 0000:1B:00.0
Collective:             Allreduce
Memory type:            cuda-managed
Datatype:               int64
Reduction:              max
Inplace:                0
Warmup:                 
  small                 100
  large                 20
Iterations:             
  small                 1000
  large                 200
Iteration mode:         isolated

       Count        Size                Time, us                       Bus Bandwidth, GB/s
                                 avg         min         max         avg         max         min
        1024        8192       11.21       11.21       11.21        0.00        0.00        0.00
        2048       16384       11.26       11.26       11.26        0.00        0.00        0.00
        4096       32768       11.46       11.46       11.46        0.00        0.00        0.00
        8192       65536       11.75       11.75       11.75        0.00        0.00        0.00
       16384      131072       12.07       12.07       12.07        0.00        0.00        0.00
       32768      262144       12.14       12.14       12.14        0.00        0.00        0.00
       65536      524288       12.27       12.27       12.27        0.00        0.00        0.00
      131072     1048576       12.37       12.37       12.37        0.00        0.00        0.00
      262144     2097152       12.47       12.47       12.47        0.00        0.00        0.00
      524288     4194304       13.42       13.42       13.42        0.00        0.00        0.00
     1048576     8388608       14.63       14.63       14.63        0.00        0.00        0.00
     2097152    16777216       19.02       19.02       19.02        0.00        0.00        0.00
     4194304    33554432       35.34       35.34       35.34        0.00        0.00        0.00
     8388608    67108864       57.49       57.49       57.49        0.00        0.00        0.00
    16777216   134217728      101.69      101.69      101.69        0.00        0.00        0.00
    33554432   268435456      187.91      187.91      187.91        0.00        0.00        0.00
    67108864   536870912      367.17      367.17      367.17        0.00        0.00        0.00
Total time: 0.903681 ms
