Rank    0       : dgx-gaia-12 - NVIDIA H100 80GB HBM3 0000:1B:00.0
Collective:             Allreduce
Memory type:            cuda
Datatype:               float32
Reduction:              max
Inplace:                0
Warmup:                 
  small                 100
  large                 20
Iterations:             
  small                 1000
  large                 200
Iteration mode:         isolated

       Count        Size                Time, us                       Bus Bandwidth, GB/s
                                 avg         min         max         avg         max         min
        1024        4096       12.94       12.94       12.94        0.00        0.00        0.00
        2048        8192       12.69       12.69       12.69        0.00        0.00        0.00
        4096       16384       12.38       12.38       12.38        0.00        0.00        0.00
        8192       32768       12.43       12.43       12.43        0.00        0.00        0.00
       16384       65536       12.70       12.70       12.70        0.00        0.00        0.00
       32768      131072       12.87       12.87       12.87        0.00        0.00        0.00
       65536      262144       12.81       12.81       12.81        0.00        0.00        0.00
      131072      524288       13.11       13.11       13.11        0.00        0.00        0.00
      262144     1048576       12.96       12.96       12.96        0.00        0.00        0.00
      524288     2097152       13.44       13.44       13.44        0.00        0.00        0.00
     1048576     4194304       14.29       14.29       14.29        0.00        0.00        0.00
     2097152     8388608       15.54       15.54       15.54        0.00        0.00        0.00
     4194304    16777216       19.86       19.86       19.86        0.00        0.00        0.00
     8388608    33554432       36.03       36.03       36.03        0.00        0.00        0.00
    16777216    67108864       58.00       58.00       58.00        0.00        0.00        0.00
    33554432   134217728      100.93      100.93      100.93        0.00        0.00        0.00
    67108864   268435456      189.60      189.60      189.60        0.00        0.00        0.00
Total time: 0.562615 ms
