Rank    0       : dgx-gaia-12 - NVIDIA H100 80GB HBM3 0000:1B:00.0
Collective:             Allreduce
Memory type:            cuda-managed
Datatype:               int64
Reduction:              min
Inplace:                0
Warmup:                 
  small                 100
  large                 20
Iterations:             
  small                 1000
  large                 200
Iteration mode:         isolated

       Count        Size                Time, us                       Bus Bandwidth, GB/s
                                 avg         min         max         avg         max         min
        1024        8192       12.20       12.20       12.20        0.00        0.00        0.00
        2048       16384       12.14       12.14       12.14        0.00        0.00        0.00
        4096       32768       12.19       12.19       12.19        0.00        0.00        0.00
        8192       65536       12.16       12.16       12.16        0.00        0.00        0.00
       16384      131072       12.28       12.28       12.28        0.00        0.00        0.00
       32768      262144       12.30       12.30       12.30        0.00        0.00        0.00
       65536      524288       12.31       12.31       12.31        0.00        0.00        0.00
      131072     1048576       12.30       12.30       12.30        0.00        0.00        0.00
      262144     2097152       12.55       12.55       12.55        0.00        0.00        0.00
      524288     4194304       13.31       13.31       13.31        0.00        0.00        0.00
     1048576     8388608       14.57       14.57       14.57        0.00        0.00        0.00
     2097152    16777216       18.86       18.86       18.86        0.00        0.00        0.00
     4194304    33554432       35.43       35.43       35.43        0.00        0.00        0.00
     8388608    67108864       57.42       57.42       57.42        0.00        0.00        0.00
    16777216   134217728      101.46      101.46      101.46        0.00        0.00        0.00
    33554432   268435456      190.48      190.48      190.48        0.00        0.00        0.00
    67108864   536870912      371.10      371.10      371.10        0.00        0.00        0.00
Total time: 0.913056 ms
