Rank    0       : dgx-gaia-12 - NVIDIA H100 80GB HBM3 0000:1B:00.0
Collective:             Allreduce
Memory type:            cuda-managed
Datatype:               int32
Reduction:              prod
Inplace:                0
Warmup:                 
  small                 100
  large                 20
Iterations:             
  small                 1000
  large                 200
Iteration mode:         isolated

       Count        Size                Time, us                       Bus Bandwidth, GB/s
                                 avg         min         max         avg         max         min
        1024        4096        9.96        9.96        9.96        0.00        0.00        0.00
        2048        8192        9.95        9.95        9.95        0.00        0.00        0.00
        4096       16384        9.97        9.97        9.97        0.00        0.00        0.00
        8192       32768        9.99        9.99        9.99        0.00        0.00        0.00
       16384       65536       10.00       10.00       10.00        0.00        0.00        0.00
       32768      131072       10.09       10.09       10.09        0.00        0.00        0.00
       65536      262144       10.06       10.06       10.06        0.00        0.00        0.00
      131072      524288       10.35       10.35       10.35        0.00        0.00        0.00
      262144     1048576       10.29       10.29       10.29        0.00        0.00        0.00
      524288     2097152       10.48       10.48       10.48        0.00        0.00        0.00
     1048576     4194304       11.22       11.22       11.22        0.00        0.00        0.00
     2097152     8388608       12.55       12.55       12.55        0.00        0.00        0.00
     4194304    16777216       16.91       16.91       16.91        0.00        0.00        0.00
     8388608    33554432       33.37       33.37       33.37        0.00        0.00        0.00
    16777216    67108864       55.59       55.59       55.59        0.00        0.00        0.00
    33554432   134217728       99.97       99.97       99.97        0.00        0.00        0.00
    67108864   268435456      188.86      188.86      188.86        0.00        0.00        0.00
Total time: 0.519622 ms
