Rank    0       : dgx-gaia-12 - NVIDIA H100 80GB HBM3 0000:1B:00.0
Collective:             Allreduce
Memory type:            cuda
Datatype:               int64
Reduction:              sum
Inplace:                0
Warmup:                 
  small                 100
  large                 20
Iterations:             
  small                 1000
  large                 200
Iteration mode:         isolated

       Count        Size                Time, us                       Bus Bandwidth, GB/s
                                 avg         min         max         avg         max         min
        1024        8192       11.24       11.24       11.24        0.00        0.00        0.00
        2048       16384       10.60       10.60       10.60        0.00        0.00        0.00
        4096       32768       10.28       10.28       10.28        0.00        0.00        0.00
        8192       65536       10.08       10.08       10.08        0.00        0.00        0.00
       16384      131072        9.93        9.93        9.93        0.00        0.00        0.00
       32768      262144        9.84        9.84        9.84        0.00        0.00        0.00
       65536      524288        9.85        9.85        9.85        0.00        0.00        0.00
      131072     1048576        9.79        9.79        9.79        0.00        0.00        0.00
      262144     2097152        9.98        9.98        9.98        0.00        0.00        0.00
      524288     4194304       11.05       11.05       11.05        0.00        0.00        0.00
     1048576     8388608       12.11       12.11       12.11        0.00        0.00        0.00
     2097152    16777216       16.12       16.12       16.12        0.00        0.00        0.00
     4194304    33554432       32.48       32.48       32.48        0.00        0.00        0.00
     8388608    67108864       54.38       54.38       54.38        0.00        0.00        0.00
    16777216   134217728       97.72       97.72       97.72        0.00        0.00        0.00
    33554432   268435456      185.54      185.54      185.54        0.00        0.00        0.00
    67108864   536870912      364.24      364.24      364.24        0.00        0.00        0.00
Total time: 0.865227 ms
