mpiexec -n 1 /labhome/faderholdt/ucc-baseline-cuda/tools/perf/ucc_perftest -c reduce -m cuda -d float32 -o sum -b 1K -e 64M -F
mpiexec -n 1 /labhome/faderholdt/ucc-baseline-cuda/tools/perf/ucc_perftest -c reduce -m cuda -d float32 -o prod -b 1K -e 64M -F
mpiexec -n 1 /labhome/faderholdt/ucc-baseline-cuda/tools/perf/ucc_perftest -c reduce -m cuda -d float32 -o min -b 1K -e 64M -F
mpiexec -n 1 /labhome/faderholdt/ucc-baseline-cuda/tools/perf/ucc_perftest -c reduce -m cuda -d float32 -o max -b 1K -e 64M -F
mpiexec -n 1 /labhome/faderholdt/ucc-baseline-cuda/tools/perf/ucc_perftest -c reduce -m cuda -d float64 -o sum -b 1K -e 64M -F
mpiexec -n 1 /labhome/faderholdt/ucc-baseline-cuda/tools/perf/ucc_perftest -c reduce -m cuda -d float64 -o prod -b 1K -e 64M -F
mpiexec -n 1 /labhome/faderholdt/ucc-baseline-cuda/tools/perf/ucc_perftest -c reduce -m cuda -d float64 -o min -b 1K -e 64M -F
mpiexec -n 1 /labhome/faderholdt/ucc-baseline-cuda/tools/perf/ucc_perftest -c reduce -m cuda -d float64 -o max -b 1K -e 64M -F
mpiexec -n 1 /labhome/faderholdt/ucc-baseline-cuda/tools/perf/ucc_perftest -c reduce -m cuda -d int32 -o sum -b 1K -e 64M -F
mpiexec -n 1 /labhome/faderholdt/ucc-baseline-cuda/tools/perf/ucc_perftest -c reduce -m cuda -d int32 -o prod -b 1K -e 64M -F
mpiexec -n 1 /labhome/faderholdt/ucc-baseline-cuda/tools/perf/ucc_perftest -c reduce -m cuda -d int32 -o min -b 1K -e 64M -F
mpiexec -n 1 /labhome/faderholdt/ucc-baseline-cuda/tools/perf/ucc_perftest -c reduce -m cuda -d int32 -o max -b 1K -e 64M -F
mpiexec -n 1 /labhome/faderholdt/ucc-baseline-cuda/tools/perf/ucc_perftest -c reduce -m cuda -d int64 -o sum -b 1K -e 64M -F
mpiexec -n 1 /labhome/faderholdt/ucc-baseline-cuda/tools/perf/ucc_perftest -c reduce -m cuda -d int64 -o prod -b 1K -e 64M -F
mpiexec -n 1 /labhome/faderholdt/ucc-baseline-cuda/tools/perf/ucc_perftest -c reduce -m cuda -d int64 -o min -b 1K -e 64M -F
mpiexec -n 1 /labhome/faderholdt/ucc-baseline-cuda/tools/perf/ucc_perftest -c reduce -m cuda -d int64 -o max -b 1K -e 64M -F
mpiexec -n 1 /labhome/faderholdt/ucc-baseline-cuda/tools/perf/ucc_perftest -c reduce -m cuda-mng -d float32 -o sum -b 1K -e 64M -F
mpiexec -n 1 /labhome/faderholdt/ucc-baseline-cuda/tools/perf/ucc_perftest -c reduce -m cuda-mng -d float32 -o prod -b 1K -e 64M -F
mpiexec -n 1 /labhome/faderholdt/ucc-baseline-cuda/tools/perf/ucc_perftest -c reduce -m cuda-mng -d float32 -o min -b 1K -e 64M -F
mpiexec -n 1 /labhome/faderholdt/ucc-baseline-cuda/tools/perf/ucc_perftest -c reduce -m cuda-mng -d float32 -o max -b 1K -e 64M -F
mpiexec -n 1 /labhome/faderholdt/ucc-baseline-cuda/tools/perf/ucc_perftest -c reduce -m cuda-mng -d float64 -o sum -b 1K -e 64M -F
mpiexec -n 1 /labhome/faderholdt/ucc-baseline-cuda/tools/perf/ucc_perftest -c reduce -m cuda-mng -d float64 -o prod -b 1K -e 64M -F
mpiexec -n 1 /labhome/faderholdt/ucc-baseline-cuda/tools/perf/ucc_perftest -c reduce -m cuda-mng -d float64 -o min -b 1K -e 64M -F
mpiexec -n 1 /labhome/faderholdt/ucc-baseline-cuda/tools/perf/ucc_perftest -c reduce -m cuda-mng -d float64 -o max -b 1K -e 64M -F
mpiexec -n 1 /labhome/faderholdt/ucc-baseline-cuda/tools/perf/ucc_perftest -c reduce -m cuda-mng -d int32 -o sum -b 1K -e 64M -F
mpiexec -n 1 /labhome/faderholdt/ucc-baseline-cuda/tools/perf/ucc_perftest -c reduce -m cuda-mng -d int32 -o prod -b 1K -e 64M -F
mpiexec -n 1 /labhome/faderholdt/ucc-baseline-cuda/tools/perf/ucc_perftest -c reduce -m cuda-mng -d int32 -o min -b 1K -e 64M -F
mpiexec -n 1 /labhome/faderholdt/ucc-baseline-cuda/tools/perf/ucc_perftest -c reduce -m cuda-mng -d int32 -o max -b 1K -e 64M -F
mpiexec -n 1 /labhome/faderholdt/ucc-baseline-cuda/tools/perf/ucc_perftest -c reduce -m cuda-mng -d int64 -o sum -b 1K -e 64M -F
mpiexec -n 1 /labhome/faderholdt/ucc-baseline-cuda/tools/perf/ucc_perftest -c reduce -m cuda-mng -d int64 -o prod -b 1K -e 64M -F
mpiexec -n 1 /labhome/faderholdt/ucc-baseline-cuda/tools/perf/ucc_perftest -c reduce -m cuda-mng -d int64 -o min -b 1K -e 64M -F
mpiexec -n 1 /labhome/faderholdt/ucc-baseline-cuda/tools/perf/ucc_perftest -c reduce -m cuda-mng -d int64 -o max -b 1K -e 64M -F
mpiexec -n 1 /labhome/faderholdt/ucc-baseline-cuda/tools/perf/ucc_perftest -c allreduce -m cuda -d float32 -o sum -b 1K -e 64M -F
mpiexec -n 1 /labhome/faderholdt/ucc-baseline-cuda/tools/perf/ucc_perftest -c allreduce -m cuda -d float32 -o prod -b 1K -e 64M -F
mpiexec -n 1 /labhome/faderholdt/ucc-baseline-cuda/tools/perf/ucc_perftest -c allreduce -m cuda -d float32 -o min -b 1K -e 64M -F
mpiexec -n 1 /labhome/faderholdt/ucc-baseline-cuda/tools/perf/ucc_perftest -c allreduce -m cuda -d float32 -o max -b 1K -e 64M -F
mpiexec -n 1 /labhome/faderholdt/ucc-baseline-cuda/tools/perf/ucc_perftest -c allreduce -m cuda -d float64 -o sum -b 1K -e 64M -F
mpiexec -n 1 /labhome/faderholdt/ucc-baseline-cuda/tools/perf/ucc_perftest -c allreduce -m cuda -d float64 -o prod -b 1K -e 64M -F
mpiexec -n 1 /labhome/faderholdt/ucc-baseline-cuda/tools/perf/ucc_perftest -c allreduce -m cuda -d float64 -o min -b 1K -e 64M -F
mpiexec -n 1 /labhome/faderholdt/ucc-baseline-cuda/tools/perf/ucc_perftest -c allreduce -m cuda -d float64 -o max -b 1K -e 64M -F
mpiexec -n 1 /labhome/faderholdt/ucc-baseline-cuda/tools/perf/ucc_perftest -c allreduce -m cuda -d int32 -o sum -b 1K -e 64M -F
mpiexec -n 1 /labhome/faderholdt/ucc-baseline-cuda/tools/perf/ucc_perftest -c allreduce -m cuda -d int32 -o prod -b 1K -e 64M -F
mpiexec -n 1 /labhome/faderholdt/ucc-baseline-cuda/tools/perf/ucc_perftest -c allreduce -m cuda -d int32 -o min -b 1K -e 64M -F
mpiexec -n 1 /labhome/faderholdt/ucc-baseline-cuda/tools/perf/ucc_perftest -c allreduce -m cuda -d int32 -o max -b 1K -e 64M -F
mpiexec -n 1 /labhome/faderholdt/ucc-baseline-cuda/tools/perf/ucc_perftest -c allreduce -m cuda -d int64 -o sum -b 1K -e 64M -F
mpiexec -n 1 /labhome/faderholdt/ucc-baseline-cuda/tools/perf/ucc_perftest -c allreduce -m cuda -d int64 -o prod -b 1K -e 64M -F
mpiexec -n 1 /labhome/faderholdt/ucc-baseline-cuda/tools/perf/ucc_perftest -c allreduce -m cuda -d int64 -o min -b 1K -e 64M -F
mpiexec -n 1 /labhome/faderholdt/ucc-baseline-cuda/tools/perf/ucc_perftest -c allreduce -m cuda -d int64 -o max -b 1K -e 64M -F
mpiexec -n 1 /labhome/faderholdt/ucc-baseline-cuda/tools/perf/ucc_perftest -c allreduce -m cuda-mng -d float32 -o sum -b 1K -e 64M -F
mpiexec -n 1 /labhome/faderholdt/ucc-baseline-cuda/tools/perf/ucc_perftest -c allreduce -m cuda-mng -d float32 -o prod -b 1K -e 64M -F
mpiexec -n 1 /labhome/faderholdt/ucc-baseline-cuda/tools/perf/ucc_perftest -c allreduce -m cuda-mng -d float32 -o min -b 1K -e 64M -F
mpiexec -n 1 /labhome/faderholdt/ucc-baseline-cuda/tools/perf/ucc_perftest -c allreduce -m cuda-mng -d float32 -o max -b 1K -e 64M -F
mpiexec -n 1 /labhome/faderholdt/ucc-baseline-cuda/tools/perf/ucc_perftest -c allreduce -m cuda-mng -d float64 -o sum -b 1K -e 64M -F
mpiexec -n 1 /labhome/faderholdt/ucc-baseline-cuda/tools/perf/ucc_perftest -c allreduce -m cuda-mng -d float64 -o prod -b 1K -e 64M -F
mpiexec -n 1 /labhome/faderholdt/ucc-baseline-cuda/tools/perf/ucc_perftest -c allreduce -m cuda-mng -d float64 -o min -b 1K -e 64M -F
mpiexec -n 1 /labhome/faderholdt/ucc-baseline-cuda/tools/perf/ucc_perftest -c allreduce -m cuda-mng -d float64 -o max -b 1K -e 64M -F
mpiexec -n 1 /labhome/faderholdt/ucc-baseline-cuda/tools/perf/ucc_perftest -c allreduce -m cuda-mng -d int32 -o sum -b 1K -e 64M -F
mpiexec -n 1 /labhome/faderholdt/ucc-baseline-cuda/tools/perf/ucc_perftest -c allreduce -m cuda-mng -d int32 -o prod -b 1K -e 64M -F
mpiexec -n 1 /labhome/faderholdt/ucc-baseline-cuda/tools/perf/ucc_perftest -c allreduce -m cuda-mng -d int32 -o min -b 1K -e 64M -F
mpiexec -n 1 /labhome/faderholdt/ucc-baseline-cuda/tools/perf/ucc_perftest -c allreduce -m cuda-mng -d int32 -o max -b 1K -e 64M -F
mpiexec -n 1 /labhome/faderholdt/ucc-baseline-cuda/tools/perf/ucc_perftest -c allreduce -m cuda-mng -d int64 -o sum -b 1K -e 64M -F
mpiexec -n 1 /labhome/faderholdt/ucc-baseline-cuda/tools/perf/ucc_perftest -c allreduce -m cuda-mng -d int64 -o prod -b 1K -e 64M -F
mpiexec -n 1 /labhome/faderholdt/ucc-baseline-cuda/tools/perf/ucc_perftest -c allreduce -m cuda-mng -d int64 -o min -b 1K -e 64M -F
mpiexec -n 1 /labhome/faderholdt/ucc-baseline-cuda/tools/perf/ucc_perftest -c allreduce -m cuda-mng -d int64 -o max -b 1K -e 64M -F
