=== hostname ===
dgx-gaia-12

=== lscpu ===
Architecture:                            x86_64
CPU op-mode(s):                          32-bit, 64-bit
Address sizes:                           52 bits physical, 57 bits virtual
Byte Order:                              Little Endian
CPU(s):                                  224
On-line CPU(s) list:                     0-223
Vendor ID:                               GenuineIntel
Model name:                              Intel(R) Xeon(R) Platinum 8480C
CPU family:                              6
Model:                                   143
Thread(s) per core:                      2
Core(s) per socket:                      56
Socket(s):                               2
Stepping:                                8
CPU max MHz:                             3800.0000
CPU min MHz:                             800.0000
BogoMIPS:                                4000.00
Flags:                                   fpu vme de pse tsc msr pae mce cx8 apic sep mtrr pge mca cmov pat pse36 clflush dts acpi mmx fxsr sse sse2 ss ht tm pbe syscall nx pdpe1gb rdtscp lm constant_tsc art arch_perfmon pebs bts rep_good nopl xtopology nonstop_tsc cpuid aperfmperf tsc_known_freq pni pclmulqdq dtes64 monitor ds_cpl vmx smx est tm2 ssse3 sdbg fma cx16 xtpr pdcm pcid dca sse4_1 sse4_2 x2apic movbe popcnt tsc_deadline_timer aes xsave avx f16c rdrand lahf_lm abm 3dnowprefetch cpuid_fault epb cat_l3 cat_l2 cdp_l3 invpcid_single intel_ppin cdp_l2 ssbd mba ibrs ibpb stibp ibrs_enhanced tpr_shadow vnmi flexpriority ept vpid ept_ad fsgsbase tsc_adjust bmi1 avx2 smep bmi2 erms invpcid cqm rdt_a avx512f avx512dq rdseed adx smap avx512ifma clflushopt clwb intel_pt avx512cd sha_ni avx512bw avx512vl xsaveopt xsavec xgetbv1 xsaves cqm_llc cqm_occup_llc cqm_mbm_total cqm_mbm_local split_lock_detect avx_vnni avx512_bf16 wbnoinvd dtherm ida arat pln pts hwp hwp_act_window hwp_epp hwp_pkg_req avx512vbmi umip pku ospke waitpkg avx512_vbmi2 gfni vaes vpclmulqdq avx512_vnni avx512_bitalg tme avx512_vpopcntdq la57 rdpid bus_lock_detect cldemote movdiri movdir64b enqcmd fsrm md_clear serialize tsxldtrk pconfig arch_lbr amx_bf16 avx512_fp16 amx_tile amx_int8 flush_l1d arch_capabilities ibpb_exit_to_user
Virtualization:                          VT-x
L1d cache:                               5.3 MiB (112 instances)
L1i cache:                               3.5 MiB (112 instances)
L2 cache:                                224 MiB (112 instances)
L3 cache:                                210 MiB (2 instances)
NUMA node(s):                            2
NUMA node0 CPU(s):                       0-55,112-167
NUMA node1 CPU(s):                       56-111,168-223
Vulnerability Gather data sampling:      Not affected
Vulnerability Indirect target selection: Not affected
Vulnerability Itlb multihit:             Not affected
Vulnerability L1tf:                      Not affected
Vulnerability Mds:                       Not affected
Vulnerability Meltdown:                  Not affected
Vulnerability Mmio stale data:           Not affected
Vulnerability Reg file data sampling:    Not affected
Vulnerability Retbleed:                  Not affected
Vulnerability Spec rstack overflow:      Not affected
Vulnerability Spec store bypass:         Mitigation; Speculative Store Bypass disabled via prctl and seccomp
Vulnerability Spectre v1:                Mitigation; usercopy/swapgs barriers and __user pointer sanitization
Vulnerability Spectre v2:                Mitigation; Enhanced / Automatic IBRS; IBPB conditional; PBRSB-eIBRS SW sequence; BHI BHI_DIS_S
Vulnerability Srbds:                     Not affected
Vulnerability Tsa:                       Not affected
Vulnerability Tsx async abort:           Not affected
Vulnerability Vmscape:                   Mitigation; IBPB before exit to userspace

=== free -g ===
               total        used        free      shared  buff/cache   available
Mem:            2015          17        1817           0         180        1989
Swap:              0           0           0

=== nvidia-smi -L ===
GPU 0: NVIDIA H100 80GB HBM3 (UUID: GPU-0ac72209-7021-58a7-3e5b-4795c0f86689)
GPU 1: NVIDIA H100 80GB HBM3 (UUID: GPU-db3b9cf5-2882-e263-3adb-3362cf985919)
GPU 2: NVIDIA H100 80GB HBM3 (UUID: GPU-64461e54-d7ac-99fb-c18c-2a7bf1cc8a76)
GPU 3: NVIDIA H100 80GB HBM3 (UUID: GPU-e25b2dec-18eb-e5d4-ec6b-babda913fe4a)
GPU 4: NVIDIA H100 80GB HBM3 (UUID: GPU-ba123dfd-6da4-5739-67bc-8b1b92d90af8)
GPU 5: NVIDIA H100 80GB HBM3 (UUID: GPU-04c1c43a-f6dc-8e86-96a9-d0b38c1bb34a)
GPU 6: NVIDIA H100 80GB HBM3 (UUID: GPU-4e5f9aa2-c0a7-9d14-fc62-2be019afaab3)
GPU 7: NVIDIA H100 80GB HBM3 (UUID: GPU-cea130ed-65b1-044d-d969-2fbd283df190)

=== driver version ===
580.95.05
580.95.05
580.95.05
580.95.05
580.95.05
580.95.05
580.95.05
580.95.05

=== nvidia-smi ===
Wed Aug 26 21:14:37 2026       
+-----------------------------------------------------------------------------------------+
| NVIDIA-SMI 580.95.05              Driver Version: 580.95.05      CUDA Version: 13.0     |
+-----------------------------------------+------------------------+----------------------+
| GPU  Name                 Persistence-M | Bus-Id          Disp.A | Volatile Uncorr. ECC |
| Fan  Temp   Perf          Pwr:Usage/Cap |           Memory-Usage | GPU-Util  Compute M. |
|                                         |                        |               MIG M. |
|=========================================+========================+======================|
|   0  NVIDIA H100 80GB HBM3          On  |   00000000:1B:00.0 Off |                    0 |
| N/A   26C    P0             70W /  700W |       0MiB /  81559MiB |      0%      Default |
|                                         |                        |             Disabled |
+-----------------------------------------+------------------------+----------------------+
|   1  NVIDIA H100 80GB HBM3          On  |   00000000:43:00.0 Off |                    0 |
| N/A   31C    P0             98W /  700W |       0MiB /  81559MiB |      0%      Default |
|                                         |                        |             Disabled |
+-----------------------------------------+------------------------+----------------------+
|   2  NVIDIA H100 80GB HBM3          On  |   00000000:52:00.0 Off |                    0 |
| N/A   31C    P0             69W /  700W |       0MiB /  81559MiB |      0%      Default |
|                                         |                        |             Disabled |
+-----------------------------------------+------------------------+----------------------+
|   3  NVIDIA H100 80GB HBM3          On  |   00000000:61:00.0 Off |                    0 |
| N/A   30C    P0             72W /  700W |       0MiB /  81559MiB |      0%      Default |
|                                         |                        |             Disabled |
+-----------------------------------------+------------------------+----------------------+
|   4  NVIDIA H100 80GB HBM3          On  |   00000000:9D:00.0 Off |                    0 |
| N/A   29C    P0             70W /  700W |       0MiB /  81559MiB |      0%      Default |
|                                         |                        |             Disabled |
+-----------------------------------------+------------------------+----------------------+
|   5  NVIDIA H100 80GB HBM3          On  |   00000000:C3:00.0 Off |                    0 |
| N/A   27C    P0             71W /  700W |       0MiB /  81559MiB |      0%      Default |
|                                         |                        |             Disabled |
+-----------------------------------------+------------------------+----------------------+
|   6  NVIDIA H100 80GB HBM3          On  |   00000000:D1:00.0 Off |                    0 |
| N/A   50C    P0             76W /  700W |       0MiB /  81559MiB |      0%      Default |
|                                         |                        |             Disabled |
+-----------------------------------------+------------------------+----------------------+
|   7  NVIDIA H100 80GB HBM3          On  |   00000000:DF:00.0 Off |                    0 |
| N/A   31C    P0             71W /  700W |       0MiB /  81559MiB |      0%      Default |
|                                         |                        |             Disabled |
+-----------------------------------------+------------------------+----------------------+

+-----------------------------------------------------------------------------------------+
| Processes:                                                                              |
|  GPU   GI   CI              PID   Type   Process name                        GPU Memory |
|        ID   ID                                                               Usage      |
|=========================================================================================|
|  No running processes found                                                             |
+-----------------------------------------------------------------------------------------+

=== MPI / CUDA toolchain ===
Unknown option: version
Usage:
nvcc: NVIDIA (R) Cuda compiler driver
Copyright (c) 2005-2024 NVIDIA Corporation
Built on Thu_Mar_28_02:18:24_PDT_2024
Cuda compilation tools, release 12.4, V12.4.131
Build cuda_12.4.r12.4/compiler.34097967_0

=== slurm ===
JobId=64232 JobName=ucc-baseline-559
