Rank    0       : dgx-gaia-12 - NVIDIA H100 80GB HBM3 0000:1B:00.0
Collective:             Reduce
Memory type:            cuda-managed
Datatype:               float32
Reduction:              min
Inplace:                0
Warmup:                 
  small                 100
  large                 20
Iterations:             
  small                 1000
  large                 200
Iteration mode:         isolated

       Count        Size                Time, us                       Bus Bandwidth, GB/s
                                 avg         min         max         avg         max         min
        1024        4096       10.58       10.58       10.58        0.39        0.39        0.39
        2048        8192       10.34       10.34       10.34        0.79        0.79        0.79
        4096       16384       10.21       10.21       10.21        1.61        1.61        1.61
        8192       32768        9.97        9.97        9.97        3.29        3.29        3.29
       16384       65536        9.84        9.84        9.84        6.66        6.66        6.66
       32768      131072        9.76        9.76        9.76       13.43       13.43       13.43
       65536      262144        9.79        9.79        9.79       26.78       26.78       26.78
      131072      524288        9.81        9.81        9.81       53.44       53.44       53.44
      262144     1048576        9.84        9.84        9.84      106.62      106.62      106.62
      524288     2097152        9.95        9.95        9.95      210.88      210.88      210.88
     1048576     4194304       10.57       10.57       10.57      396.81      396.81      396.81
     2097152     8388608       11.94       11.94       11.94      702.56      702.56      702.56
     4194304    16777216       16.16       16.16       16.16     1038.52     1038.52     1038.52
     8388608    33554432       32.44       32.44       32.44     1034.35     1034.35     1034.35
    16777216    67108864       54.27       54.27       54.27     1236.46     1236.46     1236.46
    33554432   134217728       98.42       98.42       98.42     1363.79     1363.79     1363.79
    67108864   268435456      186.68      186.68      186.68     1437.98     1437.98     1437.98
Total time: 0.510544 ms
