Rank    0       : dgx-gaia-12 - NVIDIA H100 80GB HBM3 0000:1B:00.0
Collective:             Reduce
Memory type:            cuda-managed
Datatype:               int64
Reduction:              sum
Inplace:                0
Warmup:                 
  small                 100
  large                 20
Iterations:             
  small                 1000
  large                 200
Iteration mode:         isolated

       Count        Size                Time, us                       Bus Bandwidth, GB/s
                                 avg         min         max         avg         max         min
        1024        8192        9.94        9.94        9.94        0.82        0.82        0.82
        2048       16384        9.96        9.96        9.96        1.64        1.64        1.64
        4096       32768       10.27       10.27       10.27        3.19        3.19        3.19
        8192       65536        9.97        9.97        9.97        6.58        6.58        6.58
       16384      131072        9.98        9.98        9.98       13.13       13.13       13.13
       32768      262144       10.05       10.05       10.05       26.09       26.09       26.09
       65536      524288       10.21       10.21       10.21       51.38       51.38       51.38
      131072     1048576       10.15       10.15       10.15      103.31      103.31      103.31
      262144     2097152       10.37       10.37       10.37      202.23      202.23      202.23
      524288     4194304       11.24       11.24       11.24      373.16      373.16      373.16
     1048576     8388608       12.48       12.48       12.48      672.16      672.16      672.16
     2097152    16777216       16.71       16.71       16.71     1003.72     1003.72     1003.72
     4194304    33554432       33.26       33.26       33.26     1008.85     1008.85     1008.85
     8388608    67108864       55.37       55.37       55.37     1212.01     1212.01     1212.01
    16777216   134217728       99.73       99.73       99.73     1345.74     1345.74     1345.74
    33554432   268435456      188.35      188.35      188.35     1425.16     1425.16     1425.16
    67108864   536870912      369.10      369.10      369.10     1454.56     1454.56     1454.56
Total time: 0.877142 ms
