Rank    0       : dgx-gaia-12 - NVIDIA H100 80GB HBM3 0000:1B:00.0
Collective:             Reduce
Memory type:            cuda-managed
Datatype:               int32
Reduction:              min
Inplace:                0
Warmup:                 
  small                 100
  large                 20
Iterations:             
  small                 1000
  large                 200
Iteration mode:         isolated

       Count        Size                Time, us                       Bus Bandwidth, GB/s
                                 avg         min         max         avg         max         min
        1024        4096       12.49       12.49       12.49        0.33        0.33        0.33
        2048        8192       12.09       12.09       12.09        0.68        0.68        0.68
        4096       16384       12.12       12.12       12.12        1.35        1.35        1.35
        8192       32768       12.11       12.11       12.11        2.71        2.71        2.71
       16384       65536       12.12       12.12       12.12        5.41        5.41        5.41
       32768      131072       12.21       12.21       12.21       10.73       10.73       10.73
       65536      262144       12.35       12.35       12.35       21.23       21.23       21.23
      131072      524288       12.48       12.48       12.48       41.99       41.99       41.99
      262144     1048576       12.19       12.19       12.19       86.05       86.05       86.05
      524288     2097152       12.49       12.49       12.49      167.91      167.91      167.91
     1048576     4194304       13.38       13.38       13.38      313.36      313.36      313.36
     2097152     8388608       14.51       14.51       14.51      578.13      578.13      578.13
     4194304    16777216       19.08       19.08       19.08      879.31      879.31      879.31
     8388608    33554432       35.20       35.20       35.20      953.12      953.12      953.12
    16777216    67108864       57.51       57.51       57.51     1166.91     1166.91     1166.91
    33554432   134217728      101.50      101.50      101.50     1322.34     1322.34     1322.34
    67108864   268435456      190.38      190.38      190.38     1410.00     1410.00     1410.00
Total time: 0.554204 ms
