Rank    0       : dgx-gaia-12 - NVIDIA H100 80GB HBM3 0000:1B:00.0
Collective:             Reduce
Memory type:            cuda
Datatype:               float32
Reduction:              prod
Inplace:                0
Warmup:                 
  small                 100
  large                 20
Iterations:             
  small                 1000
  large                 200
Iteration mode:         isolated

       Count        Size                Time, us                       Bus Bandwidth, GB/s
                                 avg         min         max         avg         max         min
        1024        4096       10.07       10.07       10.07        0.41        0.41        0.41
        2048        8192        9.72        9.72        9.72        0.84        0.84        0.84
        4096       16384        9.62        9.62        9.62        1.70        1.70        1.70
        8192       32768        9.49        9.49        9.49        3.45        3.45        3.45
       16384       65536        9.39        9.39        9.39        6.98        6.98        6.98
       32768      131072        9.32        9.32        9.32       14.07       14.07       14.07
       65536      262144        9.34        9.34        9.34       28.07       28.07       28.07
      131072      524288        9.47        9.47        9.47       55.36       55.36       55.36
      262144     1048576        9.53        9.53        9.53      110.09      110.09      110.09
      524288     2097152        9.38        9.38        9.38      223.58      223.58      223.58
     1048576     4194304       10.30       10.30       10.30      407.02      407.02      407.02
     2097152     8388608       11.52       11.52       11.52      728.49      728.49      728.49
     4194304    16777216       15.71       15.71       15.71     1067.93     1067.93     1067.93
     8388608    33554432       31.85       31.85       31.85     1053.51     1053.51     1053.51
    16777216    67108864       53.82       53.82       53.82     1246.91     1246.91     1246.91
    33554432   134217728       97.61       97.61       97.61     1374.97     1374.97     1374.97
    67108864   268435456      185.28      185.28      185.28     1448.85     1448.85     1448.85
Total time: 0.501425 ms
