Rank    0       : dgx-gaia-12 - NVIDIA H100 80GB HBM3 0000:1B:00.0
Collective:             Reduce
Memory type:            cuda
Datatype:               float64
Reduction:              max
Inplace:                0
Warmup:                 
  small                 100
  large                 20
Iterations:             
  small                 1000
  large                 200
Iteration mode:         isolated

       Count        Size                Time, us                       Bus Bandwidth, GB/s
                                 avg         min         max         avg         max         min
        1024        8192       12.12       12.12       12.12        0.68        0.68        0.68
        2048       16384       12.07       12.07       12.07        1.36        1.36        1.36
        4096       32768       14.43       14.43       14.43        2.27        2.27        2.27
        8192       65536       12.14       12.14       12.14        5.40        5.40        5.40
       16384      131072       12.16       12.16       12.16       10.78       10.78       10.78
       32768      262144       11.85       11.85       11.85       22.12       22.12       22.12
       65536      524288       10.77       10.77       10.77       48.70       48.70       48.70
      131072     1048576       10.86       10.86       10.86       96.55       96.55       96.55
      262144     2097152       10.94       10.94       10.94      191.78      191.78      191.78
      524288     4194304       11.96       11.96       11.96      350.55      350.55      350.55
     1048576     8388608       13.09       13.09       13.09      641.09      641.09      641.09
     2097152    16777216       17.08       17.08       17.08      982.27      982.27      982.27
     4194304    33554432       33.51       33.51       33.51     1001.33     1001.33     1001.33
     8388608    67108864       55.21       55.21       55.21     1215.52     1215.52     1215.52
    16777216   134217728       98.31       98.31       98.31     1365.18     1365.18     1365.18
    33554432   268435456      186.49      186.49      186.49     1439.45     1439.45     1439.45
    67108864   536870912      364.73      364.73      364.73     1471.97     1471.97     1471.97
Total time: 0.88772 ms
