Rank    0       : dgx-gaia-12 - NVIDIA H100 80GB HBM3 0000:1B:00.0
Collective:             Reduce
Memory type:            cuda
Datatype:               float32
Reduction:              max
Inplace:                0
Warmup:                 
  small                 100
  large                 20
Iterations:             
  small                 1000
  large                 200
Iteration mode:         isolated

       Count        Size                Time, us                       Bus Bandwidth, GB/s
                                 avg         min         max         avg         max         min
        1024        4096       10.41       10.41       10.41        0.39        0.39        0.39
        2048        8192       10.61       10.61       10.61        0.77        0.77        0.77
        4096       16384       10.60       10.60       10.60        1.55        1.55        1.55
        8192       32768       10.72       10.72       10.72        3.06        3.06        3.06
       16384       65536       10.83       10.83       10.83        6.05        6.05        6.05
       32768      131072       11.05       11.05       11.05       11.86       11.86       11.86
       65536      262144       11.00       11.00       11.00       23.83       23.83       23.83
      131072      524288       11.32       11.32       11.32       46.29       46.29       46.29
      262144     1048576       11.36       11.36       11.36       92.34       92.34       92.34
      524288     2097152       11.54       11.54       11.54      181.73      181.73      181.73
     1048576     4194304       12.44       12.44       12.44      337.16      337.16      337.16
     2097152     8388608       13.73       13.73       13.73      610.97      610.97      610.97
     4194304    16777216       18.35       18.35       18.35      914.29      914.29      914.29
     8388608    33554432       34.26       34.26       34.26      979.55      979.55      979.55
    16777216    67108864       56.50       56.50       56.50     1187.77     1187.77     1187.77
    33554432   134217728      100.31      100.31      100.31     1338.03     1338.03     1338.03
    67108864   268435456      188.82      188.82      188.82     1421.65     1421.65     1421.65
Total time: 0.533853 ms
