Rank    0       : dgx-gaia-12 - NVIDIA H100 80GB HBM3 0000:1B:00.0
Collective:             Reduce
Memory type:            cuda-managed
Datatype:               float32
Reduction:              sum
Inplace:                0
Warmup:                 
  small                 100
  large                 20
Iterations:             
  small                 1000
  large                 200
Iteration mode:         isolated

       Count        Size                Time, us                       Bus Bandwidth, GB/s
                                 avg         min         max         avg         max         min
        1024        4096       10.15       10.15       10.15        0.40        0.40        0.40
        2048        8192       10.21       10.21       10.21        0.80        0.80        0.80
        4096       16384       10.24       10.24       10.24        1.60        1.60        1.60
        8192       32768       10.31       10.31       10.31        3.18        3.18        3.18
       16384       65536       10.37       10.37       10.37        6.32        6.32        6.32
       32768      131072       10.41       10.41       10.41       12.59       12.59       12.59
       65536      262144       10.51       10.51       10.51       24.95       24.95       24.95
      131072      524288       10.56       10.56       10.56       49.62       49.62       49.62
      262144     1048576       10.47       10.47       10.47      100.10      100.10      100.10
      524288     2097152       10.71       10.71       10.71      195.90      195.90      195.90
     1048576     4194304       11.54       11.54       11.54      363.46      363.46      363.46
     2097152     8388608       12.94       12.94       12.94      648.27      648.27      648.27
     4194304    16777216       17.27       17.27       17.27      971.18      971.18      971.18
     8388608    33554432       33.58       33.58       33.58      999.39      999.39      999.39
    16777216    67108864       56.14       56.14       56.14     1195.38     1195.38     1195.38
    33554432   134217728      100.19      100.19      100.19     1339.63     1339.63     1339.63
    67108864   268435456      190.17      190.17      190.17     1411.56     1411.56     1411.56
Total time: 0.525771 ms
