Rank    0       : dgx-gaia-12 - NVIDIA H100 80GB HBM3 0000:1B:00.0
Collective:             Reduce
Memory type:            cuda
Datatype:               int32
Reduction:              sum
Inplace:                0
Warmup:                 
  small                 100
  large                 20
Iterations:             
  small                 1000
  large                 200
Iteration mode:         isolated

       Count        Size                Time, us                       Bus Bandwidth, GB/s
                                 avg         min         max         avg         max         min
        1024        4096       12.40       12.40       12.40        0.33        0.33        0.33
        2048        8192       12.10       12.10       12.10        0.68        0.68        0.68
        4096       16384       12.08       12.08       12.08        1.36        1.36        1.36
        8192       32768       12.10       12.10       12.10        2.71        2.71        2.71
       16384       65536       12.11       12.11       12.11        5.41        5.41        5.41
       32768      131072       12.18       12.18       12.18       10.76       10.76       10.76
       65536      262144       12.14       12.14       12.14       21.58       21.58       21.58
      131072      524288       12.29       12.29       12.29       42.64       42.64       42.64
      262144     1048576       12.27       12.27       12.27       85.46       85.46       85.46
      524288     2097152       12.43       12.43       12.43      168.72      168.72      168.72
     1048576     4194304       13.54       13.54       13.54      309.66      309.66      309.66
     2097152     8388608       14.61       14.61       14.61      574.17      574.17      574.17
     4194304    16777216       18.79       18.79       18.79      892.88      892.88      892.88
     8388608    33554432       34.94       34.94       34.94      960.48      960.48      960.48
    16777216    67108864       56.74       56.74       56.74     1182.74     1182.74     1182.74
    33554432   134217728      100.39      100.39      100.39     1337.03     1337.03     1337.03
    67108864   268435456      188.94      188.94      188.94     1420.78     1420.78     1420.78
Total time: 0.550057 ms
