Rank    0       : dgx-gaia-12 - NVIDIA H100 80GB HBM3 0000:1B:00.0
Collective:             Reduce
Memory type:            cuda
Datatype:               int64
Reduction:              min
Inplace:                0
Warmup:                 
  small                 100
  large                 20
Iterations:             
  small                 1000
  large                 200
Iteration mode:         isolated

       Count        Size                Time, us                       Bus Bandwidth, GB/s
                                 avg         min         max         avg         max         min
        1024        8192       13.43       13.43       13.43        0.61        0.61        0.61
        2048       16384       13.45       13.45       13.45        1.22        1.22        1.22
        4096       32768       13.41       13.41       13.41        2.44        2.44        2.44
        8192       65536       13.39       13.39       13.39        4.89        4.89        4.89
       16384      131072       13.46       13.46       13.46        9.74        9.74        9.74
       32768      262144       13.49       13.49       13.49       19.44       19.44       19.44
       65536      524288       13.71       13.71       13.71       38.26       38.26       38.26
      131072     1048576       13.46       13.46       13.46       77.93       77.93       77.93
      262144     2097152       13.87       13.87       13.87      151.26      151.26      151.26
      524288     4194304       14.63       14.63       14.63      286.59      286.59      286.59
     1048576     8388608       15.95       15.95       15.95      525.93      525.93      525.93
     2097152    16777216       20.29       20.29       20.29      826.87      826.87      826.87
     4194304    33554432       36.55       36.55       36.55      918.04      918.04      918.04
     8388608    67108864       58.23       58.23       58.23     1152.38     1152.38     1152.38
    16777216   134217728      100.94      100.94      100.94     1329.74     1329.74     1329.74
    33554432   268435456      189.82      189.82      189.82     1414.12     1414.12     1414.12
    67108864   536870912      368.50      368.50      368.50     1456.91     1456.91     1456.91
Total time: 0.926569 ms
