Rank    0       : dgx-gaia-12 - NVIDIA H100 80GB HBM3 0000:1B:00.0
Collective:             Reduce
Memory type:            cuda-managed
Datatype:               int64
Reduction:              max
Inplace:                0
Warmup:                 
  small                 100
  large                 20
Iterations:             
  small                 1000
  large                 200
Iteration mode:         isolated

       Count        Size                Time, us                       Bus Bandwidth, GB/s
                                 avg         min         max         avg         max         min
        1024        8192       10.44       10.44       10.44        0.79        0.79        0.79
        2048       16384       10.04       10.04       10.04        1.63        1.63        1.63
        4096       32768       10.08       10.08       10.08        3.25        3.25        3.25
        8192       65536       10.17       10.17       10.17        6.44        6.44        6.44
       16384      131072       10.28       10.28       10.28       12.75       12.75       12.75
       32768      262144       10.32       10.32       10.32       25.39       25.39       25.39
       65536      524288       10.51       10.51       10.51       49.88       49.88       49.88
      131072     1048576       10.52       10.52       10.52       99.67       99.67       99.67
      262144     2097152       10.74       10.74       10.74      195.27      195.27      195.27
      524288     4194304       11.66       11.66       11.66      359.72      359.72      359.72
     1048576     8388608       12.76       12.76       12.76      657.41      657.41      657.41
     2097152    16777216       17.08       17.08       17.08      982.27      982.27      982.27
     4194304    33554432       33.58       33.58       33.58      999.39      999.39      999.39
     8388608    67108864       55.86       55.86       55.86     1201.38     1201.38     1201.38
    16777216   134217728      100.02      100.02      100.02     1341.91     1341.91     1341.91
    33554432   268435456      189.34      189.34      189.34     1417.78     1417.78     1417.78
    67108864   536870912      370.86      370.86      370.86     1447.66     1447.66     1447.66
Total time: 0.884244 ms
