Rank    0       : dgx-gaia-12 - NVIDIA H100 80GB HBM3 0000:1B:00.0
Collective:             Reduce
Memory type:            cuda
Datatype:               float64
Reduction:              min
Inplace:                0
Warmup:                 
  small                 100
  large                 20
Iterations:             
  small                 1000
  large                 200
Iteration mode:         isolated

       Count        Size                Time, us                       Bus Bandwidth, GB/s
                                 avg         min         max         avg         max         min
        1024        8192       10.72       10.72       10.72        0.76        0.76        0.76
        2048       16384       10.76       10.76       10.76        1.52        1.52        1.52
        4096       32768       10.82       10.82       10.82        3.03        3.03        3.03
        8192       65536       10.94       10.94       10.94        5.99        5.99        5.99
       16384      131072       11.07       11.07       11.07       11.84       11.84       11.84
       32768      262144       11.10       11.10       11.10       23.62       23.62       23.62
       65536      524288       11.31       11.31       11.31       46.36       46.36       46.36
      131072     1048576       11.30       11.30       11.30       92.79       92.79       92.79
      262144     2097152       11.51       11.51       11.51      182.20      182.20      182.20
      524288     4194304       12.49       12.49       12.49      335.81      335.81      335.81
     1048576     8388608       13.70       13.70       13.70      612.31      612.31      612.31
     2097152    16777216       17.88       17.88       17.88      938.59      938.59      938.59
     4194304    33554432       34.27       34.27       34.27      979.26      979.26      979.26
     8388608    67108864       56.37       56.37       56.37     1190.51     1190.51     1190.51
    16777216   134217728       99.99       99.99       99.99     1342.31     1342.31     1342.31
    33554432   268435456      188.05      188.05      188.05     1427.47     1427.47     1427.47
    67108864   536870912      365.23      365.23      365.23     1469.95     1469.95     1469.95
Total time: 0.887489 ms
