Rank    0       : dgx-gaia-12 - NVIDIA H100 80GB HBM3 0000:1B:00.0
Collective:             Reduce
Memory type:            cuda-managed
Datatype:               float32
Reduction:              max
Inplace:                0
Warmup:                 
  small                 100
  large                 20
Iterations:             
  small                 1000
  large                 200
Iteration mode:         isolated

       Count        Size                Time, us                       Bus Bandwidth, GB/s
                                 avg         min         max         avg         max         min
        1024        4096        8.29        8.29        8.29        0.49        0.49        0.49
        2048        8192        8.32        8.32        8.32        0.98        0.98        0.98
        4096       16384        8.45        8.45        8.45        1.94        1.94        1.94
        8192       32768        8.30        8.30        8.30        3.95        3.95        3.95
       16384       65536        8.33        8.33        8.33        7.87        7.87        7.87
       32768      131072        8.39        8.39        8.39       15.62       15.62       15.62
       65536      262144        8.38        8.38        8.38       31.26       31.26       31.26
      131072      524288        8.54        8.54        8.54       61.39       61.39       61.39
      262144     1048576        8.51        8.51        8.51      123.29      123.29      123.29
      524288     2097152        9.12        9.12        9.12      229.82      229.82      229.82
     1048576     4194304        9.93        9.93        9.93      422.60      422.60      422.60
     2097152     8388608       11.24       11.24       11.24      746.32      746.32      746.32
     4194304    16777216       15.13       15.13       15.13     1108.50     1108.50     1108.50
     8388608    33554432       31.44       31.44       31.44     1067.25     1067.25     1067.25
    16777216    67108864       53.71       53.71       53.71     1249.47     1249.47     1249.47
    33554432   134217728       98.07       98.07       98.07     1368.59     1368.59     1368.59
    67108864   268435456      186.60      186.60      186.60     1438.52     1438.52     1438.52
Total time: 0.490761 ms
